Component: ARM Compiler 5.06 update 6 (build 750) Tool: armlink [4d35ed]

==============================================================================

Section Cross References

    startup_stm32f767xx.o(RESET) refers to startup_stm32f767xx.o(STACK) for __initial_sp
    startup_stm32f767xx.o(RESET) refers to startup_stm32f767xx.o(.text) for Reset_Handler
    startup_stm32f767xx.o(RESET) refers to stm32f7xx_it.o(i.NMI_Handler) for NMI_Handler
    startup_stm32f767xx.o(RESET) refers to stm32f7xx_it.o(i.HardFault_Handler) for HardFault_Handler
    startup_stm32f767xx.o(RESET) refers to stm32f7xx_it.o(i.MemManage_Handler) for MemManage_Handler
    startup_stm32f767xx.o(RESET) refers to stm32f7xx_it.o(i.BusFault_Handler) for BusFault_Handler
    startup_stm32f767xx.o(RESET) refers to stm32f7xx_it.o(i.UsageFault_Handler) for UsageFault_Handler
    startup_stm32f767xx.o(RESET) refers to stm32f7xx_it.o(i.SVC_Handler) for SVC_Handler
    startup_stm32f767xx.o(RESET) refers to stm32f7xx_it.o(i.DebugMon_Handler) for DebugMon_Handler
    startup_stm32f767xx.o(RESET) refers to stm32f7xx_it.o(i.PendSV_Handler) for PendSV_Handler
    startup_stm32f767xx.o(RESET) refers to stm32f7xx_it.o(i.SysTick_Handler) for SysTick_Handler
    startup_stm32f767xx.o(RESET) refers to stm32f7xx_it.o(i.TIM8_TRG_COM_TIM14_IRQHandler) for TIM8_TRG_COM_TIM14_IRQHandler
    startup_stm32f767xx.o(RESET) refers to stm32f7xx_it.o(i.OTG_FS_IRQHandler) for OTG_FS_IRQHandler
    startup_stm32f767xx.o(.text) refers to system_stm32f7xx.o(i.SystemInit) for SystemInit
    startup_stm32f767xx.o(.text) refers to entry.o(.ARM.Collect$$$$00000000) for __main
    main.o(i.MX_ADC1_Init) refers to stm32f7xx_hal_adc.o(i.HAL_ADC_Init) for HAL_ADC_Init
    main.o(i.MX_ADC1_Init) refers to stm32f7xx_hal_adc.o(i.HAL_ADC_ConfigChannel) for HAL_ADC_ConfigChannel
    main.o(i.MX_ADC1_Init) refers to main.o(.bss) for .bss
    main.o(i.MX_ETH_Init) refers to stm32f7xx_hal_eth.o(i.HAL_ETH_Init) for HAL_ETH_Init
    main.o(i.MX_ETH_Init) refers to main.o(.bss) for .bss
    main.o(i.MX_GPIO_Init) refers to memseta.o(.text) for __aeabi_memclr4
    main.o(i.MX_GPIO_Init) refers to stm32f7xx_hal_gpio.o(i.HAL_GPIO_WritePin) for HAL_GPIO_WritePin
    main.o(i.MX_GPIO_Init) refers to stm32f7xx_hal_gpio.o(i.HAL_GPIO_Init) for HAL_GPIO_Init
    main.o(i.MX_TIM3_Init) refers to memseta.o(.text) for __aeabi_memclr4
    main.o(i.MX_TIM3_Init) refers to stm32f7xx_hal_tim.o(i.HAL_TIM_Base_Init) for HAL_TIM_Base_Init
    main.o(i.MX_TIM3_Init) refers to stm32f7xx_hal_tim.o(i.HAL_TIM_ConfigClockSource) for HAL_TIM_ConfigClockSource
    main.o(i.MX_TIM3_Init) refers to stm32f7xx_hal_tim.o(i.HAL_TIM_PWM_Init) for HAL_TIM_PWM_Init
    main.o(i.MX_TIM3_Init) refers to stm32f7xx_hal_tim_ex.o(i.HAL_TIMEx_MasterConfigSynchronization) for HAL_TIMEx_MasterConfigSynchronization
    main.o(i.MX_TIM3_Init) refers to stm32f7xx_hal_tim.o(i.HAL_TIM_PWM_ConfigChannel) for HAL_TIM_PWM_ConfigChannel
    main.o(i.MX_TIM3_Init) refers to stm32f7xx_hal_msp.o(i.HAL_TIM_MspPostInit) for HAL_TIM_MspPostInit
    main.o(i.MX_TIM3_Init) refers to main.o(.bss) for .bss
    main.o(i.MX_USART3_UART_Init) refers to stm32f7xx_hal_uart.o(i.HAL_UART_Init) for HAL_UART_Init
    main.o(i.MX_USART3_UART_Init) refers to main.o(.bss) for .bss
    main.o(i.SystemClock_Config) refers to memseta.o(.text) for __aeabi_memclr4
    main.o(i.SystemClock_Config) refers to stm32f7xx_hal_pwr.o(i.HAL_PWR_EnableBkUpAccess) for HAL_PWR_EnableBkUpAccess
    main.o(i.SystemClock_Config) refers to stm32f7xx_hal_rcc.o(i.HAL_RCC_OscConfig) for HAL_RCC_OscConfig
    main.o(i.SystemClock_Config) refers to stm32f7xx_hal_rcc.o(i.HAL_RCC_ClockConfig) for HAL_RCC_ClockConfig
    main.o(i.SystemClock_Config) refers to stm32f7xx_hal_rcc_ex.o(i.HAL_RCCEx_PeriphCLKConfig) for HAL_RCCEx_PeriphCLKConfig
    main.o(i.main) refers to memseta.o(.text) for __aeabi_memclr4
    main.o(i.main) refers to stm32f7xx_hal.o(i.HAL_Init) for HAL_Init
    main.o(i.main) refers to main.o(i.SystemClock_Config) for SystemClock_Config
    main.o(i.main) refers to main.o(i.MX_GPIO_Init) for MX_GPIO_Init
    main.o(i.main) refers to main.o(i.MX_ETH_Init) for MX_ETH_Init
    main.o(i.main) refers to stm32f7xx_hal_tim.o(i.HAL_TIM_Base_Init) for HAL_TIM_Base_Init
    main.o(i.main) refers to main.o(i.MX_USART3_UART_Init) for MX_USART3_UART_Init
    main.o(i.main) refers to main.o(i.MX_ADC1_Init) for MX_ADC1_Init
    main.o(i.main) refers to main.o(i.MX_TIM3_Init) for MX_TIM3_Init
    main.o(i.main) refers to usb_device.o(i.MX_USB_DEVICE_Init) for MX_USB_DEVICE_Init
    main.o(i.main) refers to stm32f7xx_hal_tim.o(i.HAL_TIM_Base_Start_IT) for HAL_TIM_Base_Start_IT
    main.o(i.main) refers to stm32f7xx_hal_tim.o(i.HAL_TIM_PWM_Start) for HAL_TIM_PWM_Start
    main.o(i.main) refers to stm32f7xx_hal_tim.o(i.HAL_TIM_PWM_ConfigChannel) for HAL_TIM_PWM_ConfigChannel
    main.o(i.main) refers to stm32f7xx_hal_gpio.o(i.HAL_GPIO_WritePin) for HAL_GPIO_WritePin
[...]
    i.TIM_Base_SetConfig                     0x080031bc   Section        0  stm32f7xx_hal_tim.o(i.TIM_Base_SetConfig)
    i.TIM_CCxChannelCmd                      0x08003288   Section        0  stm32f7xx_hal_tim.o(i.TIM_CCxChannelCmd)
    i.TIM_ETR_SetConfig                      0x080032a2   Section        0  stm32f7xx_hal_tim.o(i.TIM_ETR_SetConfig)
    i.TIM_ITRx_SetConfig                     0x080032b4   Section        0  stm32f7xx_hal_tim.o(i.TIM_ITRx_SetConfig)
    TIM_ITRx_SetConfig                       0x080032b5   Thumb Code    16  stm32f7xx_hal_tim.o(i.TIM_ITRx_SetConfig)
    i.TIM_OC1_SetConfig                      0x080032c4   Section        0  stm32f7xx_hal_tim.o(i.TIM_OC1_SetConfig)
    TIM_OC1_SetConfig                        0x080032c5   Thumb Code   102  stm32f7xx_hal_tim.o(i.TIM_OC1_SetConfig)
    i.TIM_OC2_SetConfig                      0x08003338   Section        0  stm32f7xx_hal_tim.o(i.TIM_OC2_SetConfig)
    i.TIM_OC3_SetConfig                      0x080033b0   Section        0  stm32f7xx_hal_tim.o(i.TIM_OC3_SetConfig)
    TIM_OC3_SetConfig                        0x080033b1   Thumb Code   108  stm32f7xx_hal_tim.o(i.TIM_OC3_SetConfig)
    i.TIM_OC4_SetConfig                      0x08003428   Section        0  stm32f7xx_hal_tim.o(i.TIM_OC4_SetConfig)
    TIM_OC4_SetConfig                        0x08003429   Thumb Code    76  stm32f7xx_hal_tim.o(i.TIM_OC4_SetConfig)
    i.TIM_OC5_SetConfig                      0x08003480   Section        0  stm32f7xx_hal_tim.o(i.TIM_OC5_SetConfig)
    TIM_OC5_SetConfig                        0x08003481   Thumb Code    74  stm32f7xx_hal_tim.o(i.TIM_OC5_SetConfig)
    i.TIM_OC6_SetConfig                      0x080034d8   Section        0  stm32f7xx_hal_tim.o(i.TIM_OC6_SetConfig)
    TIM_OC6_SetConfig                        0x080034d9   Thumb Code    74  stm32f7xx_hal_tim.o(i.TIM_OC6_SetConfig)
    i.TIM_TI1_ConfigInputStage               0x08003530   Section        0  stm32f7xx_hal_tim.o(i.TIM_TI1_ConfigInputStage)
    TIM_TI1_ConfigInputStage                 0x08003531   Thumb Code    34  stm32f7xx_hal_tim.o(i.TIM_TI1_ConfigInputStage)
    i.TIM_TI2_ConfigInputStage               0x08003552   Section        0  stm32f7xx_hal_tim.o(i.TIM_TI2_ConfigInputStage)
    TIM_TI2_ConfigInputStage                 0x08003553   Thumb Code    36  stm32f7xx_hal_tim.o(i.TIM_TI2_ConfigInputStage)
    i.UART_AdvFeatureConfig                  0x08003576   Section        0  stm32f7xx_hal_uart.o(i.UART_AdvFeatureConfig)
    i.UART_CheckIdleState                    0x0800363e   Section        0  stm32f7xx_hal_uart.o(i.UART_CheckIdleState)
    i.UART_SetConfig                         0x0800367c   Section        0  stm32f7xx_hal_uart.o(i.UART_SetConfig)
    i.UART_WaitOnFlagUntilTimeout            0x080038d0   Section        0  stm32f7xx_hal_uart.o(i.UART_WaitOnFlagUntilTimeout)
    i.USBD_CDC_DataIn                        0x08003930   Section        0  usbd_cdc.o(i.USBD_CDC_DataIn)
    USBD_CDC_DataIn                          0x08003931   Thumb Code    74  usbd_cdc.o(i.USBD_CDC_DataIn)
    i.USBD_CDC_DataOut                       0x0800397a   Section        0  usbd_cdc.o(i.USBD_CDC_DataOut)
    USBD_CDC_DataOut                         0x0800397b   Thumb Code    46  usbd_cdc.o(i.USBD_CDC_DataOut)
    i.USBD_CDC_DeInit                        0x080039a8   Section        0  usbd_cdc.o(i.USBD_CDC_DeInit)
    USBD_CDC_DeInit                          0x080039a9   Thumb Code    68  usbd_cdc.o(i.USBD_CDC_DeInit)
    i.USBD_CDC_EP0_RxReady                   0x080039ec   Section        0  usbd_cdc.o(i.USBD_CDC_EP0_RxReady)
    USBD_CDC_EP0_RxReady                     0x080039ed   Thumb Code    36  usbd_cdc.o(i.USBD_CDC_EP0_RxReady)
    i.USBD_CDC_GetDeviceQualifierDescriptor  0x08003a10   Section        0  usbd_cdc.o(i.USBD_CDC_GetDeviceQualifierDescriptor)
    i.USBD_CDC_GetFSCfgDesc                  0x08003a1c   Section        0  usbd_cdc.o(i.USBD_CDC_GetFSCfgDesc)
    USBD_CDC_GetFSCfgDesc                    0x08003a1d   Thumb Code     8  usbd_cdc.o(i.USBD_CDC_GetFSCfgDesc)
    i.USBD_CDC_GetHSCfgDesc                  0x08003a28   Section        0  usbd_cdc.o(i.USBD_CDC_GetHSCfgDesc)
    USBD_CDC_GetHSCfgDesc                    0x08003a29   Thumb Code     8  usbd_cdc.o(i.USBD_CDC_GetHSCfgDesc)
    i.USBD_CDC_GetOtherSpeedCfgDesc          0x08003a34   Section        0  usbd_cdc.o(i.USBD_CDC_GetOtherSpeedCfgDesc)
    USBD_CDC_GetOtherSpeedCfgDesc            0x08003a35   Thumb Code     8  usbd_cdc.o(i.USBD_CDC_GetOtherSpeedCfgDesc)
    i.USBD_CDC_Init                          0x08003a40   Section        0  usbd_cdc.o(i.USBD_CDC_Init)
    USBD_CDC_Init                            0x08003a41   Thumb Code   148  usbd_cdc.o(i.USBD_CDC_Init)
    i.USBD_CDC_ReceivePacket                 0x08003ad4   Section        0  usbd_cdc.o(i.USBD_CDC_ReceivePacket)
    i.USBD_CDC_RegisterInterface             0x08003afc   Section        0  usbd_cdc.o(i.USBD_CDC_RegisterInterface)
    i.USBD_CDC_SetRxBuffer                   0x08003b10   Section        0  usbd_cdc.o(i.USBD_CDC_SetRxBuffer)
    i.USBD_CDC_SetTxBuffer                   0x08003b1c   Section        0  usbd_cdc.o(i.USBD_CDC_SetTxBuffer)
    i.USBD_CDC_Setup                         0x08003b2c   Section        0  usbd_cdc.o(i.USBD_CDC_Setup)
    USBD_CDC_Setup                           0x08003b2d   Thumb Code   174  usbd_cdc.o(i.USBD_CDC_Setup)
    i.USBD_CDC_TransmitPacket                0x08003bda   Section        0  usbd_cdc.o(i.USBD_CDC_TransmitPacket)
    i.USBD_ClrClassConfig                    0x08003c10   Section        0  usbd_core.o(i.USBD_ClrClassConfig)
    i.USBD_CtlContinueRx                     0x08003c1e   Section        0  usbd_ioreq.o(i.USBD_CtlContinueRx)
    i.USBD_CtlContinueSendData               0x08003c2e   Section        0  usbd_ioreq.o(i.USBD_CtlContinueSendData)
    i.USBD_CtlError                          0x08003c3e   Section        0  usbd_ctlreq.o(i.USBD_CtlError)
    i.USBD_CtlPrepareRx                      0x08003c54   Section        0  usbd_ioreq.o(i.USBD_CtlPrepareRx)
    i.USBD_CtlReceiveStatus                  0x08003c72   Section        0  usbd_ioreq.o(i.USBD_CtlReceiveStatus)
    i.USBD_CtlSendData                       0x08003c88   Section        0  usbd_ioreq.o(i.USBD_CtlSendData)
    i.USBD_CtlSendStatus                     0x08003ca2   Section        0  usbd_ioreq.o(i.USBD_CtlSendStatus)
    i.USBD_FS_ConfigStrDescriptor            0x08003cb8   Section        0  usbd_desc.o(i.USBD_FS_ConfigStrDescriptor)
    i.USBD_FS_DeviceDescriptor               0x08003cd8   Section        0  usbd_desc.o(i.USBD_FS_DeviceDescriptor)
    i.USBD_FS_InterfaceStrDescriptor         0x08003ce4   Section        0  usbd_desc.o(i.USBD_FS_InterfaceStrDescriptor)
    i.USBD_FS_LangIDStrDescriptor            0x08003d08   Section        0  usbd_desc.o(i.USBD_FS_LangIDStrDescriptor)
    i.USBD_FS_ManufacturerStrDescriptor      0x08003d14   Section        0  usbd_desc.o(i.USBD_FS_ManufacturerStrDescriptor)
    i.USBD_FS_ProductStrDescriptor           0x08003d3c   Section        0  usbd_desc.o(i.USBD_FS_ProductStrDescriptor)
    i.USBD_FS_SerialStrDescriptor            0x08003d68   Section        0  usbd_desc.o(i.USBD_FS_SerialStrDescriptor)
    i.USBD_FS_USR_BOSDescriptor              0x08003da4   Section        0  usbd_desc.o(i.USBD_FS_USR_BOSDescriptor)
    i.USBD_GetDescriptor                     0x08003db0   Section        0  usbd_ctlreq.o(i.USBD_GetDescriptor)
    USBD_GetDescriptor                       0x08003db1   Thumb Code   254  usbd_ctlreq.o(i.USBD_GetDescriptor)
    i.USBD_GetString                         0x08003eae   Section        0  usbd_ctlreq.o(i.USBD_GetString)
    i.USBD_Get_USB_Status                    0x08003ef8   Section        0  usbd_conf.o(i.USBD_Get_USB_Status)
    i.USBD_Init                              0x08003f10   Section        0  usbd_core.o(i.USBD_Init)
    i.USBD_LL_ClearStallEP                   0x08003f3a   Section        0  usbd_conf.o(i.USBD_LL_ClearStallEP)
    i.USBD_LL_CloseEP                        0x08003f4c   Section        0  usbd_conf.o(i.USBD_LL_CloseEP)
    i.USBD_LL_DataInStage                    0x08003f5e   Section        0  usbd_core.o(i.USBD_LL_DataInStage)
    i.USBD_LL_DataOutStage                   0x08004020   Section        0  usbd_core.o(i.USBD_LL_DataOutStage)
    i.USBD_LL_DevConnected                   0x080040a2   Section        0  usbd_core.o(i.USBD_LL_DevConnected)
    i.USBD_LL_DevDisconnected                0x080040a6   Section        0  usbd_core.o(i.USBD_LL_DevDisconnected)
    i.USBD_LL_GetRxDataSize                  0x080040bc   Section        0  usbd_conf.o(i.USBD_LL_GetRxDataSize)
    i.USBD_LL_Init                           0x080040c4   Section        0  usbd_conf.o(i.USBD_LL_Init)
    i.USBD_LL_IsStallEP                      0x08004124   Section        0  usbd_conf.o(i.USBD_LL_IsStallEP)
    i.USBD_LL_IsoINIncomplete                0x08004144   Section        0  usbd_core.o(i.USBD_LL_IsoINIncomplete)
    i.USBD_LL_IsoOUTIncomplete               0x08004148   Section        0  usbd_core.o(i.USBD_LL_IsoOUTIncomplete)
    i.USBD_LL_OpenEP                         0x0800414c   Section        0  usbd_conf.o(i.USBD_LL_OpenEP)
    i.USBD_LL_PrepareReceive                 0x08004164   Section        0  usbd_conf.o(i.USBD_LL_PrepareReceive)
    i.USBD_LL_Reset                          0x08004176   Section        0  usbd_core.o(i.USBD_LL_Reset)
    i.USBD_LL_Resume                         0x080041c6   Section        0  usbd_core.o(i.USBD_LL_Resume)
    i.USBD_LL_SOF                            0x080041d2   Section        0  usbd_core.o(i.USBD_LL_SOF)
    i.USBD_LL_SetSpeed                       0x080041ea   Section        0  usbd_core.o(i.USBD_LL_SetSpeed)
    i.USBD_LL_SetUSBAddress                  0x080041f0   Section        0  usbd_conf.o(i.USBD_LL_SetUSBAddress)
    i.USBD_LL_SetupStage                     0x08004202   Section        0  usbd_core.o(i.USBD_LL_SetupStage)
    i.USBD_LL_StallEP                        0x08004258   Section        0  usbd_conf.o(i.USBD_LL_StallEP)
    i.USBD_LL_Start                          0x0800426a   Section        0  usbd_conf.o(i.USBD_LL_Start)
    i.USBD_LL_Suspend                        0x0800427c   Section        0  usbd_core.o(i.USBD_LL_Suspend)
    i.USBD_LL_Transmit                       0x0800428e   Section        0  usbd_conf.o(i.USBD_LL_Transmit)
    i.USBD_ParseSetupRequest                 0x080042a0   Section        0  usbd_ctlreq.o(i.USBD_ParseSetupRequest)
    i.USBD_RegisterClass                     0x080042c8   Section        0  usbd_core.o(i.USBD_RegisterClass)
    i.USBD_SetClassConfig                    0x080042da   Section        0  usbd_core.o(i.USBD_SetClassConfig)
    i.USBD_SetConfig                         0x080042f0   Section        0  usbd_ctlreq.o(i.USBD_SetConfig)
    USBD_SetConfig                           0x080042f1   Thumb Code   130  usbd_ctlreq.o(i.USBD_SetConfig)
    i.USBD_Start                             0x08004378   Section        0  usbd_core.o(i.USBD_Start)
    i.USBD_StdDevReq                         0x08004382   Section        0  usbd_ctlreq.o(i.USBD_StdDevReq)
    i.USBD_StdEPReq                          0x08004496   Section        0  usbd_ctlreq.o(i.USBD_StdEPReq)
    i.USBD_StdItfReq                         0x080045e6   Section        0  usbd_ctlreq.o(i.USBD_StdItfReq)
    i.USB_ActivateEndpoint                   0x08004634   Section        0  stm32f7xx_ll_usb.o(i.USB_ActivateEndpoint)
    i.USB_ActivateSetup                      0x080046b4   Section        0  stm32f7xx_ll_usb.o(i.USB_ActivateSetup)
    i.USB_CoreInit                           0x080046e8   Section        0  stm32f7xx_ll_usb.o(i.USB_CoreInit)
    i.USB_CoreReset                          0x08004754   Section        0  stm32f7xx_ll_usb.o(i.USB_CoreReset)
    USB_CoreReset                            0x08004755   Thumb Code    50  stm32f7xx_ll_usb.o(i.USB_CoreReset)
    i.USB_DeactivateEndpoint                 0x0800478c   Section        0  stm32f7xx_ll_usb.o(i.USB_DeactivateEndpoint)
    i.USB_DevConnect                         0x0800480c   Section        0  stm32f7xx_ll_usb.o(i.USB_DevConnect)
    i.USB_DevDisconnect                      0x08004824   Section        0  stm32f7xx_ll_usb.o(i.USB_DevDisconnect)
    i.USB_DevInit                            0x0800483c   Section        0  stm32f7xx_ll_usb.o(i.USB_DevInit)
    i.USB_DisableGlobalInt                   0x080049d0   Section        0  stm32f7xx_ll_usb.o(i.USB_DisableGlobalInt)
    i.USB_EP0StartXfer                       0x080049dc   Section        0  stm32f7xx_ll_usb.o(i.USB_EP0StartXfer)
    i.USB_EP0_OutStart                       0x08004aec   Section        0  stm32f7xx_ll_usb.o(i.USB_EP0_OutStart)
    i.USB_EPClearStall                       0x08004b44   Section        0  stm32f7xx_ll_usb.o(i.USB_EPClearStall)
    i.USB_EPSetStall                         0x08004b9c   Section        0  stm32f7xx_ll_usb.o(i.USB_EPSetStall)
    i.USB_EPStartXfer                        0x08004bf4   Section        0  stm32f7xx_ll_usb.o(i.USB_EPStartXfer)
    i.USB_EnableGlobalInt                    0x08004dbc   Section        0  stm32f7xx_ll_usb.o(i.USB_EnableGlobalInt)
    i.USB_FlushRxFifo                        0x08004dc8   Section        0  stm32f7xx_ll_usb.o(i.USB_FlushRxFifo)
    i.USB_FlushTxFifo                        0x08004de8   Section        0  stm32f7xx_ll_usb.o(i.USB_FlushTxFifo)
    i.USB_GetDevSpeed                        0x08004e0c   Section        0  stm32f7xx_ll_usb.o(i.USB_GetDevSpeed)
    i.USB_GetMode                            0x08004e26   Section        0  stm32f7xx_ll_usb.o(i.USB_GetMode)
    i.USB_ReadDevAllInEpInterrupt            0x08004e2e   Section        0  stm32f7xx_ll_usb.o(i.USB_ReadDevAllInEpInterrupt)
    i.USB_ReadDevAllOutEpInterrupt           0x08004e3c   Section        0  stm32f7xx_ll_usb.o(i.USB_ReadDevAllOutEpInterrupt)
    i.USB_ReadDevInEPInterrupt               0x08004e4a   Section        0  stm32f7xx_ll_usb.o(i.USB_ReadDevInEPInterrupt)
    i.USB_ReadDevOutEPInterrupt              0x08004e6e   Section        0  stm32f7xx_ll_usb.o(i.USB_ReadDevOutEPInterrupt)
    i.USB_ReadInterrupts                     0x08004e7e   Section        0  stm32f7xx_ll_usb.o(i.USB_ReadInterrupts)
    i.USB_ReadPacket                         0x08004e86   Section        0  stm32f7xx_ll_usb.o(i.USB_ReadPacket)
    i.USB_SetCurrentMode                     0x08004ea2   Section        0  stm32f7xx_ll_usb.o(i.USB_SetCurrentMode)
    i.USB_SetDevAddress                      0x08004ed0   Section        0  stm32f7xx_ll_usb.o(i.USB_SetDevAddress)
    i.USB_SetTurnaroundTime                  0x08004ef4   Section        0  stm32f7xx_ll_usb.o(i.USB_SetTurnaroundTime)
    i.USB_WritePacket                        0x08004fdc   Section        0  stm32f7xx_ll_usb.o(i.USB_WritePacket)
    i.UsageFault_Handler                     0x08005000   Section        0  stm32f7xx_it.o(i.UsageFault_Handler)
    i.__NVIC_SetPriority                     0x08005002   Section        0  stm32f7xx_hal_cortex.o(i.__NVIC_SetPriority)
    __NVIC_SetPriority                       0x08005003   Thumb Code    34  stm32f7xx_hal_cortex.o(i.__NVIC_SetPriority)
    i.__scatterload_copy                     0x08005024   Section       14  handlers.o(i.__scatterload_copy)
    i.__scatterload_null                     0x08005032   Section        2  handlers.o(i.__scatterload_null)
    i.__scatterload_zeroinit                 0x08005034   Section       14  handlers.o(i.__scatterload_zeroinit)
    i.free                                   0x08005044   Section        0  malloc.o(i.free)
    i.main                                   0x08005094   Section        0  main.o(i.main)
    i.malloc                                 0x080051b4   Section        0  malloc.o(i.malloc)
    .constdata                               0x08005220   Section       16  system_stm32f7xx.o(.constdata)
    .constdata                               0x08005230   Section        8  system_stm32f7xx.o(.constdata)
    .data                                    0x20000000   Section       12  main.o(.data)
    .data                                    0x2000000c   Section       32  usbd_desc.o(.data)
    .data                                    0x2000002c   Section       62  usbd_desc.o(.data)
    .data                                    0x2000006c   Section       16  usbd_cdc_if.o(.data)
    .data                                    0x2000007c   Section       12  stm32f7xx_hal.o(.data)
    .data                                    0x20000088   Section        4  system_stm32f7xx.o(.data)
    .data                                    0x2000008c   Section        1  usbd_ctlreq.o(.data)
    cfgidx                                   0x2000008c   Data           1  usbd_ctlreq.o(.data)
    .data                                    0x20000090   Section      215  usbd_cdc.o(.data)
    USBD_CDC_DeviceQualifierDesc             0x20000090   Data          10  usbd_cdc.o(.data)
    .data                                    0x20000168   Section       56  usbd_cdc.o(.data)
    .data                                    0x200001a0   Section        4  mvars.o(.data)
    .data                                    0x200001a4   Section        4  mvars.o(.data)
    .bss                                     0x200001a8   Section      400  main.o(.bss)
    .bss                                     0x20000338   Section      668  usb_device.o(.bss)
    .bss                                     0x200005d4   Section     1028  usbd_conf.o(.bss)
    .bss                                     0x200009d8   Section      512  usbd_desc.o(.bss)
    .bss                                     0x20000bd8   Section     4096  usbd_cdc_if.o(.bss)
    HEAP                                     0x20001bd8   Section     8192  startup_stm32f767xx.o(HEAP)
    STACK                                    0x20003bd8   Section    16384  startup_stm32f767xx.o(STACK)

    Global Symbols

    Symbol Name                              Value     Ov Type        Size  Object(Section)

    BuildAttributes$$THM_ISAv4$E$P$D$K$B$S$7EM$VFPv5_D16$PE$PLD8$A:L22UL41UL21$X:L11$S22US41US21$IEEE1$IW$USESV6$~STKCKD$USESV7$~SHL$OSPACE$EBA8$MICROLIB$REQ8$PRES8$EABIv2 0x00000000   Number         0  anon$$obj.o ABSOLUTE
    __ARM_use_no_argv                        0x00000000   Number         0  main.o ABSOLUTE
    __cpp_initialize__aeabi_                  - Undefined Weak Reference
    __cxa_finalize                            - Undefined Weak Reference
    _clock_init                               - Undefined Weak Reference
    _microlib_exit                            - Undefined Weak Reference
    __Vectors_Size                           0x000001f8   Number         0  startup_stm32f767xx.o ABSOLUTE
    __Vectors                                0x08000000   Data           4  startup_stm32f767xx.o(RESET)
    __Vectors_End                            0x080001f8   Data           0  startup_stm32f767xx.o(RESET)
    __main                                   0x080001f9   Thumb Code     0  entry.o(.ARM.Collect$$$$00000000)
    _main_stk                                0x080001f9   Thumb Code     0  entry2.o(.ARM.Collect$$$$00000001)
    _main_scatterload                        0x080001fd   Thumb Code     0  entry5.o(.ARM.Collect$$$$00000004)
    __main_after_scatterload                 0x08000201   Thumb Code     0  entry5.o(.ARM.Collect$$$$00000004)
    _main_clock                              0x08000201   Thumb Code     0  entry7b.o(.ARM.Collect$$$$00000008)
    _main_cpp_init                           0x08000201   Thumb Code     0  entry8b.o(.ARM.Collect$$$$0000000A)
    _main_init                               0x08000201   Thumb Code     0  entry9a.o(.ARM.Collect$$$$0000000B)
    __rt_final_cpp                           0x08000209   Thumb Code     0  entry10a.o(.ARM.Collect$$$$0000000D)
    __rt_final_exit                          0x08000209   Thumb Code     0  entry11a.o(.ARM.Collect$$$$0000000F)
    Reset_Handler                            0x0800020d   Thumb Code     8  startup_stm32f767xx.o(.text)
    ADC_IRQHandler                           0x08000227   Thumb Code     0  startup_stm32f767xx.o(.text)
    CAN1_RX0_IRQHandler                      0x08000227   Thumb Code     0  startup_stm32f767xx.o(.text)
    CAN1_RX1_IRQHandler                      0x08000227   Thumb Code     0  startup_stm32f767xx.o(.text)
    CAN1_SCE_IRQHandler                      0x08000227   Thumb Code     0  startup_stm32f767xx.o(.text)
    CAN1_TX_IRQHandler                       0x08000227   Thumb Code     0  startup_stm32f767xx.o(.text)
    CAN2_RX0_IRQHandler                      0x08000227   Thumb Code     0  startup_stm32f767xx.o(.text)
    CAN2_RX1_IRQHandler                      0x08000227   Thumb Code     0  startup_stm32f767xx.o(.text)
    CAN2_SCE_IRQHandler                      0x08000227   Thumb Code     0  startup_stm32f767xx.o(.text)
    CAN2_TX_IRQHandler                       0x08000227   Thumb Code     0  startup_stm32f767xx.o(.text)
    CAN3_RX0_IRQHandler                      0x08000227   Thumb Code     0  startup_stm32f767xx.o(.text)
    CAN3_RX1_IRQHandler                      0x08000227   Thumb Code     0  startup_stm32f767xx.o(.text)
    CAN3_SCE_IRQHandler                      0x08000227   Thumb Code     0  startup_stm32f767xx.o(.text)
    CAN3_TX_IRQHandler                       0x08000227   Thumb Code     0  startup_stm32f767xx.o(.text)
    CEC_IRQHandler                           0x08000227   Thumb Code     0  startup_stm32f767xx.o(.text)
    DCMI_IRQHandler                          0x08000227   Thumb Code     0  startup_stm32f767xx.o(.text)
    DFSDM1_FLT0_IRQHandler                   0x08000227   Thumb Code     0  startup_stm32f767xx.o(.text)
    DFSDM1_FLT1_IRQHandler                   0x08000227   Thumb Code     0  startup_stm32f767xx.o(.text)
    DFSDM1_FLT2_IRQHandler                   0x08000227   Thumb Code     0  startup_stm32f767xx.o(.text)
    DFSDM1_FLT3_IRQHandler                   0x08000227   Thumb Code     0  startup_stm32f767xx.o(.text)
    DMA1_Stream0_IRQHandler                  0x08000227   Thumb Code     0  startup_stm32f767xx.o(.text)
    DMA1_Stream1_IRQHandler                  0x08000227   Thumb Code     0  startup_stm32f767xx.o(.text)
    DMA1_Stream2_IRQHandler                  0x08000227   Thumb Code     0  startup_stm32f767xx.o(.text)
    DMA1_Stream3_IRQHandler                  0x08000227   Thumb Code     0  startup_stm32f767xx.o(.text)
    DMA1_Stream4_IRQHandler                  0x08000227   Thumb Code     0  startup_stm32f767xx.o(.text)
    DMA1_Stream5_IRQHandler                  0x08000227   Thumb Code     0  startup_stm32f767xx.o(.text)
    DMA1_Stream6_IRQHandler                  0x08000227   Thumb Code     0  startup_stm32f767xx.o(.text)
    DMA1_Stream7_IRQHandler                  0x08000227   Thumb Code     0  startup_stm32f767xx.o(.text)
    DMA2D_IRQHandler                         0x08000227   Thumb Code     0  startup_stm32f767xx.o(.text)
    DMA2_Stream0_IRQHandler                  0x08000227   Thumb Code     0  startup_stm32f767xx.o(.text)
    DMA2_Stream1_IRQHandler                  0x08000227   Thumb Code     0  startup_stm32f767xx.o(.text)
    DMA2_Stream2_IRQHandler                  0x08000227   Thumb Code     0  startup_stm32f767xx.o(.text)
    DMA2_Stream3_IRQHandler                  0x08000227   Thumb Code     0  startup_stm32f767xx.o(.text)
    DMA2_Stream4_IRQHandler                  0x08000227   Thumb Code     0  startup_stm32f767xx.o(.text)
    DMA2_Stream5_IRQHandler                  0x08000227   Thumb Code     0  startup_stm32f767xx.o(.text)
    DMA2_Stream6_IRQHandler                  0x08000227   Thumb Code     0  startup_stm32f767xx.o(.text)
    DMA2_Stream7_IRQHandler                  0x08000227   Thumb Code     0  startup_stm32f767xx.o(.text)
    ETH_IRQHandler                           0x08000227   Thumb Code     0  startup_stm32f767xx.o(.text)
    ETH_WKUP_IRQHandler                      0x08000227   Thumb Code     0  startup_stm32f767xx.o(.text)
    EXTI0_IRQHandler                         0x08000227   Thumb Code     0  startup_stm32f767xx.o(.text)
    EXTI15_10_IRQHandler                     0x08000227   Thumb Code     0  startup_stm32f767xx.o(.text)
    EXTI1_IRQHandler                         0x08000227   Thumb Code     0  startup_stm32f767xx.o(.text)
    EXTI2_IRQHandler                         0x08000227   Thumb Code     0  startup_stm32f767xx.o(.text)
    EXTI3_IRQHandler                         0x08000227   Thumb Code     0  startup_stm32f767xx.o(.text)
    EXTI4_IRQHandler                         0x08000227   Thumb Code     0  startup_stm32f767xx.o(.text)
    EXTI9_5_IRQHandler                       0x08000227   Thumb Code     0  startup_stm32f767xx.o(.text)
    FLASH_IRQHandler                         0x08000227   Thumb Code     0  startup_stm32f767xx.o(.text)
    FMC_IRQHandler                           0x08000227   Thumb Code     0  startup_stm32f767xx.o(.text)
    FPU_IRQHandler                           0x08000227   Thumb Code     0  startup_stm32f767xx.o(.text)
    I2C1_ER_IRQHandler                       0x08000227   Thumb Code     0  startup_stm32f767xx.o(.text)
    I2C1_EV_IRQHandler                       0x08000227   Thumb Code     0  startup_stm32f767xx.o(.text)
    I2C2_ER_IRQHandler                       0x08000227   Thumb Code     0  startup_stm32f767xx.o(.text)
    I2C2_EV_IRQHandler                       0x08000227   Thumb Code     0  startup_stm32f767xx.o(.text)
    I2C3_ER_IRQHandler                       0x08000227   Thumb Code     0  startup_stm32f767xx.o(.text)
    I2C3_EV_IRQHandler                       0x08000227   Thumb Code     0  startup_stm32f767xx.o(.text)
    I2C4_ER_IRQHandler                       0x08000227   Thumb Code     0  startup_stm32f767xx.o(.text)
    I2C4_EV_IRQHandler                       0x08000227   Thumb Code     0  startup_stm32f767xx.o(.text)
    JPEG_IRQHandler                          0x08000227   Thumb Code     0  startup_stm32f767xx.o(.text)
    LPTIM1_IRQHandler                        0x08000227   Thumb Code     0  startup_stm32f767xx.o(.text)
    LTDC_ER_IRQHandler                       0x08000227   Thumb Code     0  startup_stm32f767xx.o(.text)
    LTDC_IRQHandler                          0x08000227   Thumb Code     0  startup_stm32f767xx.o(.text)
    MDIOS_IRQHandler                         0x08000227   Thumb Code     0  startup_stm32f767xx.o(.text)
    OTG_FS_WKUP_IRQHandler                   0x08000227   Thumb Code     0  startup_stm32f767xx.o(.text)
    OTG_HS_EP1_IN_IRQHandler                 0x08000227   Thumb Code     0  startup_stm32f767xx.o(.text)
    OTG_HS_EP1_OUT_IRQHandler                0x08000227   Thumb Code     0  startup_stm32f767xx.o(.text)
    OTG_HS_IRQHandler                        0x08000227   Thumb Code     0  startup_stm32f767xx.o(.text)
    OTG_HS_WKUP_IRQHandler                   0x08000227   Thumb Code     0  startup_stm32f767xx.o(.text)
    PVD_IRQHandler                           0x08000227   Thumb Code     0  startup_stm32f767xx.o(.text)
    QUADSPI_IRQHandler                       0x08000227   Thumb Code     0  startup_stm32f767xx.o(.text)
    RCC_IRQHandler                           0x08000227   Thumb Code     0  startup_stm32f767xx.o(.text)
    RNG_IRQHandler                           0x08000227   Thumb Code     0  startup_stm32f767xx.o(.text)
    RTC_Alarm_IRQHandler                     0x08000227   Thumb Code     0  startup_stm32f767xx.o(.text)
    RTC_WKUP_IRQHandler                      0x08000227   Thumb Code     0  startup_stm32f767xx.o(.text)
    SAI1_IRQHandler                          0x08000227   Thumb Code     0  startup_stm32f767xx.o(.text)
    SAI2_IRQHandler                          0x08000227   Thumb Code     0  startup_stm32f767xx.o(.text)
    SDMMC1_IRQHandler                        0x08000227   Thumb Code     0  startup_stm32f767xx.o(.text)
    SDMMC2_IRQHandler                        0x08000227   Thumb Code     0  startup_stm32f767xx.o(.text)
    SPDIF_RX_IRQHandler                      0x08000227   Thumb Code     0  startup_stm32f767xx.o(.text)
    SPI1_IRQHandler                          0x08000227   Thumb Code     0  startup_stm32f767xx.o(.text)
    SPI2_IRQHandler                          0x08000227   Thumb Code     0  startup_stm32f767xx.o(.text)
    SPI3_IRQHandler                          0x08000227   Thumb Code     0  startup_stm32f767xx.o(.text)
    SPI4_IRQHandler                          0x08000227   Thumb Code     0  startup_stm32f767xx.o(.text)
    SPI5_IRQHandler                          0x08000227   Thumb Code     0  startup_stm32f767xx.o(.text)
    SPI6_IRQHandler                          0x08000227   Thumb Code     0  startup_stm32f767xx.o(.text)
    TAMP_STAMP_IRQHandler                    0x08000227   Thumb Code     0  startup_stm32f767xx.o(.text)
    TIM1_BRK_TIM9_IRQHandler                 0x08000227   Thumb Code     0  startup_stm32f767xx.o(.text)
    TIM1_CC_IRQHandler                       0x08000227   Thumb Code     0  startup_stm32f767xx.o(.text)
    TIM1_TRG_COM_TIM11_IRQHandler            0x08000227   Thumb Code     0  startup_stm32f767xx.o(.text)
    TIM1_UP_TIM10_IRQHandler                 0x08000227   Thumb Code     0  startup_stm32f767xx.o(.text)
    TIM2_IRQHandler                          0x08000227   Thumb Code     0  startup_stm32f767xx.o(.text)
    TIM3_IRQHandler                          0x08000227   Thumb Code     0  startup_stm32f767xx.o(.text)
    TIM4_IRQHandler                          0x08000227   Thumb Code     0  startup_stm32f767xx.o(.text)
    TIM5_IRQHandler                          0x08000227   Thumb Code     0  startup_stm32f767xx.o(.text)
    TIM6_DAC_IRQHandler                      0x08000227   Thumb Code     0  startup_stm32f767xx.o(.text)
    TIM7_IRQHandler                          0x08000227   Thumb Code     0  startup_stm32f767xx.o(.text)
    TIM8_BRK_TIM12_IRQHandler                0x08000227   Thumb Code     0  startup_stm32f767xx.o(.text)
    TIM8_CC_IRQHandler                       0x08000227   Thumb Code     0  startup_stm32f767xx.o(.text)
    TIM8_UP_TIM13_IRQHandler                 0x08000227   Thumb Code     0  startup_stm32f767xx.o(.text)
    UART4_IRQHandler                         0x08000227   Thumb Code     0  startup_stm32f767xx.o(.text)
    UART5_IRQHandler                         0x08000227   Thumb Code     0  startup_stm32f767xx.o(.text)
    UART7_IRQHandler                         0x08000227   Thumb Code     0  startup_stm32f767xx.o(.text)
    UART8_IRQHandler                         0x08000227   Thumb Code     0  startup_stm32f767xx.o(.text)
    USART1_IRQHandler                        0x08000227   Thumb Code     0  startup_stm32f767xx.o(.text)
    USART2_IRQHandler                        0x08000227   Thumb Code     0  startup_stm32f767xx.o(.text)
    USART3_IRQHandler                        0x08000227   Thumb Code     0  startup_stm32f767xx.o(.text)
    USART6_IRQHandler                        0x08000227   Thumb Code     0  startup_stm32f767xx.o(.text)
    WWDG_IRQHandler                          0x08000227   Thumb Code     0  startup_stm32f767xx.o(.text)
    __aeabi_uldivmod                         0x08000231   Thumb Code    98  uldiv.o(.text)
    __aeabi_memcpy                           0x08000293   Thumb Code    36  memcpya.o(.text)
    __aeabi_memcpy4                          0x08000293   Thumb Code     0  memcpya.o(.text)
    __aeabi_memcpy8                          0x08000293   Thumb Code     0  memcpya.o(.text)
    __aeabi_memset                           0x080002b7   Thumb Code    14  memseta.o(.text)
    __aeabi_memset4                          0x080002b7   Thumb Code     0  memseta.o(.text)
    __aeabi_memset8                          0x080002b7   Thumb Code     0  memseta.o(.text)
    __aeabi_memclr                           0x080002c5   Thumb Code     4  memseta.o(.text)
    __aeabi_memclr4                          0x080002c5   Thumb Code     0  memseta.o(.text)
    __aeabi_memclr8                          0x080002c5   Thumb Code     0  memseta.o(.text)
    _memset$wrapper                          0x080002c9   Thumb Code    18  memseta.o(.text)
    __aeabi_llsl                             0x080002db   Thumb Code    30  llshl.o(.text)
    _ll_shift_l                              0x080002db   Thumb Code     0  llshl.o(.text)
    __aeabi_llsr                             0x080002f9   Thumb Code    32  llushr.o(.text)
    _ll_ushift_r                             0x080002f9   Thumb Code     0  llushr.o(.text)
    __scatterload                            0x08000319   Thumb Code    28  init.o(.text)
    __scatterload_rt2                        0x08000319   Thumb Code     0  init.o(.text)
    __decompress                             0x0800033d   Thumb Code     0  __dczerorl2.o(.text)
    __decompress1                            0x0800033d   Thumb Code    86  __dczerorl2.o(.text)
    BusFault_Handler                         0x080004cd   Thumb Code     2  stm32f7xx_it.o(i.BusFault_Handler)
    CDC_Transmit_FS                          0x08000515   Thumb Code    38  usbd_cdc_if.o(i.CDC_Transmit_FS)
    DebugMon_Handler                         0x08000541   Thumb Code     2  stm32f7xx_it.o(i.DebugMon_Handler)
    Error_Handler                            0x08000669   Thumb Code     2  main.o(i.Error_Handler)
    HAL_ADC_ConfigChannel                    0x0800066d   Thumb Code   338  stm32f7xx_hal_adc.o(i.HAL_ADC_ConfigChannel)
    HAL_ADC_GetValue                         0x080007d1   Thumb Code     6  stm32f7xx_hal_adc.o(i.HAL_ADC_GetValue)
    HAL_ADC_Init                             0x080007d7   Thumb Code    84  stm32f7xx_hal_adc.o(i.HAL_ADC_Init)
    HAL_ADC_MspInit                          0x0800082d   Thumb Code    82  stm32f7xx_hal_msp.o(i.HAL_ADC_MspInit)
    HAL_ADC_PollForConversion                0x0800088d   Thumb Code   160  stm32f7xx_hal_adc.o(i.HAL_ADC_PollForConversion)
    HAL_ADC_Start                            0x0800092d   Thumb Code   208  stm32f7xx_hal_adc.o(i.HAL_ADC_Start)
    HAL_Delay                                0x08000a0d   Thumb Code    32  stm32f7xx_hal.o(i.HAL_Delay)
    HAL_ETH_Init                             0x08000a31   Thumb Code   454  stm32f7xx_hal_eth.o(i.HAL_ETH_Init)
    HAL_ETH_MspInit                          0x08000c21   Thumb Code   206  stm32f7xx_hal_msp.o(i.HAL_ETH_MspInit)
    HAL_ETH_ReadPHYRegister                  0x08000d09   Thumb Code   134  stm32f7xx_hal_eth.o(i.HAL_ETH_ReadPHYRegister)
    HAL_ETH_WritePHYRegister                 0x08000d91   Thumb Code   122  stm32f7xx_hal_eth.o(i.HAL_ETH_WritePHYRegister)
    HAL_GPIO_Init                            0x08000e0d   Thumb Code   418  stm32f7xx_hal_gpio.o(i.HAL_GPIO_Init)
    HAL_GPIO_WritePin                        0x08000fe5   Thumb Code    10  stm32f7xx_hal_gpio.o(i.HAL_GPIO_WritePin)
    HAL_GetTick                              0x08000ff1   Thumb Code     6  stm32f7xx_hal.o(i.HAL_GetTick)
    HAL_IncTick                              0x08000ffd   Thumb Code    12  stm32f7xx_hal.o(i.HAL_IncTick)
    HAL_Init                                 0x0800100d   Thumb Code    22  stm32f7xx_hal.o(i.HAL_Init)
    HAL_InitTick                             0x08001025   Thumb Code    54  stm32f7xx_hal.o(i.HAL_InitTick)
    HAL_MspInit                              0x08001065   Thumb Code    42  stm32f7xx_hal_msp.o(i.HAL_MspInit)
    HAL_NVIC_EnableIRQ                       0x08001095   Thumb Code    26  stm32f7xx_hal_cortex.o(i.HAL_NVIC_EnableIRQ)
    HAL_NVIC_SetPriority                     0x080010b1   Thumb Code    60  stm32f7xx_hal_cortex.o(i.HAL_NVIC_SetPriority)
    HAL_NVIC_SetPriorityGrouping             0x080010f1   Thumb Code    28  stm32f7xx_hal_cortex.o(i.HAL_NVIC_SetPriorityGrouping)
    HAL_PCDEx_ActivateLPM                    0x08001115   Thumb Code    34  stm32f7xx_hal_pcd_ex.o(i.HAL_PCDEx_ActivateLPM)
    HAL_PCDEx_LPM_Callback                   0x0800113d   Thumb Code    92  usbd_conf.o(i.HAL_PCDEx_LPM_Callback)
    HAL_PCDEx_SetRxFiFo                      0x0800119d   Thumb Code     8  stm32f7xx_hal_pcd_ex.o(i.HAL_PCDEx_SetRxFiFo)
    HAL_PCDEx_SetTxFiFo                      0x080011a5   Thumb Code    70  stm32f7xx_hal_pcd_ex.o(i.HAL_PCDEx_SetTxFiFo)
    HAL_PCD_ConnectCallback                  0x080011eb   Thumb Code     8  usbd_conf.o(i.HAL_PCD_ConnectCallback)
    HAL_PCD_DataInStageCallback              0x080011f3   Thumb Code    18  usbd_conf.o(i.HAL_PCD_DataInStageCallback)
    HAL_PCD_DataOutStageCallback             0x08001205   Thumb Code    20  usbd_conf.o(i.HAL_PCD_DataOutStageCallback)
    HAL_PCD_DisconnectCallback               0x08001219   Thumb Code     8  usbd_conf.o(i.HAL_PCD_DisconnectCallback)
    HAL_PCD_EP_Close                         0x08001221   Thumb Code    76  stm32f7xx_hal_pcd.o(i.HAL_PCD_EP_Close)
    HAL_PCD_EP_ClrStall                      0x0800126d   Thumb Code    92  stm32f7xx_hal_pcd.o(i.HAL_PCD_EP_ClrStall)
    HAL_PCD_EP_GetRxCount                    0x080012c9   Thumb Code    18  stm32f7xx_hal_pcd.o(i.HAL_PCD_EP_GetRxCount)
    HAL_PCD_EP_Open                          0x080012db   Thumb Code    96  stm32f7xx_hal_pcd.o(i.HAL_PCD_EP_Open)
    HAL_PCD_EP_Receive                       0x0800133b   Thumb Code    68  stm32f7xx_hal_pcd.o(i.HAL_PCD_EP_Receive)
    HAL_PCD_EP_SetStall                      0x0800137f   Thumb Code   116  stm32f7xx_hal_pcd.o(i.HAL_PCD_EP_SetStall)
    HAL_PCD_EP_Transmit                      0x080013f3   Thumb Code    68  stm32f7xx_hal_pcd.o(i.HAL_PCD_EP_Transmit)
    HAL_PCD_IRQHandler                       0x08001439   Thumb Code  1194  stm32f7xx_hal_pcd.o(i.HAL_PCD_IRQHandler)
    HAL_PCD_ISOINIncompleteCallback          0x080018e3   Thumb Code     8  usbd_conf.o(i.HAL_PCD_ISOINIncompleteCallback)
    HAL_PCD_ISOOUTIncompleteCallback         0x080018eb   Thumb Code     8  usbd_conf.o(i.HAL_PCD_ISOOUTIncompleteCallback)
    HAL_PCD_Init                             0x080018f5   Thumb Code   234  stm32f7xx_hal_pcd.o(i.HAL_PCD_Init)
    HAL_PCD_MspInit                          0x080019e1   Thumb Code   146  usbd_conf.o(i.HAL_PCD_MspInit)
    HAL_PCD_ResetCallback                    0x08001a7d   Thumb Code    44  usbd_conf.o(i.HAL_PCD_ResetCallback)
    HAL_PCD_ResumeCallback                   0x08001aa9   Thumb Code     8  usbd_conf.o(i.HAL_PCD_ResumeCallback)
    HAL_PCD_SOFCallback                      0x08001ab1   Thumb Code     8  usbd_conf.o(i.HAL_PCD_SOFCallback)
    HAL_PCD_SetAddress                       0x08001ab9   Thumb Code    40  stm32f7xx_hal_pcd.o(i.HAL_PCD_SetAddress)
    HAL_PCD_SetupStageCallback               0x08001ae1   Thumb Code    14  usbd_conf.o(i.HAL_PCD_SetupStageCallback)
    HAL_PCD_Start                            0x08001aef   Thumb Code    42  stm32f7xx_hal_pcd.o(i.HAL_PCD_Start)
    HAL_PCD_SuspendCallback                  0x08001b19   Thumb Code    44  usbd_conf.o(i.HAL_PCD_SuspendCallback)
    HAL_PWR_EnableBkUpAccess                 0x08001b49   Thumb Code    12  stm32f7xx_hal_pwr.o(i.HAL_PWR_EnableBkUpAccess)
    HAL_RCCEx_PeriphCLKConfig                0x08001b59   Thumb Code  1336  stm32f7xx_hal_rcc_ex.o(i.HAL_RCCEx_PeriphCLKConfig)
    HAL_RCC_ClockConfig                      0x08002095   Thumb Code   282  stm32f7xx_hal_rcc.o(i.HAL_RCC_ClockConfig)
    HAL_RCC_GetHCLKFreq                      0x080021c1   Thumb Code     6  stm32f7xx_hal_rcc.o(i.HAL_RCC_GetHCLKFreq)
    HAL_RCC_GetPCLK1Freq                     0x080021cd   Thumb Code    20  stm32f7xx_hal_rcc.o(i.HAL_RCC_GetPCLK1Freq)
    HAL_RCC_GetPCLK2Freq                     0x080021ed   Thumb Code    20  stm32f7xx_hal_rcc.o(i.HAL_RCC_GetPCLK2Freq)
    HAL_RCC_GetSysClockFreq                  0x0800220d   Thumb Code    88  stm32f7xx_hal_rcc.o(i.HAL_RCC_GetSysClockFreq)
    HAL_RCC_OscConfig                        0x0800226d   Thumb Code   814  stm32f7xx_hal_rcc.o(i.HAL_RCC_OscConfig)
    HAL_SYSTICK_Config                       0x080025a9   Thumb Code    38  stm32f7xx_hal_cortex.o(i.HAL_SYSTICK_Config)
    HAL_TIMEx_Break2Callback                 0x080025cf   Thumb Code     2  stm32f7xx_hal_tim_ex.o(i.HAL_TIMEx_Break2Callback)
    HAL_TIMEx_BreakCallback                  0x080025d1   Thumb Code     2  stm32f7xx_hal_tim_ex.o(i.HAL_TIMEx_BreakCallback)
    HAL_TIMEx_CommutCallback                 0x080025d3   Thumb Code     2  stm32f7xx_hal_tim_ex.o(i.HAL_TIMEx_CommutCallback)
    HAL_TIMEx_MasterConfigSynchronization    0x080025d5   Thumb Code    88  stm32f7xx_hal_tim_ex.o(i.HAL_TIMEx_MasterConfigSynchronization)
    HAL_TIM_Base_Init                        0x08002635   Thumb Code    54  stm32f7xx_hal_tim.o(i.HAL_TIM_Base_Init)
    HAL_TIM_Base_MspInit                     0x0800266d   Thumb Code    72  stm32f7xx_hal_msp.o(i.HAL_TIM_Base_MspInit)
    HAL_TIM_Base_Start_IT                    0x080026c1   Thumb Code    40  stm32f7xx_hal_tim.o(i.HAL_TIM_Base_Start_IT)
    HAL_TIM_ConfigClockSource                0x080026ed   Thumb Code   214  stm32f7xx_hal_tim.o(i.HAL_TIM_ConfigClockSource)
    HAL_TIM_IC_CaptureCallback               0x080027c9   Thumb Code     2  stm32f7xx_hal_tim.o(i.HAL_TIM_IC_CaptureCallback)
    HAL_TIM_IRQHandler                       0x080027cb   Thumb Code   386  stm32f7xx_hal_tim.o(i.HAL_TIM_IRQHandler)
    HAL_TIM_MspPostInit                      0x0800294d   Thumb Code    68  stm32f7xx_hal_msp.o(i.HAL_TIM_MspPostInit)
    HAL_TIM_OC_DelayElapsedCallback          0x0800299d   Thumb Code     2  stm32f7xx_hal_tim.o(i.HAL_TIM_OC_DelayElapsedCallback)
    HAL_TIM_PWM_ConfigChannel                0x0800299f   Thumb Code   296  stm32f7xx_hal_tim.o(i.HAL_TIM_PWM_ConfigChannel)
    HAL_TIM_PWM_Init                         0x08002ac7   Thumb Code    54  stm32f7xx_hal_tim.o(i.HAL_TIM_PWM_Init)
    HAL_TIM_PWM_MspInit                      0x08002afd   Thumb Code     2  stm32f7xx_hal_tim.o(i.HAL_TIM_PWM_MspInit)
    HAL_TIM_PWM_PulseFinishedCallback        0x08002aff   Thumb Code     2  stm32f7xx_hal_tim.o(i.HAL_TIM_PWM_PulseFinishedCallback)
    HAL_TIM_PWM_Start                        0x08002b01   Thumb Code    64  stm32f7xx_hal_tim.o(i.HAL_TIM_PWM_Start)
    HAL_TIM_PeriodElapsedCallback            0x08002b4d   Thumb Code     2  stm32f7xx_hal_tim.o(i.HAL_TIM_PeriodElapsedCallback)
    HAL_TIM_TriggerCallback                  0x08002b4f   Thumb Code     2  stm32f7xx_hal_tim.o(i.HAL_TIM_TriggerCallback)
    HAL_UART_Init                            0x08002b51   Thumb Code   102  stm32f7xx_hal_uart.o(i.HAL_UART_Init)
    HAL_UART_MspInit                         0x08002bb9   Thumb Code    88  stm32f7xx_hal_msp.o(i.HAL_UART_MspInit)
    HardFault_Handler                        0x08002c1d   Thumb Code     2  stm32f7xx_it.o(i.HardFault_Handler)
    MX_USB_DEVICE_Init                       0x08002ec9   Thumb Code    66  usb_device.o(i.MX_USB_DEVICE_Init)
    MemManage_Handler                        0x08002f1d   Thumb Code     2  stm32f7xx_it.o(i.MemManage_Handler)
    NMI_Handler                              0x08002f1f   Thumb Code     2  stm32f7xx_it.o(i.NMI_Handler)
    OTG_FS_IRQHandler                        0x08002f21   Thumb Code     6  stm32f7xx_it.o(i.OTG_FS_IRQHandler)
    PendSV_Handler                           0x080030ab   Thumb Code     2  stm32f7xx_it.o(i.PendSV_Handler)
    SVC_Handler                              0x080030ad   Thumb Code     2  stm32f7xx_it.o(i.SVC_Handler)
    SysTick_Handler                          0x080030af   Thumb Code     4  stm32f7xx_it.o(i.SysTick_Handler)
    SystemClock_Config                       0x080030b5   Thumb Code   154  main.o(i.SystemClock_Config)
    SystemInit                               0x0800315d   Thumb Code    68  system_stm32f7xx.o(i.SystemInit)
    TIM8_TRG_COM_TIM14_IRQHandler            0x080031b1   Thumb Code     6  stm32f7xx_it.o(i.TIM8_TRG_COM_TIM14_IRQHandler)
    TIM_Base_SetConfig                       0x080031bd   Thumb Code   158  stm32f7xx_hal_tim.o(i.TIM_Base_SetConfig)
    TIM_CCxChannelCmd                        0x08003289   Thumb Code    26  stm32f7xx_hal_tim.o(i.TIM_CCxChannelCmd)
    TIM_ETR_SetConfig                        0x080032a3   Thumb Code    18  stm32f7xx_hal_tim.o(i.TIM_ETR_SetConfig)
    TIM_OC2_SetConfig                        0x08003339   Thumb Code   108  stm32f7xx_hal_tim.o(i.TIM_OC2_SetConfig)
    UART_AdvFeatureConfig                    0x08003577   Thumb Code   200  stm32f7xx_hal_uart.o(i.UART_AdvFeatureConfig)
    UART_CheckIdleState                      0x0800363f   Thumb Code    60  stm32f7xx_hal_uart.o(i.UART_CheckIdleState)
    UART_SetConfig                           0x0800367d   Thumb Code   546  stm32f7xx_hal_uart.o(i.UART_SetConfig)
    UART_WaitOnFlagUntilTimeout              0x080038d1   Thumb Code    96  stm32f7xx_hal_uart.o(i.UART_WaitOnFlagUntilTimeout)
    USBD_CDC_GetDeviceQualifierDescriptor    0x08003a11   Thumb Code     8  usbd_cdc.o(i.USBD_CDC_GetDeviceQualifierDescriptor)
    USBD_CDC_ReceivePacket                   0x08003ad5   Thumb Code    40  usbd_cdc.o(i.USBD_CDC_ReceivePacket)
    USBD_CDC_RegisterInterface               0x08003afd   Thumb Code    20  usbd_cdc.o(i.USBD_CDC_RegisterInterface)
    USBD_CDC_SetRxBuffer                     0x08003b11   Thumb Code    12  usbd_cdc.o(i.USBD_CDC_SetRxBuffer)
    USBD_CDC_SetTxBuffer                     0x08003b1d   Thumb Code    16  usbd_cdc.o(i.USBD_CDC_SetTxBuffer)
    USBD_CDC_TransmitPacket                  0x08003bdb   Thumb Code    54  usbd_cdc.o(i.USBD_CDC_TransmitPacket)
    USBD_ClrClassConfig                      0x08003c11   Thumb Code    14  usbd_core.o(i.USBD_ClrClassConfig)
    USBD_CtlContinueRx                       0x08003c1f   Thumb Code    16  usbd_ioreq.o(i.USBD_CtlContinueRx)
    USBD_CtlContinueSendData                 0x08003c2f   Thumb Code    16  usbd_ioreq.o(i.USBD_CtlContinueSendData)
    USBD_CtlError                            0x08003c3f   Thumb Code    22  usbd_ctlreq.o(i.USBD_CtlError)
    USBD_CtlPrepareRx                        0x08003c55   Thumb Code    30  usbd_ioreq.o(i.USBD_CtlPrepareRx)
    USBD_CtlReceiveStatus                    0x08003c73   Thumb Code    22  usbd_ioreq.o(i.USBD_CtlReceiveStatus)
    USBD_CtlSendData                         0x08003c89   Thumb Code    26  usbd_ioreq.o(i.USBD_CtlSendData)
    USBD_CtlSendStatus                       0x08003ca3   Thumb Code    22  usbd_ioreq.o(i.USBD_CtlSendStatus)
    USBD_FS_ConfigStrDescriptor              0x08003cb9   Thumb Code    16  usbd_desc.o(i.USBD_FS_ConfigStrDescriptor)
    USBD_FS_DeviceDescriptor                 0x08003cd9   Thumb Code     8  usbd_desc.o(i.USBD_FS_DeviceDescriptor)
    USBD_FS_InterfaceStrDescriptor           0x08003ce5   Thumb Code    16  usbd_desc.o(i.USBD_FS_InterfaceStrDescriptor)
    USBD_FS_LangIDStrDescriptor              0x08003d09   Thumb Code     8  usbd_desc.o(i.USBD_FS_LangIDStrDescriptor)
    USBD_FS_ManufacturerStrDescriptor        0x08003d15   Thumb Code    16  usbd_desc.o(i.USBD_FS_ManufacturerStrDescriptor)
    USBD_FS_ProductStrDescriptor             0x08003d3d   Thumb Code    16  usbd_desc.o(i.USBD_FS_ProductStrDescriptor)
    USBD_FS_SerialStrDescriptor              0x08003d69   Thumb Code    50  usbd_desc.o(i.USBD_FS_SerialStrDescriptor)
    USBD_FS_USR_BOSDescriptor                0x08003da5   Thumb Code     8  usbd_desc.o(i.USBD_FS_USR_BOSDescriptor)
    USBD_GetString                           0x08003eaf   Thumb Code    74  usbd_ctlreq.o(i.USBD_GetString)
    USBD_Get_USB_Status                      0x08003ef9   Thumb Code    24  usbd_conf.o(i.USBD_Get_USB_Status)
    USBD_Init                                0x08003f11   Thumb Code    42  usbd_core.o(i.USBD_Init)
    USBD_LL_ClearStallEP                     0x08003f3b   Thumb Code    18  usbd_conf.o(i.USBD_LL_ClearStallEP)
    USBD_LL_CloseEP                          0x08003f4d   Thumb Code    18  usbd_conf.o(i.USBD_LL_CloseEP)
    USBD_LL_DataInStage                      0x08003f5f   Thumb Code   194  usbd_core.o(i.USBD_LL_DataInStage)
    USBD_LL_DataOutStage                     0x08004021   Thumb Code   130  usbd_core.o(i.USBD_LL_DataOutStage)
    USBD_LL_DevConnected                     0x080040a3   Thumb Code     4  usbd_core.o(i.USBD_LL_DevConnected)
    USBD_LL_DevDisconnected                  0x080040a7   Thumb Code    22  usbd_core.o(i.USBD_LL_DevDisconnected)
    USBD_LL_GetRxDataSize                    0x080040bd   Thumb Code     8  usbd_conf.o(i.USBD_LL_GetRxDataSize)
    USBD_LL_Init                             0x080040c5   Thumb Code    90  usbd_conf.o(i.USBD_LL_Init)
    USBD_LL_IsStallEP                        0x08004125   Thumb Code    32  usbd_conf.o(i.USBD_LL_IsStallEP)
    USBD_LL_IsoINIncomplete                  0x08004145   Thumb Code     4  usbd_core.o(i.USBD_LL_IsoINIncomplete)
    USBD_LL_IsoOUTIncomplete                 0x08004149   Thumb Code     4  usbd_core.o(i.USBD_LL_IsoOUTIncomplete)
    USBD_LL_OpenEP                           0x0800414d   Thumb Code    24  usbd_conf.o(i.USBD_LL_OpenEP)
    USBD_LL_PrepareReceive                   0x08004165   Thumb Code    18  usbd_conf.o(i.USBD_LL_PrepareReceive)
    USBD_LL_Reset                            0x08004177   Thumb Code    80  usbd_core.o(i.USBD_LL_Reset)
    USBD_LL_Resume                           0x080041c7   Thumb Code    12  usbd_core.o(i.USBD_LL_Resume)
    USBD_LL_SOF                              0x080041d3   Thumb Code    24  usbd_core.o(i.USBD_LL_SOF)
    USBD_LL_SetSpeed                         0x080041eb   Thumb Code     6  usbd_core.o(i.USBD_LL_SetSpeed)
    USBD_LL_SetUSBAddress                    0x080041f1   Thumb Code    18  usbd_conf.o(i.USBD_LL_SetUSBAddress)
    USBD_LL_SetupStage                       0x08004203   Thumb Code    86  usbd_core.o(i.USBD_LL_SetupStage)
    USBD_LL_StallEP                          0x08004259   Thumb Code    18  usbd_conf.o(i.USBD_LL_StallEP)
    USBD_LL_Start                            0x0800426b   Thumb Code    18  usbd_conf.o(i.USBD_LL_Start)
    USBD_LL_Suspend                          0x0800427d   Thumb Code    18  usbd_core.o(i.USBD_LL_Suspend)
    USBD_LL_Transmit                         0x0800428f   Thumb Code    18  usbd_conf.o(i.USBD_LL_Transmit)
    USBD_ParseSetupRequest                   0x080042a1   Thumb Code    40  usbd_ctlreq.o(i.USBD_ParseSetupRequest)
    USBD_RegisterClass                       0x080042c9   Thumb Code    18  usbd_core.o(i.USBD_RegisterClass)
    USBD_SetClassConfig                      0x080042db   Thumb Code    22  usbd_core.o(i.USBD_SetClassConfig)
    USBD_Start                               0x08004379   Thumb Code    10  usbd_core.o(i.USBD_Start)
    USBD_StdDevReq                           0x08004383   Thumb Code   276  usbd_ctlreq.o(i.USBD_StdDevReq)
    USBD_StdEPReq                            0x08004497   Thumb Code   336  usbd_ctlreq.o(i.USBD_StdEPReq)
    USBD_StdItfReq                           0x080045e7   Thumb Code    78  usbd_ctlreq.o(i.USBD_StdItfReq)
    USB_ActivateEndpoint                     0x08004635   Thumb Code   124  stm32f7xx_ll_usb.o(i.USB_ActivateEndpoint)
    USB_ActivateSetup                        0x080046b5   Thumb Code    52  stm32f7xx_ll_usb.o(i.USB_ActivateSetup)
    USB_CoreInit                             0x080046e9   Thumb Code   104  stm32f7xx_ll_usb.o(i.USB_CoreInit)
    USB_DeactivateEndpoint                   0x0800478d   Thumb Code   118  stm32f7xx_ll_usb.o(i.USB_DeactivateEndpoint)
    USB_DevConnect                           0x0800480d   Thumb Code    24  stm32f7xx_ll_usb.o(i.USB_DevConnect)
    USB_DevDisconnect                        0x08004825   Thumb Code    24  stm32f7xx_ll_usb.o(i.USB_DevDisconnect)
    USB_DevInit                              0x0800483d   Thumb Code   386  stm32f7xx_ll_usb.o(i.USB_DevInit)
    USB_DisableGlobalInt                     0x080049d1   Thumb Code    12  stm32f7xx_ll_usb.o(i.USB_DisableGlobalInt)
    USB_EP0StartXfer                         0x080049dd   Thumb Code   266  stm32f7xx_ll_usb.o(i.USB_EP0StartXfer)
    USB_EP0_OutStart                         0x08004aed   Thumb Code    84  stm32f7xx_ll_usb.o(i.USB_EP0_OutStart)
    USB_EPClearStall                         0x08004b45   Thumb Code    88  stm32f7xx_ll_usb.o(i.USB_EPClearStall)
    USB_EPSetStall                           0x08004b9d   Thumb Code    88  stm32f7xx_ll_usb.o(i.USB_EPSetStall)
    USB_EPStartXfer                          0x08004bf5   Thumb Code   452  stm32f7xx_ll_usb.o(i.USB_EPStartXfer)
    USB_EnableGlobalInt                      0x08004dbd   Thumb Code    12  stm32f7xx_ll_usb.o(i.USB_EnableGlobalInt)
    USB_FlushRxFifo                          0x08004dc9   Thumb Code    28  stm32f7xx_ll_usb.o(i.USB_FlushRxFifo)
    USB_FlushTxFifo                          0x08004de9   Thumb Code    32  stm32f7xx_ll_usb.o(i.USB_FlushTxFifo)
    USB_GetDevSpeed                          0x08004e0d   Thumb Code    26  stm32f7xx_ll_usb.o(i.USB_GetDevSpeed)
    USB_GetMode                              0x08004e27   Thumb Code     8  stm32f7xx_ll_usb.o(i.USB_GetMode)
    USB_ReadDevAllInEpInterrupt              0x08004e2f   Thumb Code    14  stm32f7xx_ll_usb.o(i.USB_ReadDevAllInEpInterrupt)
    USB_ReadDevAllOutEpInterrupt             0x08004e3d   Thumb Code    14  stm32f7xx_ll_usb.o(i.USB_ReadDevAllOutEpInterrupt)
    USB_ReadDevInEPInterrupt                 0x08004e4b   Thumb Code    36  stm32f7xx_ll_usb.o(i.USB_ReadDevInEPInterrupt)
    USB_ReadDevOutEPInterrupt                0x08004e6f   Thumb Code    16  stm32f7xx_ll_usb.o(i.USB_ReadDevOutEPInterrupt)
    USB_ReadInterrupts                       0x08004e7f   Thumb Code     8  stm32f7xx_ll_usb.o(i.USB_ReadInterrupts)
    USB_ReadPacket                           0x08004e87   Thumb Code    28  stm32f7xx_ll_usb.o(i.USB_ReadPacket)
    USB_SetCurrentMode                       0x08004ea3   Thumb Code    46  stm32f7xx_ll_usb.o(i.USB_SetCurrentMode)
    USB_SetDevAddress                        0x08004ed1   Thumb Code    34  stm32f7xx_ll_usb.o(i.USB_SetDevAddress)
    USB_SetTurnaroundTime                    0x08004ef5   Thumb Code   158  stm32f7xx_ll_usb.o(i.USB_SetTurnaroundTime)
    USB_WritePacket                          0x08004fdd   Thumb Code    36  stm32f7xx_ll_usb.o(i.USB_WritePacket)
    UsageFault_Handler                       0x08005001   Thumb Code     2  stm32f7xx_it.o(i.UsageFault_Handler)
    __scatterload_copy                       0x08005025   Thumb Code    14  handlers.o(i.__scatterload_copy)
    __scatterload_null                       0x08005033   Thumb Code     2  handlers.o(i.__scatterload_null)
    __scatterload_zeroinit                   0x08005035   Thumb Code    14  handlers.o(i.__scatterload_zeroinit)
    free                                     0x08005045   Thumb Code    76  malloc.o(i.free)
    main                                     0x08005095   Thumb Code   250  main.o(i.main)
    malloc                                   0x080051b5   Thumb Code    92  malloc.o(i.malloc)
    AHBPrescTable                            0x08005220   Data          16  system_stm32f7xx.o(.constdata)
    APBPrescTable                            0x08005230   Data           8  system_stm32f7xx.o(.constdata)
    Region$$Table$$Base                      0x08005238   Number         0  anon$$obj.o(Region$$Table)
    Region$$Table$$Limit                     0x08005258   Number         0  anon$$obj.o(Region$$Table)
    test                                     0x20000000   Data           4  main.o(.data)
    adcvaluek                                0x20000004   Data           4  main.o(.data)
    sensork                                  0x20000008   Data           4  main.o(.data)
    FS_Desc                                  0x2000000c   Data          32  usbd_desc.o(.data)
    USBD_LangIDDesc                          0x2000002c   Data           4  usbd_desc.o(.data)
    USBD_FS_DeviceDesc                       0x20000030   Data          18  usbd_desc.o(.data)
    USBD_FS_BOSDesc                          0x20000044   Data          12  usbd_desc.o(.data)
    USBD_StringSerial                        0x20000050   Data          26  usbd_desc.o(.data)
    USBD_Interface_fops_FS                   0x2000006c   Data          16  usbd_cdc_if.o(.data)
    uwTickFreq                               0x2000007c   Data           1  stm32f7xx_hal.o(.data)
    uwTickPrio                               0x20000080   Data           4  stm32f7xx_hal.o(.data)
    uwTick                                   0x20000084   Data           4  stm32f7xx_hal.o(.data)
    SystemCoreClock                          0x20000088   Data           4  system_stm32f7xx.o(.data)
    USBD_CDC_CfgHSDesc                       0x2000009c   Data          67  usbd_cdc.o(.data)
    USBD_CDC_CfgFSDesc                       0x200000e0   Data          67  usbd_cdc.o(.data)
    USBD_CDC_OtherSpeedCfgDesc               0x20000124   Data          67  usbd_cdc.o(.data)
    USBD_CDC                                 0x20000168   Data          56  usbd_cdc.o(.data)
    __microlib_freelist                      0x200001a0   Data           4  mvars.o(.data)
    __microlib_freelist_initialised          0x200001a4   Data           4  mvars.o(.data)
    hadc1                                    0x200001a8   Data          72  main.o(.bss)
    heth                                     0x200001f0   Data          72  main.o(.bss)
    htim3                                    0x20000238   Data          64  main.o(.bss)
    htim14                                   0x20000278   Data          64  main.o(.bss)
    huart3                                   0x200002b8   Data         128  main.o(.bss)
    hUsbDeviceFS                             0x20000338   Data         668  usb_device.o(.bss)
    hpcd_USB_OTG_FS                          0x200005d4   Data        1028  usbd_conf.o(.bss)
    USBD_StrDesc                             0x200009d8   Data         512  usbd_desc.o(.bss)
    UserRxBufferFS                           0x20000bd8   Data        2048  usbd_cdc_if.o(.bss)
    UserTxBufferFS                           0x200013d8   Data        2048  usbd_cdc_if.o(.bss)
    __heap_base                              0x20001bd8   Data           0  startup_stm32f767xx.o(HEAP)
    __heap_limit                             0x20003bd8   Data           0  startup_stm32f767xx.o(HEAP)
    __initial_sp                             0x20007bd8   Data           0  startup_stm32f767xx.o(STACK)



==============================================================================

Memory Map of the image

  Image Entry point : 0x080001f9

  Load Region LR_IROM1 (Base: 0x08000000, Size: 0x00005400, Max: 0x00200000, ABSOLUTE, COMPRESSED[0x00005328])

    Execution Region ER_IROM1 (Exec base: 0x08000000, Load base: 0x08000000, Size: 0x00005258, Max: 0x00200000, ABSOLUTE)

    Exec Addr    Load Addr    Size         Type   Attr      Idx    E Section Name        Object

    0x08000000   0x08000000   0x000001f8   Data   RO            3    RESET               startup_stm32f767xx.o
    0x080001f8   0x080001f8   0x00000000   Code   RO         5211  * .ARM.Collect$$$$00000000  mc_w.l(entry.o)
    0x080001f8   0x080001f8   0x00000004   Code   RO         5250    .ARM.Collect$$$$00000001  mc_w.l(entry2.o)
    0x080001fc   0x080001fc   0x00000004   Code   RO         5253    .ARM.Collect$$$$00000004  mc_w.l(entry5.o)
    0x08000200   0x08000200   0x00000000   Code   RO         5255    .ARM.Collect$$$$00000008  mc_w.l(entry7b.o)
    0x08000200   0x08000200   0x00000000   Code   RO         5257    .ARM.Collect$$$$0000000A  mc_w.l(entry8b.o)
    0x08000200   0x08000200   0x00000008   Code   RO         5258    .ARM.Collect$$$$0000000B  mc_w.l(entry9a.o)
    0x08000208   0x08000208   0x00000000   Code   RO         5260    .ARM.Collect$$$$0000000D  mc_w.l(entry10a.o)
    0x08000208   0x08000208   0x00000000   Code   RO         5262    .ARM.Collect$$$$0000000F  mc_w.l(entry11a.o)
    0x08000208   0x08000208   0x00000004   Code   RO         5251    .ARM.Collect$$$$00002712  mc_w.l(entry2.o)
    0x0800020c   0x0800020c   0x00000024   Code   RO            4    .text               startup_stm32f767xx.o
    0x08000230   0x08000230   0x00000062   Code   RO         5214    .text               mc_w.l(uldiv.o)
    0x08000292   0x08000292   0x00000024   Code   RO         5216    .text               mc_w.l(memcpya.o)
    0x080002b6   0x080002b6   0x00000024   Code   RO         5218    .text               mc_w.l(memseta.o)
    0x080002da   0x080002da   0x0000001e   Code   RO         5264    .text               mc_w.l(llshl.o)
    0x080002f8   0x080002f8   0x00000020   Code   RO         5266    .text               mc_w.l(llushr.o)
    0x08000318   0x08000318   0x00000024   Code   RO         5270    .text               mc_w.l(init.o)
    0x0800033c   0x0800033c   0x00000056   Code   RO         5280    .text               mc_w.l(__dczerorl2.o)
    0x08000392   0x08000392   0x00000002   PAD
    0x08000394   0x08000394   0x00000138   Code   RO         1356    i.ADC_Init          stm32f7xx_hal_adc.o
    0x080004cc   0x080004cc   0x00000002   Code   RO          613    i.BusFault_Handler  stm32f7xx_it.o
    0x080004ce   0x080004ce   0x00000004   Code   RO          561    i.CDC_Control_FS    usbd_cdc_if.o
    0x080004d2   0x080004d2   0x00000004   Code   RO          562    i.CDC_DeInit_FS     usbd_cdc_if.o
    0x080004d6   0x080004d6   0x00000002   PAD
    0x080004d8   0x080004d8   0x00000024   Code   RO          563    i.CDC_Init_FS       usbd_cdc_if.o
    0x080004fc   0x080004fc   0x00000018   Code   RO          564    i.CDC_Receive_FS    usbd_cdc_if.o
    0x08000514   0x08000514   0x0000002c   Code   RO          565    i.CDC_Transmit_FS   usbd_cdc_if.o
    0x08000540   0x08000540   0x00000002   Code   RO          614    i.DebugMon_Handler  stm32f7xx_it.o
    0x08000542   0x08000542   0x00000002   PAD
    0x08000544   0x08000544   0x00000124   Code   RO         1764    i.ETH_MACDMAConfig  stm32f7xx_hal_eth.o
    0x08000668   0x08000668   0x00000002   Code   RO           13    i.Error_Handler     main.o
    0x0800066a   0x0800066a   0x00000002   PAD
    0x0800066c   0x0800066c   0x00000164   Code   RO         1358    i.HAL_ADC_ConfigChannel  stm32f7xx_hal_adc.o
    0x080007d0   0x080007d0   0x00000006   Code   RO         1365    i.HAL_ADC_GetValue  stm32f7xx_hal_adc.o
    0x080007d6   0x080007d6   0x00000054   Code   RO         1367    i.HAL_ADC_Init      stm32f7xx_hal_adc.o
    0x0800082a   0x0800082a   0x00000002   PAD
    0x0800082c   0x0800082c   0x00000060   Code   RO          702    i.HAL_ADC_MspInit   stm32f7xx_hal_msp.o
    0x0800088c   0x0800088c   0x000000a0   Code   RO         1371    i.HAL_ADC_PollForConversion  stm32f7xx_hal_adc.o
    0x0800092c   0x0800092c   0x000000e0   Code   RO         1373    i.HAL_ADC_Start     stm32f7xx_hal_adc.o
    0x08000a0c   0x08000a0c   0x00000024   Code   RO         4033    i.HAL_Delay         stm32f7xx_hal.o
    0x08000a30   0x08000a30   0x000001f0   Code   RO         1775    i.HAL_ETH_Init      stm32f7xx_hal_eth.o
    0x08000c20   0x08000c20   0x000000e8   Code   RO          704    i.HAL_ETH_MspInit   stm32f7xx_hal_msp.o
    0x08000d08   0x08000d08   0x00000086   Code   RO         1778    i.HAL_ETH_ReadPHYRegister  stm32f7xx_hal_eth.o
    0x08000d8e   0x08000d8e   0x00000002   PAD
    0x08000d90   0x08000d90   0x0000007a   Code   RO         1784    i.HAL_ETH_WritePHYRegister  stm32f7xx_hal_eth.o
    0x08000e0a   0x08000e0a   0x00000002   PAD
    0x08000e0c   0x08000e0c   0x000001d8   Code   RO         3600    i.HAL_GPIO_Init     stm32f7xx_hal_gpio.o
    0x08000fe4   0x08000fe4   0x0000000a   Code   RO         3604    i.HAL_GPIO_WritePin  stm32f7xx_hal_gpio.o
    0x08000fee   0x08000fee   0x00000002   PAD
    0x08000ff0   0x08000ff0   0x0000000c   Code   RO         4043    i.HAL_GetTick       stm32f7xx_hal.o
    0x08000ffc   0x08000ffc   0x00000010   Code   RO         4049    i.HAL_IncTick       stm32f7xx_hal.o
    0x0800100c   0x0800100c   0x00000016   Code   RO         4050    i.HAL_Init          stm32f7xx_hal.o
    0x08001022   0x08001022   0x00000002   PAD
    0x08001024   0x08001024   0x00000040   Code   RO         4051    i.HAL_InitTick      stm32f7xx_hal.o
    0x08001064   0x08001064   0x00000030   Code   RO          705    i.HAL_MspInit       stm32f7xx_hal_msp.o
    0x08001094   0x08001094   0x0000001a   Code   RO         1633    i.HAL_NVIC_EnableIRQ  stm32f7xx_hal_cortex.o
    0x080010ae   0x080010ae   0x00000002   PAD
    0x080010b0   0x080010b0   0x00000040   Code   RO         1639    i.HAL_NVIC_SetPriority  stm32f7xx_hal_cortex.o
    0x080010f0   0x080010f0   0x00000024   Code   RO         1640    i.HAL_NVIC_SetPriorityGrouping  stm32f7xx_hal_cortex.o
    0x08001114   0x08001114   0x00000028   Code   RO          999    i.HAL_PCDEx_ActivateLPM  stm32f7xx_hal_pcd_ex.o
    0x0800113c   0x0800113c   0x00000060   Code   RO          268    i.HAL_PCDEx_LPM_Callback  usbd_conf.o
    0x0800119c   0x0800119c   0x00000008   Code   RO         1003    i.HAL_PCDEx_SetRxFiFo  stm32f7xx_hal_pcd_ex.o
    0x080011a4   0x080011a4   0x00000046   Code   RO         1004    i.HAL_PCDEx_SetTxFiFo  stm32f7xx_hal_pcd_ex.o
    0x080011ea   0x080011ea   0x00000008   Code   RO          269    i.HAL_PCD_ConnectCallback  usbd_conf.o
    0x080011f2   0x080011f2   0x00000012   Code   RO          270    i.HAL_PCD_DataInStageCallback  usbd_conf.o
    0x08001204   0x08001204   0x00000014   Code   RO          271    i.HAL_PCD_DataOutStageCallback  usbd_conf.o
    0x08001218   0x08001218   0x00000008   Code   RO          272    i.HAL_PCD_DisconnectCallback  usbd_conf.o
    0x08001220   0x08001220   0x0000004c   Code   RO          788    i.HAL_PCD_EP_Close  stm32f7xx_hal_pcd.o
    0x0800126c   0x0800126c   0x0000005c   Code   RO          789    i.HAL_PCD_EP_ClrStall  stm32f7xx_hal_pcd.o
    0x080012c8   0x080012c8   0x00000012   Code   RO          791    i.HAL_PCD_EP_GetRxCount  stm32f7xx_hal_pcd.o
    0x080012da   0x080012da   0x00000060   Code   RO          792    i.HAL_PCD_EP_Open   stm32f7xx_hal_pcd.o
    0x0800133a   0x0800133a   0x00000044   Code   RO          793    i.HAL_PCD_EP_Receive  stm32f7xx_hal_pcd.o
    0x0800137e   0x0800137e   0x00000074   Code   RO          794    i.HAL_PCD_EP_SetStall  stm32f7xx_hal_pcd.o
    0x080013f2   0x080013f2   0x00000044   Code   RO          795    i.HAL_PCD_EP_Transmit  stm32f7xx_hal_pcd.o
    0x08001436   0x08001436   0x00000002   PAD
    0x08001438   0x08001438   0x000004aa   Code   RO          797    i.HAL_PCD_IRQHandler  stm32f7xx_hal_pcd.o
    0x080018e2   0x080018e2   0x00000008   Code   RO          273    i.HAL_PCD_ISOINIncompleteCallback  usbd_conf.o
    0x080018ea   0x080018ea   0x00000008   Code   RO          274    i.HAL_PCD_ISOOUTIncompleteCallback  usbd_conf.o
    0x080018f2   0x080018f2   0x00000002   PAD
    0x080018f4   0x080018f4   0x000000ea   Code   RO          800    i.HAL_PCD_Init      stm32f7xx_hal_pcd.o
    0x080019de   0x080019de   0x00000002   PAD
    0x080019e0   0x080019e0   0x0000009c   Code   RO          276    i.HAL_PCD_MspInit   usbd_conf.o
    0x08001a7c   0x08001a7c   0x0000002c   Code   RO          277    i.HAL_PCD_ResetCallback  usbd_conf.o
    0x08001aa8   0x08001aa8   0x00000008   Code   RO          278    i.HAL_PCD_ResumeCallback  usbd_conf.o
    0x08001ab0   0x08001ab0   0x00000008   Code   RO          279    i.HAL_PCD_SOFCallback  usbd_conf.o
    0x08001ab8   0x08001ab8   0x00000028   Code   RO          806    i.HAL_PCD_SetAddress  stm32f7xx_hal_pcd.o
    0x08001ae0   0x08001ae0   0x0000000e   Code   RO          280    i.HAL_PCD_SetupStageCallback  usbd_conf.o
    0x08001aee   0x08001aee   0x0000002a   Code   RO          808    i.HAL_PCD_Start     stm32f7xx_hal_pcd.o
    0x08001b18   0x08001b18   0x00000030   Code   RO          281    i.HAL_PCD_SuspendCallback  usbd_conf.o
    0x08001b48   0x08001b48   0x00000010   Code   RO         3817    i.HAL_PWR_EnableBkUpAccess  stm32f7xx_hal_pwr.o
    0x08001b58   0x08001b58   0x0000053c   Code   RO         3361    i.HAL_RCCEx_PeriphCLKConfig  stm32f7xx_hal_rcc_ex.o
    0x08002094   0x08002094   0x0000012c   Code   RO         3254    i.HAL_RCC_ClockConfig  stm32f7xx_hal_rcc.o
    0x080021c0   0x080021c0   0x0000000c   Code   RO         3259    i.HAL_RCC_GetHCLKFreq  stm32f7xx_hal_rcc.o
    0x080021cc   0x080021cc   0x00000020   Code   RO         3261    i.HAL_RCC_GetPCLK1Freq  stm32f7xx_hal_rcc.o
    0x080021ec   0x080021ec   0x00000020   Code   RO         3262    i.HAL_RCC_GetPCLK2Freq  stm32f7xx_hal_rcc.o
    0x0800220c   0x0800220c   0x00000060   Code   RO         3263    i.HAL_RCC_GetSysClockFreq  stm32f7xx_hal_rcc.o
    0x0800226c   0x0800226c   0x0000033c   Code   RO         3266    i.HAL_RCC_OscConfig  stm32f7xx_hal_rcc.o
    0x080025a8   0x080025a8   0x00000026   Code   RO         1644    i.HAL_SYSTICK_Config  stm32f7xx_hal_cortex.o
    0x080025ce   0x080025ce   0x00000002   Code   RO         2598    i.HAL_TIMEx_Break2Callback  stm32f7xx_hal_tim_ex.o
    0x080025d0   0x080025d0   0x00000002   Code   RO         2599    i.HAL_TIMEx_BreakCallback  stm32f7xx_hal_tim_ex.o
    0x080025d2   0x080025d2   0x00000002   Code   RO         2600    i.HAL_TIMEx_CommutCallback  stm32f7xx_hal_tim_ex.o
    0x080025d4   0x080025d4   0x00000060   Code   RO         2619    i.HAL_TIMEx_MasterConfigSynchronization  stm32f7xx_hal_tim_ex.o
    0x08002634   0x08002634   0x00000036   Code   RO         1913    i.HAL_TIM_Base_Init  stm32f7xx_hal_tim.o
    0x0800266a   0x0800266a   0x00000002   PAD
    0x0800266c   0x0800266c   0x00000054   Code   RO          707    i.HAL_TIM_Base_MspInit  stm32f7xx_hal_msp.o
    0x080026c0   0x080026c0   0x0000002c   Code   RO         1918    i.HAL_TIM_Base_Start_IT  stm32f7xx_hal_tim.o
    0x080026ec   0x080026ec   0x000000dc   Code   RO         1922    i.HAL_TIM_ConfigClockSource  stm32f7xx_hal_tim.o
    0x080027c8   0x080027c8   0x00000002   Code   RO         1942    i.HAL_TIM_IC_CaptureCallback  stm32f7xx_hal_tim.o
    0x080027ca   0x080027ca   0x00000182   Code   RO         1956    i.HAL_TIM_IRQHandler  stm32f7xx_hal_tim.o
    0x0800294c   0x0800294c   0x00000050   Code   RO          708    i.HAL_TIM_MspPostInit  stm32f7xx_hal_msp.o
    0x0800299c   0x0800299c   0x00000002   Code   RO         1959    i.HAL_TIM_OC_DelayElapsedCallback  stm32f7xx_hal_tim.o
    0x0800299e   0x0800299e   0x00000128   Code   RO         1980    i.HAL_TIM_PWM_ConfigChannel  stm32f7xx_hal_tim.o
    0x08002ac6   0x08002ac6   0x00000036   Code   RO         1983    i.HAL_TIM_PWM_Init  stm32f7xx_hal_tim.o
    0x08002afc   0x08002afc   0x00000002   Code   RO         1985    i.HAL_TIM_PWM_MspInit  stm32f7xx_hal_tim.o
    0x08002afe   0x08002afe   0x00000002   Code   RO         1986    i.HAL_TIM_PWM_PulseFinishedCallback  stm32f7xx_hal_tim.o
    0x08002b00   0x08002b00   0x0000004c   Code   RO         1988    i.HAL_TIM_PWM_Start  stm32f7xx_hal_tim.o
    0x08002b4c   0x08002b4c   0x00000002   Code   RO         1994    i.HAL_TIM_PeriodElapsedCallback  stm32f7xx_hal_tim.o
    0x08002b4e   0x08002b4e   0x00000002   Code   RO         1999    i.HAL_TIM_TriggerCallback  stm32f7xx_hal_tim.o
    0x08002b50   0x08002b50   0x00000066   Code   RO         2893    i.HAL_UART_Init     stm32f7xx_hal_uart.o
    0x08002bb6   0x08002bb6   0x00000002   PAD
    0x08002bb8   0x08002bb8   0x00000064   Code   RO          710    i.HAL_UART_MspInit  stm32f7xx_hal_msp.o
    0x08002c1c   0x08002c1c   0x00000002   Code   RO          615    i.HardFault_Handler  stm32f7xx_it.o
    0x08002c1e   0x08002c1e   0x00000002   PAD
    0x08002c20   0x08002c20   0x00000038   Code   RO          469    i.IntToUnicode      usbd_desc.o
    0x08002c58   0x08002c58   0x00000054   Code   RO           14    i.MX_ADC1_Init      main.o
    0x08002cac   0x08002cac   0x00000048   Code   RO           15    i.MX_ETH_Init       main.o
    0x08002cf4   0x08002cf4   0x00000124   Code   RO           16    i.MX_GPIO_Init      main.o
    0x08002e18   0x08002e18   0x00000080   Code   RO           17    i.MX_TIM3_Init      main.o
    0x08002e98   0x08002e98   0x00000030   Code   RO           18    i.MX_USART3_UART_Init  main.o
    0x08002ec8   0x08002ec8   0x00000054   Code   RO          237    i.MX_USB_DEVICE_Init  usb_device.o
    0x08002f1c   0x08002f1c   0x00000002   Code   RO          616    i.MemManage_Handler  stm32f7xx_it.o
    0x08002f1e   0x08002f1e   0x00000002   Code   RO          617    i.NMI_Handler       stm32f7xx_it.o
    0x08002f20   0x08002f20   0x0000000c   Code   RO          618    i.OTG_FS_IRQHandler  stm32f7xx_it.o
    0x08002f2c   0x08002f2c   0x000000dc   Code   RO          811    i.PCD_EP_OutXfrComplete_int  stm32f7xx_hal_pcd.o
    0x08003008   0x08003008   0x000000a2   Code   RO          812    i.PCD_WriteEmptyTxFifo  stm32f7xx_hal_pcd.o
    0x080030aa   0x080030aa   0x00000002   Code   RO          619    i.PendSV_Handler    stm32f7xx_it.o
    0x080030ac   0x080030ac   0x00000002   Code   RO          620    i.SVC_Handler       stm32f7xx_it.o
    0x080030ae   0x080030ae   0x00000004   Code   RO          621    i.SysTick_Handler   stm32f7xx_it.o
    0x080030b2   0x080030b2   0x00000002   PAD
    0x080030b4   0x080030b4   0x000000a8   Code   RO           19    i.SystemClock_Config  main.o
    0x0800315c   0x0800315c   0x00000054   Code   RO         4808    i.SystemInit        system_stm32f7xx.o
    0x080031b0   0x080031b0   0x0000000c   Code   RO          622    i.TIM8_TRG_COM_TIM14_IRQHandler  stm32f7xx_it.o
    0x080031bc   0x080031bc   0x000000cc   Code   RO         2001    i.TIM_Base_SetConfig  stm32f7xx_hal_tim.o
    0x08003288   0x08003288   0x0000001a   Code   RO         2002    i.TIM_CCxChannelCmd  stm32f7xx_hal_tim.o
    0x080032a2   0x080032a2   0x00000012   Code   RO         2012    i.TIM_ETR_SetConfig  stm32f7xx_hal_tim.o
    0x080032b4   0x080032b4   0x00000010   Code   RO         2013    i.TIM_ITRx_SetConfig  stm32f7xx_hal_tim.o
    0x080032c4   0x080032c4   0x00000074   Code   RO         2014    i.TIM_OC1_SetConfig  stm32f7xx_hal_tim.o
    0x08003338   0x08003338   0x00000078   Code   RO         2015    i.TIM_OC2_SetConfig  stm32f7xx_hal_tim.o
    0x080033b0   0x080033b0   0x00000078   Code   RO         2016    i.TIM_OC3_SetConfig  stm32f7xx_hal_tim.o
    0x08003428   0x08003428   0x00000058   Code   RO         2017    i.TIM_OC4_SetConfig  stm32f7xx_hal_tim.o
    0x08003480   0x08003480   0x00000058   Code   RO         2018    i.TIM_OC5_SetConfig  stm32f7xx_hal_tim.o
    0x080034d8   0x080034d8   0x00000058   Code   RO         2019    i.TIM_OC6_SetConfig  stm32f7xx_hal_tim.o
    0x08003530   0x08003530   0x00000022   Code   RO         2021    i.TIM_TI1_ConfigInputStage  stm32f7xx_hal_tim.o
    0x08003552   0x08003552   0x00000024   Code   RO         2023    i.TIM_TI2_ConfigInputStage  stm32f7xx_hal_tim.o
    0x08003576   0x08003576   0x000000c8   Code   RO         2906    i.UART_AdvFeatureConfig  stm32f7xx_hal_uart.o
    0x0800363e   0x0800363e   0x0000003c   Code   RO         2907    i.UART_CheckIdleState  stm32f7xx_hal_uart.o
    0x0800367a   0x0800367a   0x00000002   PAD
    0x0800367c   0x0800367c   0x00000254   Code   RO         2922    i.UART_SetConfig    stm32f7xx_hal_uart.o
    0x080038d0   0x080038d0   0x00000060   Code   RO         2925    i.UART_WaitOnFlagUntilTimeout  stm32f7xx_hal_uart.o
    0x08003930   0x08003930   0x0000004a   Code   RO         5108    i.USBD_CDC_DataIn   usbd_cdc.o
    0x0800397a   0x0800397a   0x0000002e   Code   RO         5109    i.USBD_CDC_DataOut  usbd_cdc.o
    0x080039a8   0x080039a8   0x00000044   Code   RO         5110    i.USBD_CDC_DeInit   usbd_cdc.o
    0x080039ec   0x080039ec   0x00000024   Code   RO         5111    i.USBD_CDC_EP0_RxReady  usbd_cdc.o
    0x08003a10   0x08003a10   0x0000000c   Code   RO         5112    i.USBD_CDC_GetDeviceQualifierDescriptor  usbd_cdc.o
    0x08003a1c   0x08003a1c   0x0000000c   Code   RO         5113    i.USBD_CDC_GetFSCfgDesc  usbd_cdc.o
    0x08003a28   0x08003a28   0x0000000c   Code   RO         5114    i.USBD_CDC_GetHSCfgDesc  usbd_cdc.o
    0x08003a34   0x08003a34   0x0000000c   Code   RO         5115    i.USBD_CDC_GetOtherSpeedCfgDesc  usbd_cdc.o
    0x08003a40   0x08003a40   0x00000094   Code   RO         5116    i.USBD_CDC_Init     usbd_cdc.o
    0x08003ad4   0x08003ad4   0x00000028   Code   RO         5117    i.USBD_CDC_ReceivePacket  usbd_cdc.o
    0x08003afc   0x08003afc   0x00000014   Code   RO         5118    i.USBD_CDC_RegisterInterface  usbd_cdc.o
    0x08003b10   0x08003b10   0x0000000c   Code   RO         5119    i.USBD_CDC_SetRxBuffer  usbd_cdc.o
    0x08003b1c   0x08003b1c   0x00000010   Code   RO         5120    i.USBD_CDC_SetTxBuffer  usbd_cdc.o
    0x08003b2c   0x08003b2c   0x000000ae   Code   RO         5121    i.USBD_CDC_Setup    usbd_cdc.o
    0x08003bda   0x08003bda   0x00000036   Code   RO         5122    i.USBD_CDC_TransmitPacket  usbd_cdc.o
    0x08003c10   0x08003c10   0x0000000e   Code   RO         4845    i.USBD_ClrClassConfig  usbd_core.o
    0x08003c1e   0x08003c1e   0x00000010   Code   RO         5048    i.USBD_CtlContinueRx  usbd_ioreq.o
    0x08003c2e   0x08003c2e   0x00000010   Code   RO         5049    i.USBD_CtlContinueSendData  usbd_ioreq.o
    0x08003c3e   0x08003c3e   0x00000016   Code   RO         4983    i.USBD_CtlError     usbd_ctlreq.o
    0x08003c54   0x08003c54   0x0000001e   Code   RO         5050    i.USBD_CtlPrepareRx  usbd_ioreq.o
    0x08003c72   0x08003c72   0x00000016   Code   RO         5051    i.USBD_CtlReceiveStatus  usbd_ioreq.o
    0x08003c88   0x08003c88   0x0000001a   Code   RO         5052    i.USBD_CtlSendData  usbd_ioreq.o
    0x08003ca2   0x08003ca2   0x00000016   Code   RO         5053    i.USBD_CtlSendStatus  usbd_ioreq.o
    0x08003cb8   0x08003cb8   0x00000020   Code   RO          470    i.USBD_FS_ConfigStrDescriptor  usbd_desc.o
    0x08003cd8   0x08003cd8   0x0000000c   Code   RO          471    i.USBD_FS_DeviceDescriptor  usbd_desc.o
    0x08003ce4   0x08003ce4   0x00000024   Code   RO          472    i.USBD_FS_InterfaceStrDescriptor  usbd_desc.o
    0x08003d08   0x08003d08   0x0000000c   Code   RO          473    i.USBD_FS_LangIDStrDescriptor  usbd_desc.o
    0x08003d14   0x08003d14   0x00000028   Code   RO          474    i.USBD_FS_ManufacturerStrDescriptor  usbd_desc.o
    0x08003d3c   0x08003d3c   0x0000002c   Code   RO          475    i.USBD_FS_ProductStrDescriptor  usbd_desc.o
    0x08003d68   0x08003d68   0x0000003c   Code   RO          476    i.USBD_FS_SerialStrDescriptor  usbd_desc.o
    0x08003da4   0x08003da4   0x0000000c   Code   RO          477    i.USBD_FS_USR_BOSDescriptor  usbd_desc.o
    0x08003db0   0x08003db0   0x000000fe   Code   RO         4984    i.USBD_GetDescriptor  usbd_ctlreq.o
    0x08003eae   0x08003eae   0x0000004a   Code   RO         4985    i.USBD_GetString    usbd_ctlreq.o
    0x08003ef8   0x08003ef8   0x00000018   Code   RO          282    i.USBD_Get_USB_Status  usbd_conf.o
    0x08003f10   0x08003f10   0x0000002a   Code   RO         4847    i.USBD_Init         usbd_core.o
    0x08003f3a   0x08003f3a   0x00000012   Code   RO          283    i.USBD_LL_ClearStallEP  usbd_conf.o
    0x08003f4c   0x08003f4c   0x00000012   Code   RO          284    i.USBD_LL_CloseEP   usbd_conf.o
    0x08003f5e   0x08003f5e   0x000000c2   Code   RO         4848    i.USBD_LL_DataInStage  usbd_core.o
    0x08004020   0x08004020   0x00000082   Code   RO         4849    i.USBD_LL_DataOutStage  usbd_core.o
    0x080040a2   0x080040a2   0x00000004   Code   RO         4850    i.USBD_LL_DevConnected  usbd_core.o
    0x080040a6   0x080040a6   0x00000016   Code   RO         4851    i.USBD_LL_DevDisconnected  usbd_core.o
    0x080040bc   0x080040bc   0x00000008   Code   RO          288    i.USBD_LL_GetRxDataSize  usbd_conf.o
    0x080040c4   0x080040c4   0x00000060   Code   RO          289    i.USBD_LL_Init      usbd_conf.o
    0x08004124   0x08004124   0x00000020   Code   RO          290    i.USBD_LL_IsStallEP  usbd_conf.o
    0x08004144   0x08004144   0x00000004   Code   RO         4852    i.USBD_LL_IsoINIncomplete  usbd_core.o
    0x08004148   0x08004148   0x00000004   Code   RO         4853    i.USBD_LL_IsoOUTIncomplete  usbd_core.o
    0x0800414c   0x0800414c   0x00000018   Code   RO          291    i.USBD_LL_OpenEP    usbd_conf.o
    0x08004164   0x08004164   0x00000012   Code   RO          292    i.USBD_LL_PrepareReceive  usbd_conf.o
    0x08004176   0x08004176   0x00000050   Code   RO         4854    i.USBD_LL_Reset     usbd_core.o
    0x080041c6   0x080041c6   0x0000000c   Code   RO         4855    i.USBD_LL_Resume    usbd_core.o
    0x080041d2   0x080041d2   0x00000018   Code   RO         4856    i.USBD_LL_SOF       usbd_core.o
    0x080041ea   0x080041ea   0x00000006   Code   RO         4857    i.USBD_LL_SetSpeed  usbd_core.o
    0x080041f0   0x080041f0   0x00000012   Code   RO          293    i.USBD_LL_SetUSBAddress  usbd_conf.o
    0x08004202   0x08004202   0x00000056   Code   RO         4858    i.USBD_LL_SetupStage  usbd_core.o
    0x08004258   0x08004258   0x00000012   Code   RO          294    i.USBD_LL_StallEP   usbd_conf.o
    0x0800426a   0x0800426a   0x00000012   Code   RO          295    i.USBD_LL_Start     usbd_conf.o
    0x0800427c   0x0800427c   0x00000012   Code   RO         4859    i.USBD_LL_Suspend   usbd_core.o
    0x0800428e   0x0800428e   0x00000012   Code   RO          297    i.USBD_LL_Transmit  usbd_conf.o
    0x080042a0   0x080042a0   0x00000028   Code   RO         4986    i.USBD_ParseSetupRequest  usbd_ctlreq.o
    0x080042c8   0x080042c8   0x00000012   Code   RO         4860    i.USBD_RegisterClass  usbd_core.o
    0x080042da   0x080042da   0x00000016   Code   RO         4862    i.USBD_SetClassConfig  usbd_core.o
    0x080042f0   0x080042f0   0x00000088   Code   RO         4987    i.USBD_SetConfig    usbd_ctlreq.o
    0x08004378   0x08004378   0x0000000a   Code   RO         4863    i.USBD_Start        usbd_core.o
    0x08004382   0x08004382   0x00000114   Code   RO         4988    i.USBD_StdDevReq    usbd_ctlreq.o
    0x08004496   0x08004496   0x00000150   Code   RO         4989    i.USBD_StdEPReq     usbd_ctlreq.o
    0x080045e6   0x080045e6   0x0000004e   Code   RO         4990    i.USBD_StdItfReq    usbd_ctlreq.o
    0x08004634   0x08004634   0x00000080   Code   RO         1054    i.USB_ActivateEndpoint  stm32f7xx_ll_usb.o
    0x080046b4   0x080046b4   0x00000034   Code   RO         1056    i.USB_ActivateSetup  stm32f7xx_ll_usb.o
    0x080046e8   0x080046e8   0x0000006c   Code   RO         1058    i.USB_CoreInit      stm32f7xx_ll_usb.o
    0x08004754   0x08004754   0x00000038   Code   RO         1059    i.USB_CoreReset     stm32f7xx_ll_usb.o
    0x0800478c   0x0800478c   0x00000080   Code   RO         1062    i.USB_DeactivateEndpoint  stm32f7xx_ll_usb.o
    0x0800480c   0x0800480c   0x00000018   Code   RO         1063    i.USB_DevConnect    stm32f7xx_ll_usb.o
    0x08004824   0x08004824   0x00000018   Code   RO         1064    i.USB_DevDisconnect  stm32f7xx_ll_usb.o
    0x0800483c   0x0800483c   0x00000194   Code   RO         1065    i.USB_DevInit       stm32f7xx_ll_usb.o
    0x080049d0   0x080049d0   0x0000000c   Code   RO         1066    i.USB_DisableGlobalInt  stm32f7xx_ll_usb.o
    0x080049dc   0x080049dc   0x00000110   Code   RO         1069    i.USB_EP0StartXfer  stm32f7xx_ll_usb.o
    0x08004aec   0x08004aec   0x00000058   Code   RO         1070    i.USB_EP0_OutStart  stm32f7xx_ll_usb.o
    0x08004b44   0x08004b44   0x00000058   Code   RO         1071    i.USB_EPClearStall  stm32f7xx_ll_usb.o
    0x08004b9c   0x08004b9c   0x00000058   Code   RO         1072    i.USB_EPSetStall    stm32f7xx_ll_usb.o
    0x08004bf4   0x08004bf4   0x000001c8   Code   RO         1073    i.USB_EPStartXfer   stm32f7xx_ll_usb.o
    0x08004dbc   0x08004dbc   0x0000000c   Code   RO         1074    i.USB_EnableGlobalInt  stm32f7xx_ll_usb.o
    0x08004dc8   0x08004dc8   0x00000020   Code   RO         1075    i.USB_FlushRxFifo   stm32f7xx_ll_usb.o
    0x08004de8   0x08004de8   0x00000024   Code   RO         1076    i.USB_FlushTxFifo   stm32f7xx_ll_usb.o
    0x08004e0c   0x08004e0c   0x0000001a   Code   RO         1078    i.USB_GetDevSpeed   stm32f7xx_ll_usb.o
    0x08004e26   0x08004e26   0x00000008   Code   RO         1080    i.USB_GetMode       stm32f7xx_ll_usb.o
    0x08004e2e   0x08004e2e   0x0000000e   Code   RO         1087    i.USB_ReadDevAllInEpInterrupt  stm32f7xx_ll_usb.o
    0x08004e3c   0x08004e3c   0x0000000e   Code   RO         1088    i.USB_ReadDevAllOutEpInterrupt  stm32f7xx_ll_usb.o
    0x08004e4a   0x08004e4a   0x00000024   Code   RO         1089    i.USB_ReadDevInEPInterrupt  stm32f7xx_ll_usb.o
    0x08004e6e   0x08004e6e   0x00000010   Code   RO         1090    i.USB_ReadDevOutEPInterrupt  stm32f7xx_ll_usb.o
    0x08004e7e   0x08004e7e   0x00000008   Code   RO         1091    i.USB_ReadInterrupts  stm32f7xx_ll_usb.o
    0x08004e86   0x08004e86   0x0000001c   Code   RO         1092    i.USB_ReadPacket    stm32f7xx_ll_usb.o
    0x08004ea2   0x08004ea2   0x0000002e   Code   RO         1094    i.USB_SetCurrentMode  stm32f7xx_ll_usb.o
    0x08004ed0   0x08004ed0   0x00000022   Code   RO         1095    i.USB_SetDevAddress  stm32f7xx_ll_usb.o
    0x08004ef2   0x08004ef2   0x00000002   PAD
    0x08004ef4   0x08004ef4   0x000000e8   Code   RO         1097    i.USB_SetTurnaroundTime  stm32f7xx_ll_usb.o
    0x08004fdc   0x08004fdc   0x00000024   Code   RO         1100    i.USB_WritePacket   stm32f7xx_ll_usb.o
    0x08005000   0x08005000   0x00000002   Code   RO          623    i.UsageFault_Handler  stm32f7xx_it.o
    0x08005002   0x08005002   0x00000022   Code   RO         1646    i.__NVIC_SetPriority  stm32f7xx_hal_cortex.o
    0x08005024   0x08005024   0x0000000e   Code   RO         5274    i.__scatterload_copy  mc_w.l(handlers.o)
    0x08005032   0x08005032   0x00000002   Code   RO         5275    i.__scatterload_null  mc_w.l(handlers.o)
    0x08005034   0x08005034   0x0000000e   Code   RO         5276    i.__scatterload_zeroinit  mc_w.l(handlers.o)
    0x08005042   0x08005042   0x00000002   PAD
    0x08005044   0x08005044   0x00000050   Code   RO         5222    i.free              mc_w.l(malloc.o)
    0x08005094   0x08005094   0x00000120   Code   RO           20    i.main              main.o
    0x080051b4   0x080051b4   0x0000006c   Code   RO         5223    i.malloc            mc_w.l(malloc.o)
    0x08005220   0x08005220   0x00000010   Data   RO         4809    .constdata          system_stm32f7xx.o
    0x08005230   0x08005230   0x00000008   Data   RO         4810    .constdata          system_stm32f7xx.o
    0x08005238   0x08005238   0x00000020   Data   RO         5272    Region$$Table       anon$$obj.o


    Execution Region RW_IRAM1 (Exec base: 0x20000000, Load base: 0x08005258, Size: 0x00007bd8, Max: 0x00080000, ABSOLUTE, COMPRESSED[0x000000d0])

    Exec Addr    Load Addr    Size         Type   Attr      Idx    E Section Name        Object

    0x20000000   COMPRESSED   0x0000000c   Data   RW           22    .data               main.o
    0x2000000c   COMPRESSED   0x00000020   Data   RW          479    .data               usbd_desc.o
    0x2000002c   COMPRESSED   0x0000003e   Data   RW          480    .data               usbd_desc.o
    0x2000006a   COMPRESSED   0x00000002   PAD
    0x2000006c   COMPRESSED   0x00000010   Data   RW          567    .data               usbd_cdc_if.o
    0x2000007c   COMPRESSED   0x0000000c   Data   RW         4057    .data               stm32f7xx_hal.o
    0x20000088   COMPRESSED   0x00000004   Data   RW         4811    .data               system_stm32f7xx.o
    0x2000008c   COMPRESSED   0x00000001   Data   RW         4991    .data               usbd_ctlreq.o
    0x2000008d   COMPRESSED   0x00000003   PAD
    0x20000090   COMPRESSED   0x000000d7   Data   RW         5123    .data               usbd_cdc.o
    0x20000167   COMPRESSED   0x00000001   PAD
    0x20000168   COMPRESSED   0x00000038   Data   RW         5124    .data               usbd_cdc.o
    0x200001a0   COMPRESSED   0x00000004   Data   RW         5268    .data               mc_w.l(mvars.o)
    0x200001a4   COMPRESSED   0x00000004   Data   RW         5269    .data               mc_w.l(mvars.o)
    0x200001a8        -       0x00000190   Zero   RW           21    .bss                main.o
    0x20000338        -       0x0000029c   Zero   RW          238    .bss                usb_device.o
    0x200005d4        -       0x00000404   Zero   RW          298    .bss                usbd_conf.o
    0x200009d8        -       0x00000200   Zero   RW          478    .bss                usbd_desc.o
    0x20000bd8        -       0x00001000   Zero   RW          566    .bss                usbd_cdc_if.o
    0x20001bd8        -       0x00002000   Zero   RW            2    HEAP                startup_stm32f767xx.o
    0x20003bd8        -       0x00004000   Zero   RW            1    STACK               startup_stm32f767xx.o


==============================================================================

Image component sizes


      Code (inc. data)   RO Data    RW Data    ZI Data      Debug   Object Name

      1082        118          0         12        400     931077   main.o
        36          8        504          0      24576        852   startup_stm32f767xx.o
       150         24          0         12          0       9305   stm32f7xx_hal.o
      1142         48          0          0          0       5310   stm32f7xx_hal_adc.o
       198         12          0          0          0      39083   stm32f7xx_hal_cortex.o
      1044         66          0          0          0       5404   stm32f7xx_hal_eth.o
       482         54          0          0          0       2616   stm32f7xx_hal_gpio.o
       640         82          0          0          0       4562   stm32f7xx_hal_msp.o
      2426         16          0          0          0      13313   stm32f7xx_hal_pcd.o
       118          6          0          0          0       2560   stm32f7xx_hal_pcd_ex.o
        16          4          0          0          0        563   stm32f7xx_hal_pwr.o
      1300         70          0          0          0       5696   stm32f7xx_hal_rcc.o
      1340         22          0          0          0       2352   stm32f7xx_hal_rcc_ex.o
      2096        146          0          0          0      19070   stm32f7xx_hal_tim.o
       102          8          0          0          0       3128   stm32f7xx_hal_tim_ex.o
      1054         70          0          0          0       5105   stm32f7xx_hal_uart.o
        44         12          0          0          0       5202   stm32f7xx_it.o
      2506        138          0          0          0      23199   stm32f7xx_ll_usb.o
        84         16         24          4          0       1275   system_stm32f7xx.o
        84         18          0          0        668        816   usb_device.o
       736         16          0        271          0      13778   usbd_cdc.o
       112         22          0         16       4096       3424   usbd_cdc_if.o
       754         24          0          0       1028      16089   usbd_conf.o
       690          0          0          0          0      12565   usbd_core.o
      1216         22          0          1          0       8344   usbd_ctlreq.o
       304        110          0         94        512       6745   usbd_desc.o
       132          0          0          0          0       4644   usbd_ioreq.o

    ----------------------------------------------------------------------
     19924       1132        560        416      31280    1146077   Object Totals
         0          0         32          0          0          0   (incl. Generated)
        36          0          0          6          0          0   (incl. Padding)

    ----------------------------------------------------------------------

      Code (inc. data)   RO Data    RW Data    ZI Data      Debug   Library Member Name

        86          0          0          0          0          0   __dczerorl2.o
         0          0          0          0          0          0   entry.o
         0          0          0          0          0          0   entry10a.o
         0          0          0          0          0          0   entry11a.o
         8          4          0          0          0          0   entry2.o
         4          0          0          0          0          0   entry5.o
         0          0          0          0          0          0   entry7b.o
         0          0          0          0          0          0   entry8b.o
         8          4          0          0          0          0   entry9a.o
        30          0          0          0          0          0   handlers.o
        36          8          0          0          0         68   init.o
        30          0          0          0          0         68   llshl.o
        32          0          0          0          0         68   llushr.o
       188         20          0          0          0        160   malloc.o
        36          0          0          0          0         68   memcpya.o
        36          0          0          0          0        108   memseta.o
         0          0          0          8          0          0   mvars.o
        98          0          0          0          0         92   uldiv.o

    ----------------------------------------------------------------------
       596         36          0          8          0        632   Library Totals
         4          0          0          0          0          0   (incl. Padding)

    ----------------------------------------------------------------------

      Code (inc. data)   RO Data    RW Data    ZI Data      Debug   Library Name

       592         36          0          8          0        632   mc_w.l

    ----------------------------------------------------------------------
       596         36          0          8          0        632   Library Totals

    ----------------------------------------------------------------------

==============================================================================


      Code (inc. data)   RO Data    RW Data    ZI Data      Debug   

     20520       1168        560        424      31280    1125433   Grand Totals
     20520       1168        560        208      31280    1125433   ELF Image Totals (compressed)
     20520       1168        560        208          0          0   ROM Totals

==============================================================================

    Total RO  Size (Code + RO Data)                21080 (  20.59kB)
    Total RW  Size (RW Data + ZI Data)             31704 (  30.96kB)
    Total ROM Size (Code + RO Data + RW Data)      21288 (  20.79kB)

==============================================================================

