Component: ARM Compiler 5.06 update 6 (build 750) Tool: armlink [4d35ed]

==============================================================================

Section Cross References

    startup_stm32f767xx.o(RESET) refers to startup_stm32f767xx.o(STACK) for __initial_sp
    startup_stm32f767xx.o(RESET) refers to startup_stm32f767xx.o(.text) for Reset_Handler
    startup_stm32f767xx.o(RESET) refers to stm32f7xx_it.o(i.NMI_Handler) for NMI_Handler
    startup_stm32f767xx.o(RESET) refers to stm32f7xx_it.o(i.HardFault_Handler) for HardFault_Handler
    startup_stm32f767xx.o(RESET) refers to stm32f7xx_it.o(i.MemManage_Handler) for MemManage_Handler
    startup_stm32f767xx.o(RESET) refers to stm32f7xx_it.o(i.BusFault_Handler) for BusFault_Handler
    startup_stm32f767xx.o(RESET) refers to stm32f7xx_it.o(i.UsageFault_Handler) for UsageFault_Handler
    startup_stm32f767xx.o(RESET) refers to stm32f7xx_it.o(i.SVC_Handler) for SVC_Handler
    startup_stm32f767xx.o(RESET) refers to stm32f7xx_it.o(i.DebugMon_Handler) for DebugMon_Handler
    startup_stm32f767xx.o(RESET) refers to stm32f7xx_it.o(i.PendSV_Handler) for PendSV_Handler
    startup_stm32f767xx.o(RESET) refers to stm32f7xx_it.o(i.SysTick_Handler) for SysTick_Handler
    startup_stm32f767xx.o(RESET) refers to stm32f7xx_it.o(i.TIM8_TRG_COM_TIM14_IRQHandler) for TIM8_TRG_COM_TIM14_IRQHandler
    startup_stm32f767xx.o(RESET) refers to stm32f7xx_it.o(i.OTG_FS_IRQHandler) for OTG_FS_IRQHandler
    startup_stm32f767xx.o(.text) refers to system_stm32f7xx.o(i.SystemInit) for SystemInit
    startup_stm32f767xx.o(.text) refers to entry.o(.ARM.Collect$$$$00000000) for __main
    main.o(i.MX_ADC1_Init) refers to stm32f7xx_hal_adc.o(i.HAL_ADC_Init) for HAL_ADC_Init
    main.o(i.MX_ADC1_Init) refers to stm32f7xx_hal_adc.o(i.HAL_ADC_ConfigChannel) for HAL_ADC_ConfigChannel
    main.o(i.MX_ADC1_Init) refers to main.o(.bss) for .bss
    main.o(i.MX_ETH_Init) refers to stm32f7xx_hal_eth.o(i.HAL_ETH_Init) for HAL_ETH_Init
    main.o(i.MX_ETH_Init) refers to main.o(.bss) for .bss
    main.o(i.MX_GPIO_Init) refers to memseta.o(.text) for __aeabi_memclr4
    main.o(i.MX_GPIO_Init) refers to stm32f7xx_hal_gpio.o(i.HAL_GPIO_WritePin) for HAL_GPIO_WritePin
    main.o(i.MX_GPIO_Init) refers to stm32f7xx_hal_gpio.o(i.HAL_GPIO_Init) for HAL_GPIO_Init
    main.o(i.MX_TIM3_Init) refers to memseta.o(.text) for __aeabi_memclr4
    main.o(i.MX_TIM3_Init) refers to stm32f7xx_hal_tim.o(i.HAL_TIM_Base_Init) for HAL_TIM_Base_Init
    main.o(i.MX_TIM3_Init) refers to stm32f7xx_hal_tim.o(i.HAL_TIM_ConfigClockSource) for HAL_TIM_ConfigClockSource
    main.o(i.MX_TIM3_Init) refers to stm32f7xx_hal_tim.o(i.HAL_TIM_PWM_Init) for HAL_TIM_PWM_Init
    main.o(i.MX_TIM3_Init) refers to stm32f7xx_hal_tim_ex.o(i.HAL_TIMEx_MasterConfigSynchronization) for HAL_TIMEx_MasterConfigSynchronization
    main.o(i.MX_TIM3_Init) refers to stm32f7xx_hal_tim.o(i.HAL_TIM_PWM_ConfigChannel) for HAL_TIM_PWM_ConfigChannel
    main.o(i.MX_TIM3_Init) refers to stm32f7xx_hal_msp.o(i.HAL_TIM_MspPostInit) for HAL_TIM_MspPostInit
    main.o(i.MX_TIM3_Init) refers to main.o(.bss) for .bss
    main.o(i.MX_USART3_UART_Init) refers to stm32f7xx_hal_uart.o(i.HAL_UART_Init) for HAL_UART_Init
    main.o(i.MX_USART3_UART_Init) refers to main.o(.bss) for .bss
    main.o(i.SystemClock_Config) refers to memseta.o(.text) for __aeabi_memclr4
    main.o(i.SystemClock_Config) refers to stm32f7xx_hal_pwr.o(i.HAL_PWR_EnableBkUpAccess) for HAL_PWR_EnableBkUpAccess
    main.o(i.SystemClock_Config) refers to stm32f7xx_hal_rcc.o(i.HAL_RCC_OscConfig) for HAL_RCC_OscConfig
    main.o(i.SystemClock_Config) refers to stm32f7xx_hal_rcc.o(i.HAL_RCC_ClockConfig) for HAL_RCC_ClockConfig
    main.o(i.SystemClock_Config) refers to stm32f7xx_hal_rcc_ex.o(i.HAL_RCCEx_PeriphCLKConfig) for HAL_RCCEx_PeriphCLKConfig
    main.o(i.main) refers to stm32f7xx_hal.o(i.HAL_Init) for HAL_Init
    main.o(i.main) refers to main.o(i.SystemClock_Config) for SystemClock_Config
    main.o(i.main) refers to main.o(i.MX_GPIO_Init) for MX_GPIO_Init
    main.o(i.main) refers to main.o(i.MX_ETH_Init) for MX_ETH_Init
    main.o(i.main) refers to stm32f7xx_hal_tim.o(i.HAL_TIM_Base_Init) for HAL_TIM_Base_Init
    main.o(i.main) refers to main.o(i.MX_USART3_UART_Init) for MX_USART3_UART_Init
    main.o(i.main) refers to main.o(i.MX_ADC1_Init) for MX_ADC1_Init
    main.o(i.main) refers to main.o(i.MX_TIM3_Init) for MX_TIM3_Init
    main.o(i.main) refers to usb_device.o(i.MX_USB_DEVICE_Init) for MX_USB_DEVICE_Init
    main.o(i.main) refers to stm32f7xx_hal_tim.o(i.HAL_TIM_Base_Start_IT) for HAL_TIM_Base_Start_IT
    main.o(i.main) refers to stm32f7xx_hal_tim.o(i.HAL_TIM_PWM_Start) for HAL_TIM_PWM_Start
    main.o(i.main) refers to stm32f7xx_hal_gpio.o(i.HAL_GPIO_WritePin) for HAL_GPIO_WritePin
    main.o(i.main) refers to usbd_cdc_if.o(i.CDC_Transmit_FS) for CDC_Transmit_FS
    main.o(i.main) refers to stm32f7xx_hal.o(i.HAL_Delay) for HAL_Delay
[...]
    i.PCD_EP_OutXfrComplete_int              0x08002da4   Section        0  stm32f7xx_hal_pcd.o(i.PCD_EP_OutXfrComplete_int)
    PCD_EP_OutXfrComplete_int                0x08002da5   Thumb Code   212  stm32f7xx_hal_pcd.o(i.PCD_EP_OutXfrComplete_int)
    i.PCD_WriteEmptyTxFifo                   0x08002e80   Section        0  stm32f7xx_hal_pcd.o(i.PCD_WriteEmptyTxFifo)
    PCD_WriteEmptyTxFifo                     0x08002e81   Thumb Code   162  stm32f7xx_hal_pcd.o(i.PCD_WriteEmptyTxFifo)
    i.PendSV_Handler                         0x08002f22   Section        0  stm32f7xx_it.o(i.PendSV_Handler)
    i.SVC_Handler                            0x08002f24   Section        0  stm32f7xx_it.o(i.SVC_Handler)
    i.SysTick_Handler                        0x08002f26   Section        0  stm32f7xx_it.o(i.SysTick_Handler)
    i.SystemClock_Config                     0x08002f2c   Section        0  main.o(i.SystemClock_Config)
    i.SystemInit                             0x08002fd4   Section        0  system_stm32f7xx.o(i.SystemInit)
    i.TIM8_TRG_COM_TIM14_IRQHandler          0x08003028   Section        0  stm32f7xx_it.o(i.TIM8_TRG_COM_TIM14_IRQHandler)
    i.TIM_Base_SetConfig                     0x08003034   Section        0  stm32f7xx_hal_tim.o(i.TIM_Base_SetConfig)
    i.TIM_CCxChannelCmd                      0x08003100   Section        0  stm32f7xx_hal_tim.o(i.TIM_CCxChannelCmd)
    i.TIM_ETR_SetConfig                      0x0800311a   Section        0  stm32f7xx_hal_tim.o(i.TIM_ETR_SetConfig)
    i.TIM_ITRx_SetConfig                     0x0800312c   Section        0  stm32f7xx_hal_tim.o(i.TIM_ITRx_SetConfig)
    TIM_ITRx_SetConfig                       0x0800312d   Thumb Code    16  stm32f7xx_hal_tim.o(i.TIM_ITRx_SetConfig)
    i.TIM_OC1_SetConfig                      0x0800313c   Section        0  stm32f7xx_hal_tim.o(i.TIM_OC1_SetConfig)
    TIM_OC1_SetConfig                        0x0800313d   Thumb Code   102  stm32f7xx_hal_tim.o(i.TIM_OC1_SetConfig)
    i.TIM_OC2_SetConfig                      0x080031b0   Section        0  stm32f7xx_hal_tim.o(i.TIM_OC2_SetConfig)
    i.TIM_OC3_SetConfig                      0x08003228   Section        0  stm32f7xx_hal_tim.o(i.TIM_OC3_SetConfig)
    TIM_OC3_SetConfig                        0x08003229   Thumb Code   108  stm32f7xx_hal_tim.o(i.TIM_OC3_SetConfig)
    i.TIM_OC4_SetConfig                      0x080032a0   Section        0  stm32f7xx_hal_tim.o(i.TIM_OC4_SetConfig)
    TIM_OC4_SetConfig                        0x080032a1   Thumb Code    76  stm32f7xx_hal_tim.o(i.TIM_OC4_SetConfig)
    i.TIM_OC5_SetConfig                      0x080032f8   Section        0  stm32f7xx_hal_tim.o(i.TIM_OC5_SetConfig)
    TIM_OC5_SetConfig                        0x080032f9   Thumb Code    74  stm32f7xx_hal_tim.o(i.TIM_OC5_SetConfig)
    i.TIM_OC6_SetConfig                      0x08003350   Section        0  stm32f7xx_hal_tim.o(i.TIM_OC6_SetConfig)
    TIM_OC6_SetConfig                        0x08003351   Thumb Code    74  stm32f7xx_hal_tim.o(i.TIM_OC6_SetConfig)
    i.TIM_TI1_ConfigInputStage               0x080033a8   Section        0  stm32f7xx_hal_tim.o(i.TIM_TI1_ConfigInputStage)
    TIM_TI1_ConfigInputStage                 0x080033a9   Thumb Code    34  stm32f7xx_hal_tim.o(i.TIM_TI1_ConfigInputStage)
    i.TIM_TI2_ConfigInputStage               0x080033ca   Section        0  stm32f7xx_hal_tim.o(i.TIM_TI2_ConfigInputStage)
    TIM_TI2_ConfigInputStage                 0x080033cb   Thumb Code    36  stm32f7xx_hal_tim.o(i.TIM_TI2_ConfigInputStage)
    i.UART_AdvFeatureConfig                  0x080033ee   Section        0  stm32f7xx_hal_uart.o(i.UART_AdvFeatureConfig)
    i.UART_CheckIdleState                    0x080034b6   Section        0  stm32f7xx_hal_uart.o(i.UART_CheckIdleState)
    i.UART_SetConfig                         0x080034f4   Section        0  stm32f7xx_hal_uart.o(i.UART_SetConfig)
    i.UART_WaitOnFlagUntilTimeout            0x08003748   Section        0  stm32f7xx_hal_uart.o(i.UART_WaitOnFlagUntilTimeout)
    i.USBD_CDC_DataIn                        0x080037a8   Section        0  usbd_cdc.o(i.USBD_CDC_DataIn)
    USBD_CDC_DataIn                          0x080037a9   Thumb Code    74  usbd_cdc.o(i.USBD_CDC_DataIn)
    i.USBD_CDC_DataOut                       0x080037f2   Section        0  usbd_cdc.o(i.USBD_CDC_DataOut)
    USBD_CDC_DataOut                         0x080037f3   Thumb Code    46  usbd_cdc.o(i.USBD_CDC_DataOut)
    i.USBD_CDC_DeInit                        0x08003820   Section        0  usbd_cdc.o(i.USBD_CDC_DeInit)
    USBD_CDC_DeInit                          0x08003821   Thumb Code    68  usbd_cdc.o(i.USBD_CDC_DeInit)
    i.USBD_CDC_EP0_RxReady                   0x08003864   Section        0  usbd_cdc.o(i.USBD_CDC_EP0_RxReady)
    USBD_CDC_EP0_RxReady                     0x08003865   Thumb Code    36  usbd_cdc.o(i.USBD_CDC_EP0_RxReady)
    i.USBD_CDC_GetDeviceQualifierDescriptor  0x08003888   Section        0  usbd_cdc.o(i.USBD_CDC_GetDeviceQualifierDescriptor)
    i.USBD_CDC_GetFSCfgDesc                  0x08003894   Section        0  usbd_cdc.o(i.USBD_CDC_GetFSCfgDesc)
    USBD_CDC_GetFSCfgDesc                    0x08003895   Thumb Code     8  usbd_cdc.o(i.USBD_CDC_GetFSCfgDesc)
    i.USBD_CDC_GetHSCfgDesc                  0x080038a0   Section        0  usbd_cdc.o(i.USBD_CDC_GetHSCfgDesc)
    USBD_CDC_GetHSCfgDesc                    0x080038a1   Thumb Code     8  usbd_cdc.o(i.USBD_CDC_GetHSCfgDesc)
    i.USBD_CDC_GetOtherSpeedCfgDesc          0x080038ac   Section        0  usbd_cdc.o(i.USBD_CDC_GetOtherSpeedCfgDesc)
    USBD_CDC_GetOtherSpeedCfgDesc            0x080038ad   Thumb Code     8  usbd_cdc.o(i.USBD_CDC_GetOtherSpeedCfgDesc)
    i.USBD_CDC_Init                          0x080038b8   Section        0  usbd_cdc.o(i.USBD_CDC_Init)
    USBD_CDC_Init                            0x080038b9   Thumb Code   148  usbd_cdc.o(i.USBD_CDC_Init)
    i.USBD_CDC_ReceivePacket                 0x0800394c   Section        0  usbd_cdc.o(i.USBD_CDC_ReceivePacket)
    i.USBD_CDC_RegisterInterface             0x08003974   Section        0  usbd_cdc.o(i.USBD_CDC_RegisterInterface)
    i.USBD_CDC_SetRxBuffer                   0x08003988   Section        0  usbd_cdc.o(i.USBD_CDC_SetRxBuffer)
    i.USBD_CDC_SetTxBuffer                   0x08003994   Section        0  usbd_cdc.o(i.USBD_CDC_SetTxBuffer)
    i.USBD_CDC_Setup                         0x080039a4   Section        0  usbd_cdc.o(i.USBD_CDC_Setup)
    USBD_CDC_Setup                           0x080039a5   Thumb Code   174  usbd_cdc.o(i.USBD_CDC_Setup)
    i.USBD_CDC_TransmitPacket                0x08003a52   Section        0  usbd_cdc.o(i.USBD_CDC_TransmitPacket)
    i.USBD_ClrClassConfig                    0x08003a88   Section        0  usbd_core.o(i.USBD_ClrClassConfig)
    i.USBD_CtlContinueRx                     0x08003a96   Section        0  usbd_ioreq.o(i.USBD_CtlContinueRx)
    i.USBD_CtlContinueSendData               0x08003aa6   Section        0  usbd_ioreq.o(i.USBD_CtlContinueSendData)
    i.USBD_CtlError                          0x08003ab6   Section        0  usbd_ctlreq.o(i.USBD_CtlError)
    i.USBD_CtlPrepareRx                      0x08003acc   Section        0  usbd_ioreq.o(i.USBD_CtlPrepareRx)
    i.USBD_CtlReceiveStatus                  0x08003aea   Section        0  usbd_ioreq.o(i.USBD_CtlReceiveStatus)
    i.USBD_CtlSendData                       0x08003b00   Section        0  usbd_ioreq.o(i.USBD_CtlSendData)
    i.USBD_CtlSendStatus                     0x08003b1a   Section        0  usbd_ioreq.o(i.USBD_CtlSendStatus)
    i.USBD_FS_ConfigStrDescriptor            0x08003b30   Section        0  usbd_desc.o(i.USBD_FS_ConfigStrDescriptor)
    i.USBD_FS_DeviceDescriptor               0x08003b50   Section        0  usbd_desc.o(i.USBD_FS_DeviceDescriptor)
    i.USBD_FS_InterfaceStrDescriptor         0x08003b5c   Section        0  usbd_desc.o(i.USBD_FS_InterfaceStrDescriptor)
    i.USBD_FS_LangIDStrDescriptor            0x08003b80   Section        0  usbd_desc.o(i.USBD_FS_LangIDStrDescriptor)
    i.USBD_FS_ManufacturerStrDescriptor      0x08003b8c   Section        0  usbd_desc.o(i.USBD_FS_ManufacturerStrDescriptor)
    i.USBD_FS_ProductStrDescriptor           0x08003bb4   Section        0  usbd_desc.o(i.USBD_FS_ProductStrDescriptor)
    i.USBD_FS_SerialStrDescriptor            0x08003be0   Section        0  usbd_desc.o(i.USBD_FS_SerialStrDescriptor)
    i.USBD_FS_USR_BOSDescriptor              0x08003c1c   Section        0  usbd_desc.o(i.USBD_FS_USR_BOSDescriptor)
    i.USBD_GetDescriptor                     0x08003c28   Section        0  usbd_ctlreq.o(i.USBD_GetDescriptor)
    USBD_GetDescriptor                       0x08003c29   Thumb Code   254  usbd_ctlreq.o(i.USBD_GetDescriptor)
    i.USBD_GetString                         0x08003d26   Section        0  usbd_ctlreq.o(i.USBD_GetString)
    i.USBD_Get_USB_Status                    0x08003d70   Section        0  usbd_conf.o(i.USBD_Get_USB_Status)
    i.USBD_Init                              0x08003d88   Section        0  usbd_core.o(i.USBD_Init)
    i.USBD_LL_ClearStallEP                   0x08003db2   Section        0  usbd_conf.o(i.USBD_LL_ClearStallEP)
    i.USBD_LL_CloseEP                        0x08003dc4   Section        0  usbd_conf.o(i.USBD_LL_CloseEP)
    i.USBD_LL_DataInStage                    0x08003dd6   Section        0  usbd_core.o(i.USBD_LL_DataInStage)
    i.USBD_LL_DataOutStage                   0x08003e98   Section        0  usbd_core.o(i.USBD_LL_DataOutStage)
    i.USBD_LL_DevConnected                   0x08003f1a   Section        0  usbd_core.o(i.USBD_LL_DevConnected)
    i.USBD_LL_DevDisconnected                0x08003f1e   Section        0  usbd_core.o(i.USBD_LL_DevDisconnected)
    i.USBD_LL_GetRxDataSize                  0x08003f34   Section        0  usbd_conf.o(i.USBD_LL_GetRxDataSize)
    i.USBD_LL_Init                           0x08003f3c   Section        0  usbd_conf.o(i.USBD_LL_Init)
    i.USBD_LL_IsStallEP                      0x08003f9c   Section        0  usbd_conf.o(i.USBD_LL_IsStallEP)
    i.USBD_LL_IsoINIncomplete                0x08003fbc   Section        0  usbd_core.o(i.USBD_LL_IsoINIncomplete)
    i.USBD_LL_IsoOUTIncomplete               0x08003fc0   Section        0  usbd_core.o(i.USBD_LL_IsoOUTIncomplete)
    i.USBD_LL_OpenEP                         0x08003fc4   Section        0  usbd_conf.o(i.USBD_LL_OpenEP)
    i.USBD_LL_PrepareReceive                 0x08003fdc   Section        0  usbd_conf.o(i.USBD_LL_PrepareReceive)
    i.USBD_LL_Reset                          0x08003fee   Section        0  usbd_core.o(i.USBD_LL_Reset)
    i.USBD_LL_Resume                         0x0800403e   Section        0  usbd_core.o(i.USBD_LL_Resume)
    i.USBD_LL_SOF                            0x0800404a   Section        0  usbd_core.o(i.USBD_LL_SOF)
    i.USBD_LL_SetSpeed                       0x08004062   Section        0  usbd_core.o(i.USBD_LL_SetSpeed)
    i.USBD_LL_SetUSBAddress                  0x08004068   Section        0  usbd_conf.o(i.USBD_LL_SetUSBAddress)
    i.USBD_LL_SetupStage                     0x0800407a   Section        0  usbd_core.o(i.USBD_LL_SetupStage)
    i.USBD_LL_StallEP                        0x080040d0   Section        0  usbd_conf.o(i.USBD_LL_StallEP)
    i.USBD_LL_Start                          0x080040e2   Section        0  usbd_conf.o(i.USBD_LL_Start)
    i.USBD_LL_Suspend                        0x080040f4   Section        0  usbd_core.o(i.USBD_LL_Suspend)
    i.USBD_LL_Transmit                       0x08004106   Section        0  usbd_conf.o(i.USBD_LL_Transmit)
    i.USBD_ParseSetupRequest                 0x08004118   Section        0  usbd_ctlreq.o(i.USBD_ParseSetupRequest)
    i.USBD_RegisterClass                     0x08004140   Section        0  usbd_core.o(i.USBD_RegisterClass)
    i.USBD_SetClassConfig                    0x08004152   Section        0  usbd_core.o(i.USBD_SetClassConfig)
    i.USBD_SetConfig                         0x08004168   Section        0  usbd_ctlreq.o(i.USBD_SetConfig)
    USBD_SetConfig                           0x08004169   Thumb Code   130  usbd_ctlreq.o(i.USBD_SetConfig)
    i.USBD_Start                             0x080041f0   Section        0  usbd_core.o(i.USBD_Start)
    i.USBD_StdDevReq                         0x080041fa   Section        0  usbd_ctlreq.o(i.USBD_StdDevReq)
    i.USBD_StdEPReq                          0x0800430e   Section        0  usbd_ctlreq.o(i.USBD_StdEPReq)
    i.USBD_StdItfReq                         0x0800445e   Section        0  usbd_ctlreq.o(i.USBD_StdItfReq)
    i.USB_ActivateEndpoint                   0x080044ac   Section        0  stm32f7xx_ll_usb.o(i.USB_ActivateEndpoint)
    i.USB_ActivateSetup                      0x0800452c   Section        0  stm32f7xx_ll_usb.o(i.USB_ActivateSetup)
    i.USB_CoreInit                           0x08004560   Section        0  stm32f7xx_ll_usb.o(i.USB_CoreInit)
    i.USB_CoreReset                          0x080045cc   Section        0  stm32f7xx_ll_usb.o(i.USB_CoreReset)
    USB_CoreReset                            0x080045cd   Thumb Code    50  stm32f7xx_ll_usb.o(i.USB_CoreReset)
    i.USB_DeactivateEndpoint                 0x08004604   Section        0  stm32f7xx_ll_usb.o(i.USB_DeactivateEndpoint)
    i.USB_DevConnect                         0x08004684   Section        0  stm32f7xx_ll_usb.o(i.USB_DevConnect)
    i.USB_DevDisconnect                      0x0800469c   Section        0  stm32f7xx_ll_usb.o(i.USB_DevDisconnect)
    i.USB_DevInit                            0x080046b4   Section        0  stm32f7xx_ll_usb.o(i.USB_DevInit)
    i.USB_DisableGlobalInt                   0x08004848   Section        0  stm32f7xx_ll_usb.o(i.USB_DisableGlobalInt)
    i.USB_EP0StartXfer                       0x08004854   Section        0  stm32f7xx_ll_usb.o(i.USB_EP0StartXfer)
    i.USB_EP0_OutStart                       0x08004964   Section        0  stm32f7xx_ll_usb.o(i.USB_EP0_OutStart)
    i.USB_EPClearStall                       0x080049bc   Section        0  stm32f7xx_ll_usb.o(i.USB_EPClearStall)
    i.USB_EPSetStall                         0x08004a14   Section        0  stm32f7xx_ll_usb.o(i.USB_EPSetStall)
    i.USB_EPStartXfer                        0x08004a6c   Section        0  stm32f7xx_ll_usb.o(i.USB_EPStartXfer)
    i.USB_EnableGlobalInt                    0x08004c34   Section        0  stm32f7xx_ll_usb.o(i.USB_EnableGlobalInt)
    i.USB_FlushRxFifo                        0x08004c40   Section        0  stm32f7xx_ll_usb.o(i.USB_FlushRxFifo)
    i.USB_FlushTxFifo                        0x08004c60   Section        0  stm32f7xx_ll_usb.o(i.USB_FlushTxFifo)
    i.USB_GetDevSpeed                        0x08004c84   Section        0  stm32f7xx_ll_usb.o(i.USB_GetDevSpeed)
    i.USB_GetMode                            0x08004c9e   Section        0  stm32f7xx_ll_usb.o(i.USB_GetMode)
    i.USB_ReadDevAllInEpInterrupt            0x08004ca6   Section        0  stm32f7xx_ll_usb.o(i.USB_ReadDevAllInEpInterrupt)
    i.USB_ReadDevAllOutEpInterrupt           0x08004cb4   Section        0  stm32f7xx_ll_usb.o(i.USB_ReadDevAllOutEpInterrupt)
    i.USB_ReadDevInEPInterrupt               0x08004cc2   Section        0  stm32f7xx_ll_usb.o(i.USB_ReadDevInEPInterrupt)
    i.USB_ReadDevOutEPInterrupt              0x08004ce6   Section        0  stm32f7xx_ll_usb.o(i.USB_ReadDevOutEPInterrupt)
    i.USB_ReadInterrupts                     0x08004cf6   Section        0  stm32f7xx_ll_usb.o(i.USB_ReadInterrupts)
    i.USB_ReadPacket                         0x08004cfe   Section        0  stm32f7xx_ll_usb.o(i.USB_ReadPacket)
    i.USB_SetCurrentMode                     0x08004d1a   Section        0  stm32f7xx_ll_usb.o(i.USB_SetCurrentMode)
    i.USB_SetDevAddress                      0x08004d48   Section        0  stm32f7xx_ll_usb.o(i.USB_SetDevAddress)
    i.USB_SetTurnaroundTime                  0x08004d6c   Section        0  stm32f7xx_ll_usb.o(i.USB_SetTurnaroundTime)
    i.USB_WritePacket                        0x08004e54   Section        0  stm32f7xx_ll_usb.o(i.USB_WritePacket)
    i.UsageFault_Handler                     0x08004e78   Section        0  stm32f7xx_it.o(i.UsageFault_Handler)
    i.__NVIC_SetPriority                     0x08004e7a   Section        0  stm32f7xx_hal_cortex.o(i.__NVIC_SetPriority)
    __NVIC_SetPriority                       0x08004e7b   Thumb Code    34  stm32f7xx_hal_cortex.o(i.__NVIC_SetPriority)
    i.__scatterload_copy                     0x08004e9c   Section       14  handlers.o(i.__scatterload_copy)
    i.__scatterload_null                     0x08004eaa   Section        2  handlers.o(i.__scatterload_null)
    i.__scatterload_zeroinit                 0x08004eac   Section       14  handlers.o(i.__scatterload_zeroinit)
    i.free                                   0x08004ebc   Section        0  malloc.o(i.free)
    i.main                                   0x08004f0c   Section        0  main.o(i.main)
    i.malloc                                 0x08004fac   Section        0  malloc.o(i.malloc)
    .constdata                               0x08005018   Section       16  system_stm32f7xx.o(.constdata)
    .constdata                               0x08005028   Section        8  system_stm32f7xx.o(.constdata)
    .data                                    0x20000000   Section       32  usbd_desc.o(.data)
    .data                                    0x20000020   Section       62  usbd_desc.o(.data)
    .data                                    0x20000060   Section       16  usbd_cdc_if.o(.data)
    .data                                    0x20000070   Section       12  stm32f7xx_hal.o(.data)
    .data                                    0x2000007c   Section        4  system_stm32f7xx.o(.data)
    .data                                    0x20000080   Section        1  usbd_ctlreq.o(.data)
    cfgidx                                   0x20000080   Data           1  usbd_ctlreq.o(.data)
    .data                                    0x20000084   Section      215  usbd_cdc.o(.data)
    USBD_CDC_DeviceQualifierDesc             0x20000084   Data          10  usbd_cdc.o(.data)
    .data                                    0x2000015c   Section       56  usbd_cdc.o(.data)
    .data                                    0x20000194   Section        4  mvars.o(.data)
    .data                                    0x20000198   Section        4  mvars.o(.data)
    .bss                                     0x2000019c   Section      400  main.o(.bss)
    .bss                                     0x2000032c   Section      668  usb_device.o(.bss)
    .bss                                     0x200005c8   Section     1028  usbd_conf.o(.bss)
    .bss                                     0x200009cc   Section      512  usbd_desc.o(.bss)
    .bss                                     0x20000bcc   Section     4096  usbd_cdc_if.o(.bss)
    HEAP                                     0x20001bd0   Section     8192  startup_stm32f767xx.o(HEAP)
    STACK                                    0x20003bd0   Section    16384  startup_stm32f767xx.o(STACK)

    Global Symbols

    Symbol Name                              Value     Ov Type        Size  Object(Section)

    BuildAttributes$$THM_ISAv4$E$P$D$K$B$S$7EM$VFPv5_D16$PE$PLD8$A:L22UL41UL21$X:L11$S22US41US21$IEEE1$IW$USESV6$~STKCKD$USESV7$~SHL$OSPACE$EBA8$MICROLIB$REQ8$PRES8$EABIv2 0x00000000   Number         0  anon$$obj.o ABSOLUTE
    __ARM_use_no_argv                        0x00000000   Number         0  main.o ABSOLUTE
    __cpp_initialize__aeabi_                  - Undefined Weak Reference
    __cxa_finalize                            - Undefined Weak Reference
    _clock_init                               - Undefined Weak Reference
    _microlib_exit                            - Undefined Weak Reference
    __Vectors_Size                           0x000001f8   Number         0  startup_stm32f767xx.o ABSOLUTE
    __Vectors                                0x08000000   Data           4  startup_stm32f767xx.o(RESET)
    __Vectors_End                            0x080001f8   Data           0  startup_stm32f767xx.o(RESET)
    __main                                   0x080001f9   Thumb Code     0  entry.o(.ARM.Collect$$$$00000000)
    _main_stk                                0x080001f9   Thumb Code     0  entry2.o(.ARM.Collect$$$$00000001)
    _main_scatterload                        0x080001fd   Thumb Code     0  entry5.o(.ARM.Collect$$$$00000004)
    __main_after_scatterload                 0x08000201   Thumb Code     0  entry5.o(.ARM.Collect$$$$00000004)
    _main_clock                              0x08000201   Thumb Code     0  entry7b.o(.ARM.Collect$$$$00000008)
    _main_cpp_init                           0x08000201   Thumb Code     0  entry8b.o(.ARM.Collect$$$$0000000A)
    _main_init                               0x08000201   Thumb Code     0  entry9a.o(.ARM.Collect$$$$0000000B)
    __rt_final_cpp                           0x08000209   Thumb Code     0  entry10a.o(.ARM.Collect$$$$0000000D)
    __rt_final_exit                          0x08000209   Thumb Code     0  entry11a.o(.ARM.Collect$$$$0000000F)
    Reset_Handler                            0x0800020d   Thumb Code     8  startup_stm32f767xx.o(.text)
    ADC_IRQHandler                           0x08000227   Thumb Code     0  startup_stm32f767xx.o(.text)
    CAN1_RX0_IRQHandler                      0x08000227   Thumb Code     0  startup_stm32f767xx.o(.text)
    CAN1_RX1_IRQHandler                      0x08000227   Thumb Code     0  startup_stm32f767xx.o(.text)
    CAN1_SCE_IRQHandler                      0x08000227   Thumb Code     0  startup_stm32f767xx.o(.text)
    CAN1_TX_IRQHandler                       0x08000227   Thumb Code     0  startup_stm32f767xx.o(.text)
    CAN2_RX0_IRQHandler                      0x08000227   Thumb Code     0  startup_stm32f767xx.o(.text)
    CAN2_RX1_IRQHandler                      0x08000227   Thumb Code     0  startup_stm32f767xx.o(.text)
    CAN2_SCE_IRQHandler                      0x08000227   Thumb Code     0  startup_stm32f767xx.o(.text)
    CAN2_TX_IRQHandler                       0x08000227   Thumb Code     0  startup_stm32f767xx.o(.text)
    CAN3_RX0_IRQHandler                      0x08000227   Thumb Code     0  startup_stm32f767xx.o(.text)
    CAN3_RX1_IRQHandler                      0x08000227   Thumb Code     0  startup_stm32f767xx.o(.text)
    CAN3_SCE_IRQHandler                      0x08000227   Thumb Code     0  startup_stm32f767xx.o(.text)
    CAN3_TX_IRQHandler                       0x08000227   Thumb Code     0  startup_stm32f767xx.o(.text)
    CEC_IRQHandler                           0x08000227   Thumb Code     0  startup_stm32f767xx.o(.text)
    DCMI_IRQHandler                          0x08000227   Thumb Code     0  startup_stm32f767xx.o(.text)
    DFSDM1_FLT0_IRQHandler                   0x08000227   Thumb Code     0  startup_stm32f767xx.o(.text)
    DFSDM1_FLT1_IRQHandler                   0x08000227   Thumb Code     0  startup_stm32f767xx.o(.text)
    DFSDM1_FLT2_IRQHandler                   0x08000227   Thumb Code     0  startup_stm32f767xx.o(.text)
    DFSDM1_FLT3_IRQHandler                   0x08000227   Thumb Code     0  startup_stm32f767xx.o(.text)
    DMA1_Stream0_IRQHandler                  0x08000227   Thumb Code     0  startup_stm32f767xx.o(.text)
    DMA1_Stream1_IRQHandler                  0x08000227   Thumb Code     0  startup_stm32f767xx.o(.text)
    DMA1_Stream2_IRQHandler                  0x08000227   Thumb Code     0  startup_stm32f767xx.o(.text)
    DMA1_Stream3_IRQHandler                  0x08000227   Thumb Code     0  startup_stm32f767xx.o(.text)
    DMA1_Stream4_IRQHandler                  0x08000227   Thumb Code     0  startup_stm32f767xx.o(.text)
    DMA1_Stream5_IRQHandler                  0x08000227   Thumb Code     0  startup_stm32f767xx.o(.text)
    DMA1_Stream6_IRQHandler                  0x08000227   Thumb Code     0  startup_stm32f767xx.o(.text)
    DMA1_Stream7_IRQHandler                  0x08000227   Thumb Code     0  startup_stm32f767xx.o(.text)
    DMA2D_IRQHandler                         0x08000227   Thumb Code     0  startup_stm32f767xx.o(.text)
    DMA2_Stream0_IRQHandler                  0x08000227   Thumb Code     0  startup_stm32f767xx.o(.text)
    DMA2_Stream1_IRQHandler                  0x08000227   Thumb Code     0  startup_stm32f767xx.o(.text)
    DMA2_Stream2_IRQHandler                  0x08000227   Thumb Code     0  startup_stm32f767xx.o(.text)
    DMA2_Stream3_IRQHandler                  0x08000227   Thumb Code     0  startup_stm32f767xx.o(.text)
    DMA2_Stream4_IRQHandler                  0x08000227   Thumb Code     0  startup_stm32f767xx.o(.text)
    DMA2_Stream5_IRQHandler                  0x08000227   Thumb Code     0  startup_stm32f767xx.o(.text)
    DMA2_Stream6_IRQHandler                  0x08000227   Thumb Code     0  startup_stm32f767xx.o(.text)
    DMA2_Stream7_IRQHandler                  0x08000227   Thumb Code     0  startup_stm32f767xx.o(.text)
    ETH_IRQHandler                           0x08000227   Thumb Code     0  startup_stm32f767xx.o(.text)
    ETH_WKUP_IRQHandler                      0x08000227   Thumb Code     0  startup_stm32f767xx.o(.text)
    EXTI0_IRQHandler                         0x08000227   Thumb Code     0  startup_stm32f767xx.o(.text)
    EXTI15_10_IRQHandler                     0x08000227   Thumb Code     0  startup_stm32f767xx.o(.text)
    EXTI1_IRQHandler                         0x08000227   Thumb Code     0  startup_stm32f767xx.o(.text)
    EXTI2_IRQHandler                         0x08000227   Thumb Code     0  startup_stm32f767xx.o(.text)
    EXTI3_IRQHandler                         0x08000227   Thumb Code     0  startup_stm32f767xx.o(.text)
    EXTI4_IRQHandler                         0x08000227   Thumb Code     0  startup_stm32f767xx.o(.text)
    EXTI9_5_IRQHandler                       0x08000227   Thumb Code     0  startup_stm32f767xx.o(.text)
    FLASH_IRQHandler                         0x08000227   Thumb Code     0  startup_stm32f767xx.o(.text)
    FMC_IRQHandler                           0x08000227   Thumb Code     0  startup_stm32f767xx.o(.text)
    FPU_IRQHandler                           0x08000227   Thumb Code     0  startup_stm32f767xx.o(.text)
    I2C1_ER_IRQHandler                       0x08000227   Thumb Code     0  startup_stm32f767xx.o(.text)
    I2C1_EV_IRQHandler                       0x08000227   Thumb Code     0  startup_stm32f767xx.o(.text)
    I2C2_ER_IRQHandler                       0x08000227   Thumb Code     0  startup_stm32f767xx.o(.text)
    I2C2_EV_IRQHandler                       0x08000227   Thumb Code     0  startup_stm32f767xx.o(.text)
    I2C3_ER_IRQHandler                       0x08000227   Thumb Code     0  startup_stm32f767xx.o(.text)
    I2C3_EV_IRQHandler                       0x08000227   Thumb Code     0  startup_stm32f767xx.o(.text)
    I2C4_ER_IRQHandler                       0x08000227   Thumb Code     0  startup_stm32f767xx.o(.text)
    I2C4_EV_IRQHandler                       0x08000227   Thumb Code     0  startup_stm32f767xx.o(.text)
    JPEG_IRQHandler                          0x08000227   Thumb Code     0  startup_stm32f767xx.o(.text)
    LPTIM1_IRQHandler                        0x08000227   Thumb Code     0  startup_stm32f767xx.o(.text)
    LTDC_ER_IRQHandler                       0x08000227   Thumb Code     0  startup_stm32f767xx.o(.text)
    LTDC_IRQHandler                          0x08000227   Thumb Code     0  startup_stm32f767xx.o(.text)
    MDIOS_IRQHandler                         0x08000227   Thumb Code     0  startup_stm32f767xx.o(.text)
    OTG_FS_WKUP_IRQHandler                   0x08000227   Thumb Code     0  startup_stm32f767xx.o(.text)
    OTG_HS_EP1_IN_IRQHandler                 0x08000227   Thumb Code     0  startup_stm32f767xx.o(.text)
    OTG_HS_EP1_OUT_IRQHandler                0x08000227   Thumb Code     0  startup_stm32f767xx.o(.text)
    OTG_HS_IRQHandler                        0x08000227   Thumb Code     0  startup_stm32f767xx.o(.text)
    OTG_HS_WKUP_IRQHandler                   0x08000227   Thumb Code     0  startup_stm32f767xx.o(.text)
    PVD_IRQHandler                           0x08000227   Thumb Code     0  startup_stm32f767xx.o(.text)
    QUADSPI_IRQHandler                       0x08000227   Thumb Code     0  startup_stm32f767xx.o(.text)
    RCC_IRQHandler                           0x08000227   Thumb Code     0  startup_stm32f767xx.o(.text)
    RNG_IRQHandler                           0x08000227   Thumb Code     0  startup_stm32f767xx.o(.text)
    RTC_Alarm_IRQHandler                     0x08000227   Thumb Code     0  startup_stm32f767xx.o(.text)
    RTC_WKUP_IRQHandler                      0x08000227   Thumb Code     0  startup_stm32f767xx.o(.text)
    SAI1_IRQHandler                          0x08000227   Thumb Code     0  startup_stm32f767xx.o(.text)
    SAI2_IRQHandler                          0x08000227   Thumb Code     0  startup_stm32f767xx.o(.text)
    SDMMC1_IRQHandler                        0x08000227   Thumb Code     0  startup_stm32f767xx.o(.text)
    SDMMC2_IRQHandler                        0x08000227   Thumb Code     0  startup_stm32f767xx.o(.text)
    SPDIF_RX_IRQHandler                      0x08000227   Thumb Code     0  startup_stm32f767xx.o(.text)
    SPI1_IRQHandler                          0x08000227   Thumb Code     0  startup_stm32f767xx.o(.text)
    SPI2_IRQHandler                          0x08000227   Thumb Code     0  startup_stm32f767xx.o(.text)
    SPI3_IRQHandler                          0x08000227   Thumb Code     0  startup_stm32f767xx.o(.text)
    SPI4_IRQHandler                          0x08000227   Thumb Code     0  startup_stm32f767xx.o(.text)
    SPI5_IRQHandler                          0x08000227   Thumb Code     0  startup_stm32f767xx.o(.text)
    SPI6_IRQHandler                          0x08000227   Thumb Code     0  startup_stm32f767xx.o(.text)
    TAMP_STAMP_IRQHandler                    0x08000227   Thumb Code     0  startup_stm32f767xx.o(.text)
    TIM1_BRK_TIM9_IRQHandler                 0x08000227   Thumb Code     0  startup_stm32f767xx.o(.text)
    TIM1_CC_IRQHandler                       0x08000227   Thumb Code     0  startup_stm32f767xx.o(.text)
    TIM1_TRG_COM_TIM11_IRQHandler            0x08000227   Thumb Code     0  startup_stm32f767xx.o(.text)
    TIM1_UP_TIM10_IRQHandler                 0x08000227   Thumb Code     0  startup_stm32f767xx.o(.text)
    TIM2_IRQHandler                          0x08000227   Thumb Code     0  startup_stm32f767xx.o(.text)
    TIM3_IRQHandler                          0x08000227   Thumb Code     0  startup_stm32f767xx.o(.text)
    TIM4_IRQHandler                          0x08000227   Thumb Code     0  startup_stm32f767xx.o(.text)
    TIM5_IRQHandler                          0x08000227   Thumb Code     0  startup_stm32f767xx.o(.text)
    TIM6_DAC_IRQHandler                      0x08000227   Thumb Code     0  startup_stm32f767xx.o(.text)
    TIM7_IRQHandler                          0x08000227   Thumb Code     0  startup_stm32f767xx.o(.text)
    TIM8_BRK_TIM12_IRQHandler                0x08000227   Thumb Code     0  startup_stm32f767xx.o(.text)
    TIM8_CC_IRQHandler                       0x08000227   Thumb Code     0  startup_stm32f767xx.o(.text)
    TIM8_UP_TIM13_IRQHandler                 0x08000227   Thumb Code     0  startup_stm32f767xx.o(.text)
    UART4_IRQHandler                         0x08000227   Thumb Code     0  startup_stm32f767xx.o(.text)
    UART5_IRQHandler                         0x08000227   Thumb Code     0  startup_stm32f767xx.o(.text)
    UART7_IRQHandler                         0x08000227   Thumb Code     0  startup_stm32f767xx.o(.text)
    UART8_IRQHandler                         0x08000227   Thumb Code     0  startup_stm32f767xx.o(.text)
    USART1_IRQHandler                        0x08000227   Thumb Code     0  startup_stm32f767xx.o(.text)
    USART2_IRQHandler                        0x08000227   Thumb Code     0  startup_stm32f767xx.o(.text)
    USART3_IRQHandler                        0x08000227   Thumb Code     0  startup_stm32f767xx.o(.text)
    USART6_IRQHandler                        0x08000227   Thumb Code     0  startup_stm32f767xx.o(.text)
    WWDG_IRQHandler                          0x08000227   Thumb Code     0  startup_stm32f767xx.o(.text)
    __aeabi_uldivmod                         0x08000231   Thumb Code    98  uldiv.o(.text)
    __aeabi_memcpy                           0x08000293   Thumb Code    36  memcpya.o(.text)
    __aeabi_memcpy4                          0x08000293   Thumb Code     0  memcpya.o(.text)
    __aeabi_memcpy8                          0x08000293   Thumb Code     0  memcpya.o(.text)
    __aeabi_memset                           0x080002b7   Thumb Code    14  memseta.o(.text)
    __aeabi_memset4                          0x080002b7   Thumb Code     0  memseta.o(.text)
    __aeabi_memset8                          0x080002b7   Thumb Code     0  memseta.o(.text)
    __aeabi_memclr                           0x080002c5   Thumb Code     4  memseta.o(.text)
    __aeabi_memclr4                          0x080002c5   Thumb Code     0  memseta.o(.text)
    __aeabi_memclr8                          0x080002c5   Thumb Code     0  memseta.o(.text)
    _memset$wrapper                          0x080002c9   Thumb Code    18  memseta.o(.text)
    __aeabi_llsl                             0x080002db   Thumb Code    30  llshl.o(.text)
    _ll_shift_l                              0x080002db   Thumb Code     0  llshl.o(.text)
    __aeabi_llsr                             0x080002f9   Thumb Code    32  llushr.o(.text)
    _ll_ushift_r                             0x080002f9   Thumb Code     0  llushr.o(.text)
    __scatterload                            0x08000319   Thumb Code    28  init.o(.text)
    __scatterload_rt2                        0x08000319   Thumb Code     0  init.o(.text)
    __decompress                             0x0800033d   Thumb Code     0  __dczerorl2.o(.text)
    __decompress1                            0x0800033d   Thumb Code    86  __dczerorl2.o(.text)
    BusFault_Handler                         0x080004cd   Thumb Code     2  stm32f7xx_it.o(i.BusFault_Handler)
    CDC_Transmit_FS                          0x08000515   Thumb Code    38  usbd_cdc_if.o(i.CDC_Transmit_FS)
    DebugMon_Handler                         0x08000541   Thumb Code     2  stm32f7xx_it.o(i.DebugMon_Handler)
    Error_Handler                            0x08000669   Thumb Code     2  main.o(i.Error_Handler)
    HAL_ADC_ConfigChannel                    0x0800066d   Thumb Code   338  stm32f7xx_hal_adc.o(i.HAL_ADC_ConfigChannel)
    HAL_ADC_Init                             0x080007d1   Thumb Code    84  stm32f7xx_hal_adc.o(i.HAL_ADC_Init)
    HAL_ADC_MspInit                          0x08000825   Thumb Code    82  stm32f7xx_hal_msp.o(i.HAL_ADC_MspInit)
    HAL_Delay                                0x08000885   Thumb Code    32  stm32f7xx_hal.o(i.HAL_Delay)
    HAL_ETH_Init                             0x080008a9   Thumb Code   454  stm32f7xx_hal_eth.o(i.HAL_ETH_Init)
    HAL_ETH_MspInit                          0x08000a99   Thumb Code   206  stm32f7xx_hal_msp.o(i.HAL_ETH_MspInit)
    HAL_ETH_ReadPHYRegister                  0x08000b81   Thumb Code   134  stm32f7xx_hal_eth.o(i.HAL_ETH_ReadPHYRegister)
    HAL_ETH_WritePHYRegister                 0x08000c09   Thumb Code   122  stm32f7xx_hal_eth.o(i.HAL_ETH_WritePHYRegister)
    HAL_GPIO_Init                            0x08000c85   Thumb Code   418  stm32f7xx_hal_gpio.o(i.HAL_GPIO_Init)
    HAL_GPIO_WritePin                        0x08000e5d   Thumb Code    10  stm32f7xx_hal_gpio.o(i.HAL_GPIO_WritePin)
    HAL_GetTick                              0x08000e69   Thumb Code     6  stm32f7xx_hal.o(i.HAL_GetTick)
    HAL_IncTick                              0x08000e75   Thumb Code    12  stm32f7xx_hal.o(i.HAL_IncTick)
    HAL_Init                                 0x08000e85   Thumb Code    22  stm32f7xx_hal.o(i.HAL_Init)
    HAL_InitTick                             0x08000e9d   Thumb Code    54  stm32f7xx_hal.o(i.HAL_InitTick)
    HAL_MspInit                              0x08000edd   Thumb Code    42  stm32f7xx_hal_msp.o(i.HAL_MspInit)
    HAL_NVIC_EnableIRQ                       0x08000f0d   Thumb Code    26  stm32f7xx_hal_cortex.o(i.HAL_NVIC_EnableIRQ)
    HAL_NVIC_SetPriority                     0x08000f29   Thumb Code    60  stm32f7xx_hal_cortex.o(i.HAL_NVIC_SetPriority)
    HAL_NVIC_SetPriorityGrouping             0x08000f69   Thumb Code    28  stm32f7xx_hal_cortex.o(i.HAL_NVIC_SetPriorityGrouping)
    HAL_PCDEx_ActivateLPM                    0x08000f8d   Thumb Code    34  stm32f7xx_hal_pcd_ex.o(i.HAL_PCDEx_ActivateLPM)
    HAL_PCDEx_LPM_Callback                   0x08000fb5   Thumb Code    92  usbd_conf.o(i.HAL_PCDEx_LPM_Callback)
    HAL_PCDEx_SetRxFiFo                      0x08001015   Thumb Code     8  stm32f7xx_hal_pcd_ex.o(i.HAL_PCDEx_SetRxFiFo)
    HAL_PCDEx_SetTxFiFo                      0x0800101d   Thumb Code    70  stm32f7xx_hal_pcd_ex.o(i.HAL_PCDEx_SetTxFiFo)
    HAL_PCD_ConnectCallback                  0x08001063   Thumb Code     8  usbd_conf.o(i.HAL_PCD_ConnectCallback)
    HAL_PCD_DataInStageCallback              0x0800106b   Thumb Code    18  usbd_conf.o(i.HAL_PCD_DataInStageCallback)
    HAL_PCD_DataOutStageCallback             0x0800107d   Thumb Code    20  usbd_conf.o(i.HAL_PCD_DataOutStageCallback)
    HAL_PCD_DisconnectCallback               0x08001091   Thumb Code     8  usbd_conf.o(i.HAL_PCD_DisconnectCallback)
    HAL_PCD_EP_Close                         0x08001099   Thumb Code    76  stm32f7xx_hal_pcd.o(i.HAL_PCD_EP_Close)
    HAL_PCD_EP_ClrStall                      0x080010e5   Thumb Code    92  stm32f7xx_hal_pcd.o(i.HAL_PCD_EP_ClrStall)
    HAL_PCD_EP_GetRxCount                    0x08001141   Thumb Code    18  stm32f7xx_hal_pcd.o(i.HAL_PCD_EP_GetRxCount)
    HAL_PCD_EP_Open                          0x08001153   Thumb Code    96  stm32f7xx_hal_pcd.o(i.HAL_PCD_EP_Open)
    HAL_PCD_EP_Receive                       0x080011b3   Thumb Code    68  stm32f7xx_hal_pcd.o(i.HAL_PCD_EP_Receive)
    HAL_PCD_EP_SetStall                      0x080011f7   Thumb Code   116  stm32f7xx_hal_pcd.o(i.HAL_PCD_EP_SetStall)
    HAL_PCD_EP_Transmit                      0x0800126b   Thumb Code    68  stm32f7xx_hal_pcd.o(i.HAL_PCD_EP_Transmit)
    HAL_PCD_IRQHandler                       0x080012b1   Thumb Code  1194  stm32f7xx_hal_pcd.o(i.HAL_PCD_IRQHandler)
    HAL_PCD_ISOINIncompleteCallback          0x0800175b   Thumb Code     8  usbd_conf.o(i.HAL_PCD_ISOINIncompleteCallback)
    HAL_PCD_ISOOUTIncompleteCallback         0x08001763   Thumb Code     8  usbd_conf.o(i.HAL_PCD_ISOOUTIncompleteCallback)
    HAL_PCD_Init                             0x0800176d   Thumb Code   234  stm32f7xx_hal_pcd.o(i.HAL_PCD_Init)
    HAL_PCD_MspInit                          0x08001859   Thumb Code   146  usbd_conf.o(i.HAL_PCD_MspInit)
    HAL_PCD_ResetCallback                    0x080018f5   Thumb Code    44  usbd_conf.o(i.HAL_PCD_ResetCallback)
    HAL_PCD_ResumeCallback                   0x08001921   Thumb Code     8  usbd_conf.o(i.HAL_PCD_ResumeCallback)
    HAL_PCD_SOFCallback                      0x08001929   Thumb Code     8  usbd_conf.o(i.HAL_PCD_SOFCallback)
    HAL_PCD_SetAddress                       0x08001931   Thumb Code    40  stm32f7xx_hal_pcd.o(i.HAL_PCD_SetAddress)
    HAL_PCD_SetupStageCallback               0x08001959   Thumb Code    14  usbd_conf.o(i.HAL_PCD_SetupStageCallback)
    HAL_PCD_Start                            0x08001967   Thumb Code    42  stm32f7xx_hal_pcd.o(i.HAL_PCD_Start)
    HAL_PCD_SuspendCallback                  0x08001991   Thumb Code    44  usbd_conf.o(i.HAL_PCD_SuspendCallback)
    HAL_PWR_EnableBkUpAccess                 0x080019c1   Thumb Code    12  stm32f7xx_hal_pwr.o(i.HAL_PWR_EnableBkUpAccess)
    HAL_RCCEx_PeriphCLKConfig                0x080019d1   Thumb Code  1336  stm32f7xx_hal_rcc_ex.o(i.HAL_RCCEx_PeriphCLKConfig)
    HAL_RCC_ClockConfig                      0x08001f0d   Thumb Code   282  stm32f7xx_hal_rcc.o(i.HAL_RCC_ClockConfig)
    HAL_RCC_GetHCLKFreq                      0x08002039   Thumb Code     6  stm32f7xx_hal_rcc.o(i.HAL_RCC_GetHCLKFreq)
    HAL_RCC_GetPCLK1Freq                     0x08002045   Thumb Code    20  stm32f7xx_hal_rcc.o(i.HAL_RCC_GetPCLK1Freq)
    HAL_RCC_GetPCLK2Freq                     0x08002065   Thumb Code    20  stm32f7xx_hal_rcc.o(i.HAL_RCC_GetPCLK2Freq)
    HAL_RCC_GetSysClockFreq                  0x08002085   Thumb Code    88  stm32f7xx_hal_rcc.o(i.HAL_RCC_GetSysClockFreq)
    HAL_RCC_OscConfig                        0x080020e5   Thumb Code   814  stm32f7xx_hal_rcc.o(i.HAL_RCC_OscConfig)
    HAL_SYSTICK_Config                       0x08002421   Thumb Code    38  stm32f7xx_hal_cortex.o(i.HAL_SYSTICK_Config)
    HAL_TIMEx_Break2Callback                 0x08002447   Thumb Code     2  stm32f7xx_hal_tim_ex.o(i.HAL_TIMEx_Break2Callback)
    HAL_TIMEx_BreakCallback                  0x08002449   Thumb Code     2  stm32f7xx_hal_tim_ex.o(i.HAL_TIMEx_BreakCallback)
    HAL_TIMEx_CommutCallback                 0x0800244b   Thumb Code     2  stm32f7xx_hal_tim_ex.o(i.HAL_TIMEx_CommutCallback)
    HAL_TIMEx_MasterConfigSynchronization    0x0800244d   Thumb Code    88  stm32f7xx_hal_tim_ex.o(i.HAL_TIMEx_MasterConfigSynchronization)
    HAL_TIM_Base_Init                        0x080024ad   Thumb Code    54  stm32f7xx_hal_tim.o(i.HAL_TIM_Base_Init)
    HAL_TIM_Base_MspInit                     0x080024e5   Thumb Code    72  stm32f7xx_hal_msp.o(i.HAL_TIM_Base_MspInit)
    HAL_TIM_Base_Start_IT                    0x08002539   Thumb Code    40  stm32f7xx_hal_tim.o(i.HAL_TIM_Base_Start_IT)
    HAL_TIM_ConfigClockSource                0x08002565   Thumb Code   214  stm32f7xx_hal_tim.o(i.HAL_TIM_ConfigClockSource)
    HAL_TIM_IC_CaptureCallback               0x08002641   Thumb Code     2  stm32f7xx_hal_tim.o(i.HAL_TIM_IC_CaptureCallback)
    HAL_TIM_IRQHandler                       0x08002643   Thumb Code   386  stm32f7xx_hal_tim.o(i.HAL_TIM_IRQHandler)
    HAL_TIM_MspPostInit                      0x080027c5   Thumb Code    68  stm32f7xx_hal_msp.o(i.HAL_TIM_MspPostInit)
    HAL_TIM_OC_DelayElapsedCallback          0x08002815   Thumb Code     2  stm32f7xx_hal_tim.o(i.HAL_TIM_OC_DelayElapsedCallback)
    HAL_TIM_PWM_ConfigChannel                0x08002817   Thumb Code   296  stm32f7xx_hal_tim.o(i.HAL_TIM_PWM_ConfigChannel)
    HAL_TIM_PWM_Init                         0x0800293f   Thumb Code    54  stm32f7xx_hal_tim.o(i.HAL_TIM_PWM_Init)
    HAL_TIM_PWM_MspInit                      0x08002975   Thumb Code     2  stm32f7xx_hal_tim.o(i.HAL_TIM_PWM_MspInit)
    HAL_TIM_PWM_PulseFinishedCallback        0x08002977   Thumb Code     2  stm32f7xx_hal_tim.o(i.HAL_TIM_PWM_PulseFinishedCallback)
    HAL_TIM_PWM_Start                        0x08002979   Thumb Code    64  stm32f7xx_hal_tim.o(i.HAL_TIM_PWM_Start)
    HAL_TIM_PeriodElapsedCallback            0x080029c5   Thumb Code     2  stm32f7xx_hal_tim.o(i.HAL_TIM_PeriodElapsedCallback)
    HAL_TIM_TriggerCallback                  0x080029c7   Thumb Code     2  stm32f7xx_hal_tim.o(i.HAL_TIM_TriggerCallback)
    HAL_UART_Init                            0x080029c9   Thumb Code   102  stm32f7xx_hal_uart.o(i.HAL_UART_Init)
    HAL_UART_MspInit                         0x08002a31   Thumb Code    88  stm32f7xx_hal_msp.o(i.HAL_UART_MspInit)
    HardFault_Handler                        0x08002a95   Thumb Code     2  stm32f7xx_it.o(i.HardFault_Handler)
    MX_USB_DEVICE_Init                       0x08002d41   Thumb Code    66  usb_device.o(i.MX_USB_DEVICE_Init)
    MemManage_Handler                        0x08002d95   Thumb Code     2  stm32f7xx_it.o(i.MemManage_Handler)
    NMI_Handler                              0x08002d97   Thumb Code     2  stm32f7xx_it.o(i.NMI_Handler)
    OTG_FS_IRQHandler                        0x08002d99   Thumb Code     6  stm32f7xx_it.o(i.OTG_FS_IRQHandler)
    PendSV_Handler                           0x08002f23   Thumb Code     2  stm32f7xx_it.o(i.PendSV_Handler)
    SVC_Handler                              0x08002f25   Thumb Code     2  stm32f7xx_it.o(i.SVC_Handler)
    SysTick_Handler                          0x08002f27   Thumb Code     4  stm32f7xx_it.o(i.SysTick_Handler)
    SystemClock_Config                       0x08002f2d   Thumb Code   154  main.o(i.SystemClock_Config)
    SystemInit                               0x08002fd5   Thumb Code    68  system_stm32f7xx.o(i.SystemInit)
    TIM8_TRG_COM_TIM14_IRQHandler            0x08003029   Thumb Code     6  stm32f7xx_it.o(i.TIM8_TRG_COM_TIM14_IRQHandler)
    TIM_Base_SetConfig                       0x08003035   Thumb Code   158  stm32f7xx_hal_tim.o(i.TIM_Base_SetConfig)
    TIM_CCxChannelCmd                        0x08003101   Thumb Code    26  stm32f7xx_hal_tim.o(i.TIM_CCxChannelCmd)
    TIM_ETR_SetConfig                        0x0800311b   Thumb Code    18  stm32f7xx_hal_tim.o(i.TIM_ETR_SetConfig)
    TIM_OC2_SetConfig                        0x080031b1   Thumb Code   108  stm32f7xx_hal_tim.o(i.TIM_OC2_SetConfig)
    UART_AdvFeatureConfig                    0x080033ef   Thumb Code   200  stm32f7xx_hal_uart.o(i.UART_AdvFeatureConfig)
    UART_CheckIdleState                      0x080034b7   Thumb Code    60  stm32f7xx_hal_uart.o(i.UART_CheckIdleState)
    UART_SetConfig                           0x080034f5   Thumb Code   546  stm32f7xx_hal_uart.o(i.UART_SetConfig)
    UART_WaitOnFlagUntilTimeout              0x08003749   Thumb Code    96  stm32f7xx_hal_uart.o(i.UART_WaitOnFlagUntilTimeout)
    USBD_CDC_GetDeviceQualifierDescriptor    0x08003889   Thumb Code     8  usbd_cdc.o(i.USBD_CDC_GetDeviceQualifierDescriptor)
    USBD_CDC_ReceivePacket                   0x0800394d   Thumb Code    40  usbd_cdc.o(i.USBD_CDC_ReceivePacket)
    USBD_CDC_RegisterInterface               0x08003975   Thumb Code    20  usbd_cdc.o(i.USBD_CDC_RegisterInterface)
    USBD_CDC_SetRxBuffer                     0x08003989   Thumb Code    12  usbd_cdc.o(i.USBD_CDC_SetRxBuffer)
    USBD_CDC_SetTxBuffer                     0x08003995   Thumb Code    16  usbd_cdc.o(i.USBD_CDC_SetTxBuffer)
    USBD_CDC_TransmitPacket                  0x08003a53   Thumb Code    54  usbd_cdc.o(i.USBD_CDC_TransmitPacket)
    USBD_ClrClassConfig                      0x08003a89   Thumb Code    14  usbd_core.o(i.USBD_ClrClassConfig)
    USBD_CtlContinueRx                       0x08003a97   Thumb Code    16  usbd_ioreq.o(i.USBD_CtlContinueRx)
    USBD_CtlContinueSendData                 0x08003aa7   Thumb Code    16  usbd_ioreq.o(i.USBD_CtlContinueSendData)
    USBD_CtlError                            0x08003ab7   Thumb Code    22  usbd_ctlreq.o(i.USBD_CtlError)
    USBD_CtlPrepareRx                        0x08003acd   Thumb Code    30  usbd_ioreq.o(i.USBD_CtlPrepareRx)
    USBD_CtlReceiveStatus                    0x08003aeb   Thumb Code    22  usbd_ioreq.o(i.USBD_CtlReceiveStatus)
    USBD_CtlSendData                         0x08003b01   Thumb Code    26  usbd_ioreq.o(i.USBD_CtlSendData)
    USBD_CtlSendStatus                       0x08003b1b   Thumb Code    22  usbd_ioreq.o(i.USBD_CtlSendStatus)
    USBD_FS_ConfigStrDescriptor              0x08003b31   Thumb Code    16  usbd_desc.o(i.USBD_FS_ConfigStrDescriptor)
    USBD_FS_DeviceDescriptor                 0x08003b51   Thumb Code     8  usbd_desc.o(i.USBD_FS_DeviceDescriptor)
    USBD_FS_InterfaceStrDescriptor           0x08003b5d   Thumb Code    16  usbd_desc.o(i.USBD_FS_InterfaceStrDescriptor)
    USBD_FS_LangIDStrDescriptor              0x08003b81   Thumb Code     8  usbd_desc.o(i.USBD_FS_LangIDStrDescriptor)
    USBD_FS_ManufacturerStrDescriptor        0x08003b8d   Thumb Code    16  usbd_desc.o(i.USBD_FS_ManufacturerStrDescriptor)
    USBD_FS_ProductStrDescriptor             0x08003bb5   Thumb Code    16  usbd_desc.o(i.USBD_FS_ProductStrDescriptor)
    USBD_FS_SerialStrDescriptor              0x08003be1   Thumb Code    50  usbd_desc.o(i.USBD_FS_SerialStrDescriptor)
    USBD_FS_USR_BOSDescriptor                0x08003c1d   Thumb Code     8  usbd_desc.o(i.USBD_FS_USR_BOSDescriptor)
    USBD_GetString                           0x08003d27   Thumb Code    74  usbd_ctlreq.o(i.USBD_GetString)
    USBD_Get_USB_Status                      0x08003d71   Thumb Code    24  usbd_conf.o(i.USBD_Get_USB_Status)
    USBD_Init                                0x08003d89   Thumb Code    42  usbd_core.o(i.USBD_Init)
    USBD_LL_ClearStallEP                     0x08003db3   Thumb Code    18  usbd_conf.o(i.USBD_LL_ClearStallEP)
    USBD_LL_CloseEP                          0x08003dc5   Thumb Code    18  usbd_conf.o(i.USBD_LL_CloseEP)
    USBD_LL_DataInStage                      0x08003dd7   Thumb Code   194  usbd_core.o(i.USBD_LL_DataInStage)
    USBD_LL_DataOutStage                     0x08003e99   Thumb Code   130  usbd_core.o(i.USBD_LL_DataOutStage)
    USBD_LL_DevConnected                     0x08003f1b   Thumb Code     4  usbd_core.o(i.USBD_LL_DevConnected)
    USBD_LL_DevDisconnected                  0x08003f1f   Thumb Code    22  usbd_core.o(i.USBD_LL_DevDisconnected)
    USBD_LL_GetRxDataSize                    0x08003f35   Thumb Code     8  usbd_conf.o(i.USBD_LL_GetRxDataSize)
    USBD_LL_Init                             0x08003f3d   Thumb Code    90  usbd_conf.o(i.USBD_LL_Init)
    USBD_LL_IsStallEP                        0x08003f9d   Thumb Code    32  usbd_conf.o(i.USBD_LL_IsStallEP)
    USBD_LL_IsoINIncomplete                  0x08003fbd   Thumb Code     4  usbd_core.o(i.USBD_LL_IsoINIncomplete)
    USBD_LL_IsoOUTIncomplete                 0x08003fc1   Thumb Code     4  usbd_core.o(i.USBD_LL_IsoOUTIncomplete)
    USBD_LL_OpenEP                           0x08003fc5   Thumb Code    24  usbd_conf.o(i.USBD_LL_OpenEP)
    USBD_LL_PrepareReceive                   0x08003fdd   Thumb Code    18  usbd_conf.o(i.USBD_LL_PrepareReceive)
    USBD_LL_Reset                            0x08003fef   Thumb Code    80  usbd_core.o(i.USBD_LL_Reset)
    USBD_LL_Resume                           0x0800403f   Thumb Code    12  usbd_core.o(i.USBD_LL_Resume)
    USBD_LL_SOF                              0x0800404b   Thumb Code    24  usbd_core.o(i.USBD_LL_SOF)
    USBD_LL_SetSpeed                         0x08004063   Thumb Code     6  usbd_core.o(i.USBD_LL_SetSpeed)
    USBD_LL_SetUSBAddress                    0x08004069   Thumb Code    18  usbd_conf.o(i.USBD_LL_SetUSBAddress)
    USBD_LL_SetupStage                       0x0800407b   Thumb Code    86  usbd_core.o(i.USBD_LL_SetupStage)
    USBD_LL_StallEP                          0x080040d1   Thumb Code    18  usbd_conf.o(i.USBD_LL_StallEP)
    USBD_LL_Start                            0x080040e3   Thumb Code    18  usbd_conf.o(i.USBD_LL_Start)
    USBD_LL_Suspend                          0x080040f5   Thumb Code    18  usbd_core.o(i.USBD_LL_Suspend)
    USBD_LL_Transmit                         0x08004107   Thumb Code    18  usbd_conf.o(i.USBD_LL_Transmit)
    USBD_ParseSetupRequest                   0x08004119   Thumb Code    40  usbd_ctlreq.o(i.USBD_ParseSetupRequest)
    USBD_RegisterClass                       0x08004141   Thumb Code    18  usbd_core.o(i.USBD_RegisterClass)
    USBD_SetClassConfig                      0x08004153   Thumb Code    22  usbd_core.o(i.USBD_SetClassConfig)
    USBD_Start                               0x080041f1   Thumb Code    10  usbd_core.o(i.USBD_Start)
    USBD_StdDevReq                           0x080041fb   Thumb Code   276  usbd_ctlreq.o(i.USBD_StdDevReq)
    USBD_StdEPReq                            0x0800430f   Thumb Code   336  usbd_ctlreq.o(i.USBD_StdEPReq)
    USBD_StdItfReq                           0x0800445f   Thumb Code    78  usbd_ctlreq.o(i.USBD_StdItfReq)
    USB_ActivateEndpoint                     0x080044ad   Thumb Code   124  stm32f7xx_ll_usb.o(i.USB_ActivateEndpoint)
    USB_ActivateSetup                        0x0800452d   Thumb Code    52  stm32f7xx_ll_usb.o(i.USB_ActivateSetup)
    USB_CoreInit                             0x08004561   Thumb Code   104  stm32f7xx_ll_usb.o(i.USB_CoreInit)
    USB_DeactivateEndpoint                   0x08004605   Thumb Code   118  stm32f7xx_ll_usb.o(i.USB_DeactivateEndpoint)
    USB_DevConnect                           0x08004685   Thumb Code    24  stm32f7xx_ll_usb.o(i.USB_DevConnect)
    USB_DevDisconnect                        0x0800469d   Thumb Code    24  stm32f7xx_ll_usb.o(i.USB_DevDisconnect)
    USB_DevInit                              0x080046b5   Thumb Code   386  stm32f7xx_ll_usb.o(i.USB_DevInit)
    USB_DisableGlobalInt                     0x08004849   Thumb Code    12  stm32f7xx_ll_usb.o(i.USB_DisableGlobalInt)
    USB_EP0StartXfer                         0x08004855   Thumb Code   266  stm32f7xx_ll_usb.o(i.USB_EP0StartXfer)
    USB_EP0_OutStart                         0x08004965   Thumb Code    84  stm32f7xx_ll_usb.o(i.USB_EP0_OutStart)
    USB_EPClearStall                         0x080049bd   Thumb Code    88  stm32f7xx_ll_usb.o(i.USB_EPClearStall)
    USB_EPSetStall                           0x08004a15   Thumb Code    88  stm32f7xx_ll_usb.o(i.USB_EPSetStall)
    USB_EPStartXfer                          0x08004a6d   Thumb Code   452  stm32f7xx_ll_usb.o(i.USB_EPStartXfer)
    USB_EnableGlobalInt                      0x08004c35   Thumb Code    12  stm32f7xx_ll_usb.o(i.USB_EnableGlobalInt)
    USB_FlushRxFifo                          0x08004c41   Thumb Code    28  stm32f7xx_ll_usb.o(i.USB_FlushRxFifo)
    USB_FlushTxFifo                          0x08004c61   Thumb Code    32  stm32f7xx_ll_usb.o(i.USB_FlushTxFifo)
    USB_GetDevSpeed                          0x08004c85   Thumb Code    26  stm32f7xx_ll_usb.o(i.USB_GetDevSpeed)
    USB_GetMode                              0x08004c9f   Thumb Code     8  stm32f7xx_ll_usb.o(i.USB_GetMode)
    USB_ReadDevAllInEpInterrupt              0x08004ca7   Thumb Code    14  stm32f7xx_ll_usb.o(i.USB_ReadDevAllInEpInterrupt)
    USB_ReadDevAllOutEpInterrupt             0x08004cb5   Thumb Code    14  stm32f7xx_ll_usb.o(i.USB_ReadDevAllOutEpInterrupt)
    USB_ReadDevInEPInterrupt                 0x08004cc3   Thumb Code    36  stm32f7xx_ll_usb.o(i.USB_ReadDevInEPInterrupt)
    USB_ReadDevOutEPInterrupt                0x08004ce7   Thumb Code    16  stm32f7xx_ll_usb.o(i.USB_ReadDevOutEPInterrupt)
    USB_ReadInterrupts                       0x08004cf7   Thumb Code     8  stm32f7xx_ll_usb.o(i.USB_ReadInterrupts)
    USB_ReadPacket                           0x08004cff   Thumb Code    28  stm32f7xx_ll_usb.o(i.USB_ReadPacket)
    USB_SetCurrentMode                       0x08004d1b   Thumb Code    46  stm32f7xx_ll_usb.o(i.USB_SetCurrentMode)
    USB_SetDevAddress                        0x08004d49   Thumb Code    34  stm32f7xx_ll_usb.o(i.USB_SetDevAddress)
    USB_SetTurnaroundTime                    0x08004d6d   Thumb Code   158  stm32f7xx_ll_usb.o(i.USB_SetTurnaroundTime)
    USB_WritePacket                          0x08004e55   Thumb Code    36  stm32f7xx_ll_usb.o(i.USB_WritePacket)
    UsageFault_Handler                       0x08004e79   Thumb Code     2  stm32f7xx_it.o(i.UsageFault_Handler)
    __scatterload_copy                       0x08004e9d   Thumb Code    14  handlers.o(i.__scatterload_copy)
    __scatterload_null                       0x08004eab   Thumb Code     2  handlers.o(i.__scatterload_null)
    __scatterload_zeroinit                   0x08004ead   Thumb Code    14  handlers.o(i.__scatterload_zeroinit)
    free                                     0x08004ebd   Thumb Code    76  malloc.o(i.free)
    main                                     0x08004f0d   Thumb Code   130  main.o(i.main)
    malloc                                   0x08004fad   Thumb Code    92  malloc.o(i.malloc)
    AHBPrescTable                            0x08005018   Data          16  system_stm32f7xx.o(.constdata)
    APBPrescTable                            0x08005028   Data           8  system_stm32f7xx.o(.constdata)
    Region$$Table$$Base                      0x08005030   Number         0  anon$$obj.o(Region$$Table)
    Region$$Table$$Limit                     0x08005050   Number         0  anon$$obj.o(Region$$Table)
    FS_Desc                                  0x20000000   Data          32  usbd_desc.o(.data)
    USBD_LangIDDesc                          0x20000020   Data           4  usbd_desc.o(.data)
    USBD_FS_DeviceDesc                       0x20000024   Data          18  usbd_desc.o(.data)
    USBD_FS_BOSDesc                          0x20000038   Data          12  usbd_desc.o(.data)
    USBD_StringSerial                        0x20000044   Data          26  usbd_desc.o(.data)
    USBD_Interface_fops_FS                   0x20000060   Data          16  usbd_cdc_if.o(.data)
    uwTickFreq                               0x20000070   Data           1  stm32f7xx_hal.o(.data)
    uwTickPrio                               0x20000074   Data           4  stm32f7xx_hal.o(.data)
    uwTick                                   0x20000078   Data           4  stm32f7xx_hal.o(.data)
    SystemCoreClock                          0x2000007c   Data           4  system_stm32f7xx.o(.data)
    USBD_CDC_CfgHSDesc                       0x20000090   Data          67  usbd_cdc.o(.data)
    USBD_CDC_CfgFSDesc                       0x200000d4   Data          67  usbd_cdc.o(.data)
    USBD_CDC_OtherSpeedCfgDesc               0x20000118   Data          67  usbd_cdc.o(.data)
    USBD_CDC                                 0x2000015c   Data          56  usbd_cdc.o(.data)
    __microlib_freelist                      0x20000194   Data           4  mvars.o(.data)
    __microlib_freelist_initialised          0x20000198   Data           4  mvars.o(.data)
    hadc1                                    0x2000019c   Data          72  main.o(.bss)
    heth                                     0x200001e4   Data          72  main.o(.bss)
    htim3                                    0x2000022c   Data          64  main.o(.bss)
    htim14                                   0x2000026c   Data          64  main.o(.bss)
    huart3                                   0x200002ac   Data         128  main.o(.bss)
    hUsbDeviceFS                             0x2000032c   Data         668  usb_device.o(.bss)
    hpcd_USB_OTG_FS                          0x200005c8   Data        1028  usbd_conf.o(.bss)
    USBD_StrDesc                             0x200009cc   Data         512  usbd_desc.o(.bss)
    UserRxBufferFS                           0x20000bcc   Data        2048  usbd_cdc_if.o(.bss)
    UserTxBufferFS                           0x200013cc   Data        2048  usbd_cdc_if.o(.bss)
    __heap_base                              0x20001bd0   Data           0  startup_stm32f767xx.o(HEAP)
    __heap_limit                             0x20003bd0   Data           0  startup_stm32f767xx.o(HEAP)
    __initial_sp                             0x20007bd0   Data           0  startup_stm32f767xx.o(STACK)



==============================================================================

Memory Map of the image

  Image Entry point : 0x080001f9

  Load Region LR_IROM1 (Base: 0x08000000, Size: 0x000051ec, Max: 0x00200000, ABSOLUTE, COMPRESSED[0x00005120])

    Execution Region ER_IROM1 (Exec base: 0x08000000, Load base: 0x08000000, Size: 0x00005050, Max: 0x00200000, ABSOLUTE)

    Exec Addr    Load Addr    Size         Type   Attr      Idx    E Section Name        Object

    0x08000000   0x08000000   0x000001f8   Data   RO            3    RESET               startup_stm32f767xx.o
    0x080001f8   0x080001f8   0x00000000   Code   RO         5208  * .ARM.Collect$$$$00000000  mc_w.l(entry.o)
    0x080001f8   0x080001f8   0x00000004   Code   RO         5247    .ARM.Collect$$$$00000001  mc_w.l(entry2.o)
    0x080001fc   0x080001fc   0x00000004   Code   RO         5250    .ARM.Collect$$$$00000004  mc_w.l(entry5.o)
    0x08000200   0x08000200   0x00000000   Code   RO         5252    .ARM.Collect$$$$00000008  mc_w.l(entry7b.o)
    0x08000200   0x08000200   0x00000000   Code   RO         5254    .ARM.Collect$$$$0000000A  mc_w.l(entry8b.o)
    0x08000200   0x08000200   0x00000008   Code   RO         5255    .ARM.Collect$$$$0000000B  mc_w.l(entry9a.o)
    0x08000208   0x08000208   0x00000000   Code   RO         5257    .ARM.Collect$$$$0000000D  mc_w.l(entry10a.o)
    0x08000208   0x08000208   0x00000000   Code   RO         5259    .ARM.Collect$$$$0000000F  mc_w.l(entry11a.o)
    0x08000208   0x08000208   0x00000004   Code   RO         5248    .ARM.Collect$$$$00002712  mc_w.l(entry2.o)
    0x0800020c   0x0800020c   0x00000024   Code   RO            4    .text               startup_stm32f767xx.o
    0x08000230   0x08000230   0x00000062   Code   RO         5211    .text               mc_w.l(uldiv.o)
    0x08000292   0x08000292   0x00000024   Code   RO         5213    .text               mc_w.l(memcpya.o)
    0x080002b6   0x080002b6   0x00000024   Code   RO         5215    .text               mc_w.l(memseta.o)
    0x080002da   0x080002da   0x0000001e   Code   RO         5261    .text               mc_w.l(llshl.o)
    0x080002f8   0x080002f8   0x00000020   Code   RO         5263    .text               mc_w.l(llushr.o)
    0x08000318   0x08000318   0x00000024   Code   RO         5267    .text               mc_w.l(init.o)
    0x0800033c   0x0800033c   0x00000056   Code   RO         5277    .text               mc_w.l(__dczerorl2.o)
    0x08000392   0x08000392   0x00000002   PAD
    0x08000394   0x08000394   0x00000138   Code   RO         1353    i.ADC_Init          stm32f7xx_hal_adc.o
    0x080004cc   0x080004cc   0x00000002   Code   RO          610    i.BusFault_Handler  stm32f7xx_it.o
    0x080004ce   0x080004ce   0x00000004   Code   RO          558    i.CDC_Control_FS    usbd_cdc_if.o
    0x080004d2   0x080004d2   0x00000004   Code   RO          559    i.CDC_DeInit_FS     usbd_cdc_if.o
    0x080004d6   0x080004d6   0x00000002   PAD
    0x080004d8   0x080004d8   0x00000024   Code   RO          560    i.CDC_Init_FS       usbd_cdc_if.o
    0x080004fc   0x080004fc   0x00000018   Code   RO          561    i.CDC_Receive_FS    usbd_cdc_if.o
    0x08000514   0x08000514   0x0000002c   Code   RO          562    i.CDC_Transmit_FS   usbd_cdc_if.o
    0x08000540   0x08000540   0x00000002   Code   RO          611    i.DebugMon_Handler  stm32f7xx_it.o
    0x08000542   0x08000542   0x00000002   PAD
    0x08000544   0x08000544   0x00000124   Code   RO         1761    i.ETH_MACDMAConfig  stm32f7xx_hal_eth.o
    0x08000668   0x08000668   0x00000002   Code   RO           13    i.Error_Handler     main.o
    0x0800066a   0x0800066a   0x00000002   PAD
    0x0800066c   0x0800066c   0x00000164   Code   RO         1355    i.HAL_ADC_ConfigChannel  stm32f7xx_hal_adc.o
    0x080007d0   0x080007d0   0x00000054   Code   RO         1364    i.HAL_ADC_Init      stm32f7xx_hal_adc.o
    0x08000824   0x08000824   0x00000060   Code   RO          699    i.HAL_ADC_MspInit   stm32f7xx_hal_msp.o
    0x08000884   0x08000884   0x00000024   Code   RO         4030    i.HAL_Delay         stm32f7xx_hal.o
    0x080008a8   0x080008a8   0x000001f0   Code   RO         1772    i.HAL_ETH_Init      stm32f7xx_hal_eth.o
    0x08000a98   0x08000a98   0x000000e8   Code   RO          701    i.HAL_ETH_MspInit   stm32f7xx_hal_msp.o
    0x08000b80   0x08000b80   0x00000086   Code   RO         1775    i.HAL_ETH_ReadPHYRegister  stm32f7xx_hal_eth.o
    0x08000c06   0x08000c06   0x00000002   PAD
    0x08000c08   0x08000c08   0x0000007a   Code   RO         1781    i.HAL_ETH_WritePHYRegister  stm32f7xx_hal_eth.o
    0x08000c82   0x08000c82   0x00000002   PAD
    0x08000c84   0x08000c84   0x000001d8   Code   RO         3597    i.HAL_GPIO_Init     stm32f7xx_hal_gpio.o
    0x08000e5c   0x08000e5c   0x0000000a   Code   RO         3601    i.HAL_GPIO_WritePin  stm32f7xx_hal_gpio.o
    0x08000e66   0x08000e66   0x00000002   PAD
    0x08000e68   0x08000e68   0x0000000c   Code   RO         4040    i.HAL_GetTick       stm32f7xx_hal.o
    0x08000e74   0x08000e74   0x00000010   Code   RO         4046    i.HAL_IncTick       stm32f7xx_hal.o
    0x08000e84   0x08000e84   0x00000016   Code   RO         4047    i.HAL_Init          stm32f7xx_hal.o
    0x08000e9a   0x08000e9a   0x00000002   PAD
    0x08000e9c   0x08000e9c   0x00000040   Code   RO         4048    i.HAL_InitTick      stm32f7xx_hal.o
    0x08000edc   0x08000edc   0x00000030   Code   RO          702    i.HAL_MspInit       stm32f7xx_hal_msp.o
    0x08000f0c   0x08000f0c   0x0000001a   Code   RO         1630    i.HAL_NVIC_EnableIRQ  stm32f7xx_hal_cortex.o
    0x08000f26   0x08000f26   0x00000002   PAD
    0x08000f28   0x08000f28   0x00000040   Code   RO         1636    i.HAL_NVIC_SetPriority  stm32f7xx_hal_cortex.o
    0x08000f68   0x08000f68   0x00000024   Code   RO         1637    i.HAL_NVIC_SetPriorityGrouping  stm32f7xx_hal_cortex.o
    0x08000f8c   0x08000f8c   0x00000028   Code   RO          996    i.HAL_PCDEx_ActivateLPM  stm32f7xx_hal_pcd_ex.o
    0x08000fb4   0x08000fb4   0x00000060   Code   RO          265    i.HAL_PCDEx_LPM_Callback  usbd_conf.o
    0x08001014   0x08001014   0x00000008   Code   RO         1000    i.HAL_PCDEx_SetRxFiFo  stm32f7xx_hal_pcd_ex.o
    0x0800101c   0x0800101c   0x00000046   Code   RO         1001    i.HAL_PCDEx_SetTxFiFo  stm32f7xx_hal_pcd_ex.o
    0x08001062   0x08001062   0x00000008   Code   RO          266    i.HAL_PCD_ConnectCallback  usbd_conf.o
    0x0800106a   0x0800106a   0x00000012   Code   RO          267    i.HAL_PCD_DataInStageCallback  usbd_conf.o
    0x0800107c   0x0800107c   0x00000014   Code   RO          268    i.HAL_PCD_DataOutStageCallback  usbd_conf.o
    0x08001090   0x08001090   0x00000008   Code   RO          269    i.HAL_PCD_DisconnectCallback  usbd_conf.o
    0x08001098   0x08001098   0x0000004c   Code   RO          785    i.HAL_PCD_EP_Close  stm32f7xx_hal_pcd.o
    0x080010e4   0x080010e4   0x0000005c   Code   RO          786    i.HAL_PCD_EP_ClrStall  stm32f7xx_hal_pcd.o
    0x08001140   0x08001140   0x00000012   Code   RO          788    i.HAL_PCD_EP_GetRxCount  stm32f7xx_hal_pcd.o
    0x08001152   0x08001152   0x00000060   Code   RO          789    i.HAL_PCD_EP_Open   stm32f7xx_hal_pcd.o
    0x080011b2   0x080011b2   0x00000044   Code   RO          790    i.HAL_PCD_EP_Receive  stm32f7xx_hal_pcd.o
    0x080011f6   0x080011f6   0x00000074   Code   RO          791    i.HAL_PCD_EP_SetStall  stm32f7xx_hal_pcd.o
    0x0800126a   0x0800126a   0x00000044   Code   RO          792    i.HAL_PCD_EP_Transmit  stm32f7xx_hal_pcd.o
    0x080012ae   0x080012ae   0x00000002   PAD
    0x080012b0   0x080012b0   0x000004aa   Code   RO          794    i.HAL_PCD_IRQHandler  stm32f7xx_hal_pcd.o
    0x0800175a   0x0800175a   0x00000008   Code   RO          270    i.HAL_PCD_ISOINIncompleteCallback  usbd_conf.o
    0x08001762   0x08001762   0x00000008   Code   RO          271    i.HAL_PCD_ISOOUTIncompleteCallback  usbd_conf.o
    0x0800176a   0x0800176a   0x00000002   PAD
    0x0800176c   0x0800176c   0x000000ea   Code   RO          797    i.HAL_PCD_Init      stm32f7xx_hal_pcd.o
    0x08001856   0x08001856   0x00000002   PAD
    0x08001858   0x08001858   0x0000009c   Code   RO          273    i.HAL_PCD_MspInit   usbd_conf.o
    0x080018f4   0x080018f4   0x0000002c   Code   RO          274    i.HAL_PCD_ResetCallback  usbd_conf.o
    0x08001920   0x08001920   0x00000008   Code   RO          275    i.HAL_PCD_ResumeCallback  usbd_conf.o
    0x08001928   0x08001928   0x00000008   Code   RO          276    i.HAL_PCD_SOFCallback  usbd_conf.o
    0x08001930   0x08001930   0x00000028   Code   RO          803    i.HAL_PCD_SetAddress  stm32f7xx_hal_pcd.o
    0x08001958   0x08001958   0x0000000e   Code   RO          277    i.HAL_PCD_SetupStageCallback  usbd_conf.o
    0x08001966   0x08001966   0x0000002a   Code   RO          805    i.HAL_PCD_Start     stm32f7xx_hal_pcd.o
    0x08001990   0x08001990   0x00000030   Code   RO          278    i.HAL_PCD_SuspendCallback  usbd_conf.o
    0x080019c0   0x080019c0   0x00000010   Code   RO         3814    i.HAL_PWR_EnableBkUpAccess  stm32f7xx_hal_pwr.o
    0x080019d0   0x080019d0   0x0000053c   Code   RO         3358    i.HAL_RCCEx_PeriphCLKConfig  stm32f7xx_hal_rcc_ex.o
    0x08001f0c   0x08001f0c   0x0000012c   Code   RO         3251    i.HAL_RCC_ClockConfig  stm32f7xx_hal_rcc.o
    0x08002038   0x08002038   0x0000000c   Code   RO         3256    i.HAL_RCC_GetHCLKFreq  stm32f7xx_hal_rcc.o
    0x08002044   0x08002044   0x00000020   Code   RO         3258    i.HAL_RCC_GetPCLK1Freq  stm32f7xx_hal_rcc.o
    0x08002064   0x08002064   0x00000020   Code   RO         3259    i.HAL_RCC_GetPCLK2Freq  stm32f7xx_hal_rcc.o
    0x08002084   0x08002084   0x00000060   Code   RO         3260    i.HAL_RCC_GetSysClockFreq  stm32f7xx_hal_rcc.o
    0x080020e4   0x080020e4   0x0000033c   Code   RO         3263    i.HAL_RCC_OscConfig  stm32f7xx_hal_rcc.o
    0x08002420   0x08002420   0x00000026   Code   RO         1641    i.HAL_SYSTICK_Config  stm32f7xx_hal_cortex.o
    0x08002446   0x08002446   0x00000002   Code   RO         2595    i.HAL_TIMEx_Break2Callback  stm32f7xx_hal_tim_ex.o
    0x08002448   0x08002448   0x00000002   Code   RO         2596    i.HAL_TIMEx_BreakCallback  stm32f7xx_hal_tim_ex.o
    0x0800244a   0x0800244a   0x00000002   Code   RO         2597    i.HAL_TIMEx_CommutCallback  stm32f7xx_hal_tim_ex.o
    0x0800244c   0x0800244c   0x00000060   Code   RO         2616    i.HAL_TIMEx_MasterConfigSynchronization  stm32f7xx_hal_tim_ex.o
    0x080024ac   0x080024ac   0x00000036   Code   RO         1910    i.HAL_TIM_Base_Init  stm32f7xx_hal_tim.o
    0x080024e2   0x080024e2   0x00000002   PAD
    0x080024e4   0x080024e4   0x00000054   Code   RO          704    i.HAL_TIM_Base_MspInit  stm32f7xx_hal_msp.o
    0x08002538   0x08002538   0x0000002c   Code   RO         1915    i.HAL_TIM_Base_Start_IT  stm32f7xx_hal_tim.o
    0x08002564   0x08002564   0x000000dc   Code   RO         1919    i.HAL_TIM_ConfigClockSource  stm32f7xx_hal_tim.o
    0x08002640   0x08002640   0x00000002   Code   RO         1939    i.HAL_TIM_IC_CaptureCallback  stm32f7xx_hal_tim.o
    0x08002642   0x08002642   0x00000182   Code   RO         1953    i.HAL_TIM_IRQHandler  stm32f7xx_hal_tim.o
    0x080027c4   0x080027c4   0x00000050   Code   RO          705    i.HAL_TIM_MspPostInit  stm32f7xx_hal_msp.o
    0x08002814   0x08002814   0x00000002   Code   RO         1956    i.HAL_TIM_OC_DelayElapsedCallback  stm32f7xx_hal_tim.o
    0x08002816   0x08002816   0x00000128   Code   RO         1977    i.HAL_TIM_PWM_ConfigChannel  stm32f7xx_hal_tim.o
    0x0800293e   0x0800293e   0x00000036   Code   RO         1980    i.HAL_TIM_PWM_Init  stm32f7xx_hal_tim.o
    0x08002974   0x08002974   0x00000002   Code   RO         1982    i.HAL_TIM_PWM_MspInit  stm32f7xx_hal_tim.o
    0x08002976   0x08002976   0x00000002   Code   RO         1983    i.HAL_TIM_PWM_PulseFinishedCallback  stm32f7xx_hal_tim.o
    0x08002978   0x08002978   0x0000004c   Code   RO         1985    i.HAL_TIM_PWM_Start  stm32f7xx_hal_tim.o
    0x080029c4   0x080029c4   0x00000002   Code   RO         1991    i.HAL_TIM_PeriodElapsedCallback  stm32f7xx_hal_tim.o
    0x080029c6   0x080029c6   0x00000002   Code   RO         1996    i.HAL_TIM_TriggerCallback  stm32f7xx_hal_tim.o
    0x080029c8   0x080029c8   0x00000066   Code   RO         2890    i.HAL_UART_Init     stm32f7xx_hal_uart.o
    0x08002a2e   0x08002a2e   0x00000002   PAD
    0x08002a30   0x08002a30   0x00000064   Code   RO          707    i.HAL_UART_MspInit  stm32f7xx_hal_msp.o
    0x08002a94   0x08002a94   0x00000002   Code   RO          612    i.HardFault_Handler  stm32f7xx_it.o
    0x08002a96   0x08002a96   0x00000002   PAD
    0x08002a98   0x08002a98   0x00000038   Code   RO          466    i.IntToUnicode      usbd_desc.o
    0x08002ad0   0x08002ad0   0x00000054   Code   RO           14    i.MX_ADC1_Init      main.o
    0x08002b24   0x08002b24   0x00000048   Code   RO           15    i.MX_ETH_Init       main.o
    0x08002b6c   0x08002b6c   0x00000124   Code   RO           16    i.MX_GPIO_Init      main.o
    0x08002c90   0x08002c90   0x00000080   Code   RO           17    i.MX_TIM3_Init      main.o
    0x08002d10   0x08002d10   0x00000030   Code   RO           18    i.MX_USART3_UART_Init  main.o
    0x08002d40   0x08002d40   0x00000054   Code   RO          234    i.MX_USB_DEVICE_Init  usb_device.o
    0x08002d94   0x08002d94   0x00000002   Code   RO          613    i.MemManage_Handler  stm32f7xx_it.o
    0x08002d96   0x08002d96   0x00000002   Code   RO          614    i.NMI_Handler       stm32f7xx_it.o
    0x08002d98   0x08002d98   0x0000000c   Code   RO          615    i.OTG_FS_IRQHandler  stm32f7xx_it.o
    0x08002da4   0x08002da4   0x000000dc   Code   RO          808    i.PCD_EP_OutXfrComplete_int  stm32f7xx_hal_pcd.o
    0x08002e80   0x08002e80   0x000000a2   Code   RO          809    i.PCD_WriteEmptyTxFifo  stm32f7xx_hal_pcd.o
    0x08002f22   0x08002f22   0x00000002   Code   RO          616    i.PendSV_Handler    stm32f7xx_it.o
    0x08002f24   0x08002f24   0x00000002   Code   RO          617    i.SVC_Handler       stm32f7xx_it.o
    0x08002f26   0x08002f26   0x00000004   Code   RO          618    i.SysTick_Handler   stm32f7xx_it.o
    0x08002f2a   0x08002f2a   0x00000002   PAD
    0x08002f2c   0x08002f2c   0x000000a8   Code   RO           19    i.SystemClock_Config  main.o
    0x08002fd4   0x08002fd4   0x00000054   Code   RO         4805    i.SystemInit        system_stm32f7xx.o
    0x08003028   0x08003028   0x0000000c   Code   RO          619    i.TIM8_TRG_COM_TIM14_IRQHandler  stm32f7xx_it.o
    0x08003034   0x08003034   0x000000cc   Code   RO         1998    i.TIM_Base_SetConfig  stm32f7xx_hal_tim.o
    0x08003100   0x08003100   0x0000001a   Code   RO         1999    i.TIM_CCxChannelCmd  stm32f7xx_hal_tim.o
    0x0800311a   0x0800311a   0x00000012   Code   RO         2009    i.TIM_ETR_SetConfig  stm32f7xx_hal_tim.o
    0x0800312c   0x0800312c   0x00000010   Code   RO         2010    i.TIM_ITRx_SetConfig  stm32f7xx_hal_tim.o
    0x0800313c   0x0800313c   0x00000074   Code   RO         2011    i.TIM_OC1_SetConfig  stm32f7xx_hal_tim.o
    0x080031b0   0x080031b0   0x00000078   Code   RO         2012    i.TIM_OC2_SetConfig  stm32f7xx_hal_tim.o
    0x08003228   0x08003228   0x00000078   Code   RO         2013    i.TIM_OC3_SetConfig  stm32f7xx_hal_tim.o
    0x080032a0   0x080032a0   0x00000058   Code   RO         2014    i.TIM_OC4_SetConfig  stm32f7xx_hal_tim.o
    0x080032f8   0x080032f8   0x00000058   Code   RO         2015    i.TIM_OC5_SetConfig  stm32f7xx_hal_tim.o
    0x08003350   0x08003350   0x00000058   Code   RO         2016    i.TIM_OC6_SetConfig  stm32f7xx_hal_tim.o
    0x080033a8   0x080033a8   0x00000022   Code   RO         2018    i.TIM_TI1_ConfigInputStage  stm32f7xx_hal_tim.o
    0x080033ca   0x080033ca   0x00000024   Code   RO         2020    i.TIM_TI2_ConfigInputStage  stm32f7xx_hal_tim.o
    0x080033ee   0x080033ee   0x000000c8   Code   RO         2903    i.UART_AdvFeatureConfig  stm32f7xx_hal_uart.o
    0x080034b6   0x080034b6   0x0000003c   Code   RO         2904    i.UART_CheckIdleState  stm32f7xx_hal_uart.o
    0x080034f2   0x080034f2   0x00000002   PAD
    0x080034f4   0x080034f4   0x00000254   Code   RO         2919    i.UART_SetConfig    stm32f7xx_hal_uart.o
    0x08003748   0x08003748   0x00000060   Code   RO         2922    i.UART_WaitOnFlagUntilTimeout  stm32f7xx_hal_uart.o
    0x080037a8   0x080037a8   0x0000004a   Code   RO         5105    i.USBD_CDC_DataIn   usbd_cdc.o
    0x080037f2   0x080037f2   0x0000002e   Code   RO         5106    i.USBD_CDC_DataOut  usbd_cdc.o
    0x08003820   0x08003820   0x00000044   Code   RO         5107    i.USBD_CDC_DeInit   usbd_cdc.o
    0x08003864   0x08003864   0x00000024   Code   RO         5108    i.USBD_CDC_EP0_RxReady  usbd_cdc.o
    0x08003888   0x08003888   0x0000000c   Code   RO         5109    i.USBD_CDC_GetDeviceQualifierDescriptor  usbd_cdc.o
    0x08003894   0x08003894   0x0000000c   Code   RO         5110    i.USBD_CDC_GetFSCfgDesc  usbd_cdc.o
    0x080038a0   0x080038a0   0x0000000c   Code   RO         5111    i.USBD_CDC_GetHSCfgDesc  usbd_cdc.o
    0x080038ac   0x080038ac   0x0000000c   Code   RO         5112    i.USBD_CDC_GetOtherSpeedCfgDesc  usbd_cdc.o
    0x080038b8   0x080038b8   0x00000094   Code   RO         5113    i.USBD_CDC_Init     usbd_cdc.o
    0x0800394c   0x0800394c   0x00000028   Code   RO         5114    i.USBD_CDC_ReceivePacket  usbd_cdc.o
    0x08003974   0x08003974   0x00000014   Code   RO         5115    i.USBD_CDC_RegisterInterface  usbd_cdc.o
    0x08003988   0x08003988   0x0000000c   Code   RO         5116    i.USBD_CDC_SetRxBuffer  usbd_cdc.o
    0x08003994   0x08003994   0x00000010   Code   RO         5117    i.USBD_CDC_SetTxBuffer  usbd_cdc.o
    0x080039a4   0x080039a4   0x000000ae   Code   RO         5118    i.USBD_CDC_Setup    usbd_cdc.o
    0x08003a52   0x08003a52   0x00000036   Code   RO         5119    i.USBD_CDC_TransmitPacket  usbd_cdc.o
    0x08003a88   0x08003a88   0x0000000e   Code   RO         4842    i.USBD_ClrClassConfig  usbd_core.o
    0x08003a96   0x08003a96   0x00000010   Code   RO         5045    i.USBD_CtlContinueRx  usbd_ioreq.o
    0x08003aa6   0x08003aa6   0x00000010   Code   RO         5046    i.USBD_CtlContinueSendData  usbd_ioreq.o
    0x08003ab6   0x08003ab6   0x00000016   Code   RO         4980    i.USBD_CtlError     usbd_ctlreq.o
    0x08003acc   0x08003acc   0x0000001e   Code   RO         5047    i.USBD_CtlPrepareRx  usbd_ioreq.o
    0x08003aea   0x08003aea   0x00000016   Code   RO         5048    i.USBD_CtlReceiveStatus  usbd_ioreq.o
    0x08003b00   0x08003b00   0x0000001a   Code   RO         5049    i.USBD_CtlSendData  usbd_ioreq.o
    0x08003b1a   0x08003b1a   0x00000016   Code   RO         5050    i.USBD_CtlSendStatus  usbd_ioreq.o
    0x08003b30   0x08003b30   0x00000020   Code   RO          467    i.USBD_FS_ConfigStrDescriptor  usbd_desc.o
    0x08003b50   0x08003b50   0x0000000c   Code   RO          468    i.USBD_FS_DeviceDescriptor  usbd_desc.o
    0x08003b5c   0x08003b5c   0x00000024   Code   RO          469    i.USBD_FS_InterfaceStrDescriptor  usbd_desc.o
    0x08003b80   0x08003b80   0x0000000c   Code   RO          470    i.USBD_FS_LangIDStrDescriptor  usbd_desc.o
    0x08003b8c   0x08003b8c   0x00000028   Code   RO          471    i.USBD_FS_ManufacturerStrDescriptor  usbd_desc.o
    0x08003bb4   0x08003bb4   0x0000002c   Code   RO          472    i.USBD_FS_ProductStrDescriptor  usbd_desc.o
    0x08003be0   0x08003be0   0x0000003c   Code   RO          473    i.USBD_FS_SerialStrDescriptor  usbd_desc.o
    0x08003c1c   0x08003c1c   0x0000000c   Code   RO          474    i.USBD_FS_USR_BOSDescriptor  usbd_desc.o
    0x08003c28   0x08003c28   0x000000fe   Code   RO         4981    i.USBD_GetDescriptor  usbd_ctlreq.o
    0x08003d26   0x08003d26   0x0000004a   Code   RO         4982    i.USBD_GetString    usbd_ctlreq.o
    0x08003d70   0x08003d70   0x00000018   Code   RO          279    i.USBD_Get_USB_Status  usbd_conf.o
    0x08003d88   0x08003d88   0x0000002a   Code   RO         4844    i.USBD_Init         usbd_core.o
    0x08003db2   0x08003db2   0x00000012   Code   RO          280    i.USBD_LL_ClearStallEP  usbd_conf.o
    0x08003dc4   0x08003dc4   0x00000012   Code   RO          281    i.USBD_LL_CloseEP   usbd_conf.o
    0x08003dd6   0x08003dd6   0x000000c2   Code   RO         4845    i.USBD_LL_DataInStage  usbd_core.o
    0x08003e98   0x08003e98   0x00000082   Code   RO         4846    i.USBD_LL_DataOutStage  usbd_core.o
    0x08003f1a   0x08003f1a   0x00000004   Code   RO         4847    i.USBD_LL_DevConnected  usbd_core.o
    0x08003f1e   0x08003f1e   0x00000016   Code   RO         4848    i.USBD_LL_DevDisconnected  usbd_core.o
    0x08003f34   0x08003f34   0x00000008   Code   RO          285    i.USBD_LL_GetRxDataSize  usbd_conf.o
    0x08003f3c   0x08003f3c   0x00000060   Code   RO          286    i.USBD_LL_Init      usbd_conf.o
    0x08003f9c   0x08003f9c   0x00000020   Code   RO          287    i.USBD_LL_IsStallEP  usbd_conf.o
    0x08003fbc   0x08003fbc   0x00000004   Code   RO         4849    i.USBD_LL_IsoINIncomplete  usbd_core.o
    0x08003fc0   0x08003fc0   0x00000004   Code   RO         4850    i.USBD_LL_IsoOUTIncomplete  usbd_core.o
    0x08003fc4   0x08003fc4   0x00000018   Code   RO          288    i.USBD_LL_OpenEP    usbd_conf.o
    0x08003fdc   0x08003fdc   0x00000012   Code   RO          289    i.USBD_LL_PrepareReceive  usbd_conf.o
    0x08003fee   0x08003fee   0x00000050   Code   RO         4851    i.USBD_LL_Reset     usbd_core.o
    0x0800403e   0x0800403e   0x0000000c   Code   RO         4852    i.USBD_LL_Resume    usbd_core.o
    0x0800404a   0x0800404a   0x00000018   Code   RO         4853    i.USBD_LL_SOF       usbd_core.o
    0x08004062   0x08004062   0x00000006   Code   RO         4854    i.USBD_LL_SetSpeed  usbd_core.o
    0x08004068   0x08004068   0x00000012   Code   RO          290    i.USBD_LL_SetUSBAddress  usbd_conf.o
    0x0800407a   0x0800407a   0x00000056   Code   RO         4855    i.USBD_LL_SetupStage  usbd_core.o
    0x080040d0   0x080040d0   0x00000012   Code   RO          291    i.USBD_LL_StallEP   usbd_conf.o
    0x080040e2   0x080040e2   0x00000012   Code   RO          292    i.USBD_LL_Start     usbd_conf.o
    0x080040f4   0x080040f4   0x00000012   Code   RO         4856    i.USBD_LL_Suspend   usbd_core.o
    0x08004106   0x08004106   0x00000012   Code   RO          294    i.USBD_LL_Transmit  usbd_conf.o
    0x08004118   0x08004118   0x00000028   Code   RO         4983    i.USBD_ParseSetupRequest  usbd_ctlreq.o
    0x08004140   0x08004140   0x00000012   Code   RO         4857    i.USBD_RegisterClass  usbd_core.o
    0x08004152   0x08004152   0x00000016   Code   RO         4859    i.USBD_SetClassConfig  usbd_core.o
    0x08004168   0x08004168   0x00000088   Code   RO         4984    i.USBD_SetConfig    usbd_ctlreq.o
    0x080041f0   0x080041f0   0x0000000a   Code   RO         4860    i.USBD_Start        usbd_core.o
    0x080041fa   0x080041fa   0x00000114   Code   RO         4985    i.USBD_StdDevReq    usbd_ctlreq.o
    0x0800430e   0x0800430e   0x00000150   Code   RO         4986    i.USBD_StdEPReq     usbd_ctlreq.o
    0x0800445e   0x0800445e   0x0000004e   Code   RO         4987    i.USBD_StdItfReq    usbd_ctlreq.o
    0x080044ac   0x080044ac   0x00000080   Code   RO         1051    i.USB_ActivateEndpoint  stm32f7xx_ll_usb.o
    0x0800452c   0x0800452c   0x00000034   Code   RO         1053    i.USB_ActivateSetup  stm32f7xx_ll_usb.o
    0x08004560   0x08004560   0x0000006c   Code   RO         1055    i.USB_CoreInit      stm32f7xx_ll_usb.o
    0x080045cc   0x080045cc   0x00000038   Code   RO         1056    i.USB_CoreReset     stm32f7xx_ll_usb.o
    0x08004604   0x08004604   0x00000080   Code   RO         1059    i.USB_DeactivateEndpoint  stm32f7xx_ll_usb.o
    0x08004684   0x08004684   0x00000018   Code   RO         1060    i.USB_DevConnect    stm32f7xx_ll_usb.o
    0x0800469c   0x0800469c   0x00000018   Code   RO         1061    i.USB_DevDisconnect  stm32f7xx_ll_usb.o
    0x080046b4   0x080046b4   0x00000194   Code   RO         1062    i.USB_DevInit       stm32f7xx_ll_usb.o
    0x08004848   0x08004848   0x0000000c   Code   RO         1063    i.USB_DisableGlobalInt  stm32f7xx_ll_usb.o
    0x08004854   0x08004854   0x00000110   Code   RO         1066    i.USB_EP0StartXfer  stm32f7xx_ll_usb.o
    0x08004964   0x08004964   0x00000058   Code   RO         1067    i.USB_EP0_OutStart  stm32f7xx_ll_usb.o
    0x080049bc   0x080049bc   0x00000058   Code   RO         1068    i.USB_EPClearStall  stm32f7xx_ll_usb.o
    0x08004a14   0x08004a14   0x00000058   Code   RO         1069    i.USB_EPSetStall    stm32f7xx_ll_usb.o
    0x08004a6c   0x08004a6c   0x000001c8   Code   RO         1070    i.USB_EPStartXfer   stm32f7xx_ll_usb.o
    0x08004c34   0x08004c34   0x0000000c   Code   RO         1071    i.USB_EnableGlobalInt  stm32f7xx_ll_usb.o
    0x08004c40   0x08004c40   0x00000020   Code   RO         1072    i.USB_FlushRxFifo   stm32f7xx_ll_usb.o
    0x08004c60   0x08004c60   0x00000024   Code   RO         1073    i.USB_FlushTxFifo   stm32f7xx_ll_usb.o
    0x08004c84   0x08004c84   0x0000001a   Code   RO         1075    i.USB_GetDevSpeed   stm32f7xx_ll_usb.o
    0x08004c9e   0x08004c9e   0x00000008   Code   RO         1077    i.USB_GetMode       stm32f7xx_ll_usb.o
    0x08004ca6   0x08004ca6   0x0000000e   Code   RO         1084    i.USB_ReadDevAllInEpInterrupt  stm32f7xx_ll_usb.o
    0x08004cb4   0x08004cb4   0x0000000e   Code   RO         1085    i.USB_ReadDevAllOutEpInterrupt  stm32f7xx_ll_usb.o
    0x08004cc2   0x08004cc2   0x00000024   Code   RO         1086    i.USB_ReadDevInEPInterrupt  stm32f7xx_ll_usb.o
    0x08004ce6   0x08004ce6   0x00000010   Code   RO         1087    i.USB_ReadDevOutEPInterrupt  stm32f7xx_ll_usb.o
    0x08004cf6   0x08004cf6   0x00000008   Code   RO         1088    i.USB_ReadInterrupts  stm32f7xx_ll_usb.o
    0x08004cfe   0x08004cfe   0x0000001c   Code   RO         1089    i.USB_ReadPacket    stm32f7xx_ll_usb.o
    0x08004d1a   0x08004d1a   0x0000002e   Code   RO         1091    i.USB_SetCurrentMode  stm32f7xx_ll_usb.o
    0x08004d48   0x08004d48   0x00000022   Code   RO         1092    i.USB_SetDevAddress  stm32f7xx_ll_usb.o
    0x08004d6a   0x08004d6a   0x00000002   PAD
    0x08004d6c   0x08004d6c   0x000000e8   Code   RO         1094    i.USB_SetTurnaroundTime  stm32f7xx_ll_usb.o
    0x08004e54   0x08004e54   0x00000024   Code   RO         1097    i.USB_WritePacket   stm32f7xx_ll_usb.o
    0x08004e78   0x08004e78   0x00000002   Code   RO          620    i.UsageFault_Handler  stm32f7xx_it.o
    0x08004e7a   0x08004e7a   0x00000022   Code   RO         1643    i.__NVIC_SetPriority  stm32f7xx_hal_cortex.o
    0x08004e9c   0x08004e9c   0x0000000e   Code   RO         5271    i.__scatterload_copy  mc_w.l(handlers.o)
    0x08004eaa   0x08004eaa   0x00000002   Code   RO         5272    i.__scatterload_null  mc_w.l(handlers.o)
    0x08004eac   0x08004eac   0x0000000e   Code   RO         5273    i.__scatterload_zeroinit  mc_w.l(handlers.o)
    0x08004eba   0x08004eba   0x00000002   PAD
    0x08004ebc   0x08004ebc   0x00000050   Code   RO         5219    i.free              mc_w.l(malloc.o)
    0x08004f0c   0x08004f0c   0x000000a0   Code   RO           20    i.main              main.o
    0x08004fac   0x08004fac   0x0000006c   Code   RO         5220    i.malloc            mc_w.l(malloc.o)
    0x08005018   0x08005018   0x00000010   Data   RO         4806    .constdata          system_stm32f7xx.o
    0x08005028   0x08005028   0x00000008   Data   RO         4807    .constdata          system_stm32f7xx.o
    0x08005030   0x08005030   0x00000020   Data   RO         5269    Region$$Table       anon$$obj.o


    Execution Region RW_IRAM1 (Exec base: 0x20000000, Load base: 0x08005050, Size: 0x00007bd0, Max: 0x00080000, ABSOLUTE, COMPRESSED[0x000000d0])

    Exec Addr    Load Addr    Size         Type   Attr      Idx    E Section Name        Object

    0x20000000   COMPRESSED   0x00000020   Data   RW          476    .data               usbd_desc.o
    0x20000020   COMPRESSED   0x0000003e   Data   RW          477    .data               usbd_desc.o
    0x2000005e   COMPRESSED   0x00000002   PAD
    0x20000060   COMPRESSED   0x00000010   Data   RW          564    .data               usbd_cdc_if.o
    0x20000070   COMPRESSED   0x0000000c   Data   RW         4054    .data               stm32f7xx_hal.o
    0x2000007c   COMPRESSED   0x00000004   Data   RW         4808    .data               system_stm32f7xx.o
    0x20000080   COMPRESSED   0x00000001   Data   RW         4988    .data               usbd_ctlreq.o
    0x20000081   COMPRESSED   0x00000003   PAD
    0x20000084   COMPRESSED   0x000000d7   Data   RW         5120    .data               usbd_cdc.o
    0x2000015b   COMPRESSED   0x00000001   PAD
    0x2000015c   COMPRESSED   0x00000038   Data   RW         5121    .data               usbd_cdc.o
    0x20000194   COMPRESSED   0x00000004   Data   RW         5265    .data               mc_w.l(mvars.o)
    0x20000198   COMPRESSED   0x00000004   Data   RW         5266    .data               mc_w.l(mvars.o)
    0x2000019c        -       0x00000190   Zero   RW           21    .bss                main.o
    0x2000032c        -       0x0000029c   Zero   RW          235    .bss                usb_device.o
    0x200005c8        -       0x00000404   Zero   RW          295    .bss                usbd_conf.o
    0x200009cc        -       0x00000200   Zero   RW          475    .bss                usbd_desc.o
    0x20000bcc        -       0x00001000   Zero   RW          563    .bss                usbd_cdc_if.o
    0x20001bcc   COMPRESSED   0x00000004   PAD
    0x20001bd0        -       0x00002000   Zero   RW            2    HEAP                startup_stm32f767xx.o
    0x20003bd0        -       0x00004000   Zero   RW            1    STACK               startup_stm32f767xx.o


==============================================================================

Image component sizes


      Code (inc. data)   RO Data    RW Data    ZI Data      Debug   Object Name

       954        108          0          0        400     930840   main.o
        36          8        504          0      24576        852   startup_stm32f767xx.o
       150         24          0         12          0       9317   stm32f7xx_hal.o
       752         32          0          0          0       2931   stm32f7xx_hal_adc.o
       198         12          0          0          0      39095   stm32f7xx_hal_cortex.o
      1044         66          0          0          0       5416   stm32f7xx_hal_eth.o
       482         54          0          0          0       2624   stm32f7xx_hal_gpio.o
       640         82          0          0          0       4574   stm32f7xx_hal_msp.o
      2426         16          0          0          0      13349   stm32f7xx_hal_pcd.o
       118          6          0          0          0       2568   stm32f7xx_hal_pcd_ex.o
        16          4          0          0          0        563   stm32f7xx_hal_pwr.o
      1300         70          0          0          0       5716   stm32f7xx_hal_rcc.o
      1340         22          0          0          0       2360   stm32f7xx_hal_rcc_ex.o
      2096        146          0          0          0      19142   stm32f7xx_hal_tim.o
       102          8          0          0          0       3140   stm32f7xx_hal_tim_ex.o
      1054         70          0          0          0       5117   stm32f7xx_hal_uart.o
        44         12          0          0          0       5226   stm32f7xx_it.o
      2506        138          0          0          0      23251   stm32f7xx_ll_usb.o
        84         16         24          4          0       1275   system_stm32f7xx.o
        84         18          0          0        668        820   usb_device.o
       736         16          0        271          0      13822   usbd_cdc.o
       112         22          0         16       4096       3436   usbd_cdc_if.o
       754         24          0          0       1028      16165   usbd_conf.o
       690          0          0          0          0      12605   usbd_core.o
      1216         22          0          1          0       8364   usbd_ctlreq.o
       304        110          0         94        512       6769   usbd_desc.o
       132          0          0          0          0       4656   usbd_ioreq.o

    ----------------------------------------------------------------------
     19404       1106        560        404      31284    1143993   Object Totals
         0          0         32          0          0          0   (incl. Generated)
        34          0          0          6          4          0   (incl. Padding)

    ----------------------------------------------------------------------

      Code (inc. data)   RO Data    RW Data    ZI Data      Debug   Library Member Name

        86          0          0          0          0          0   __dczerorl2.o
         0          0          0          0          0          0   entry.o
         0          0          0          0          0          0   entry10a.o
         0          0          0          0          0          0   entry11a.o
         8          4          0          0          0          0   entry2.o
         4          0          0          0          0          0   entry5.o
         0          0          0          0          0          0   entry7b.o
         0          0          0          0          0          0   entry8b.o
         8          4          0          0          0          0   entry9a.o
        30          0          0          0          0          0   handlers.o
        36          8          0          0          0         68   init.o
        30          0          0          0          0         68   llshl.o
        32          0          0          0          0         68   llushr.o
       188         20          0          0          0        160   malloc.o
        36          0          0          0          0         68   memcpya.o
        36          0          0          0          0        108   memseta.o
         0          0          0          8          0          0   mvars.o
        98          0          0          0          0         92   uldiv.o

    ----------------------------------------------------------------------
       596         36          0          8          0        632   Library Totals
         4          0          0          0          0          0   (incl. Padding)

    ----------------------------------------------------------------------

      Code (inc. data)   RO Data    RW Data    ZI Data      Debug   Library Name

       592         36          0          8          0        632   mc_w.l

    ----------------------------------------------------------------------
       596         36          0          8          0        632   Library Totals

    ----------------------------------------------------------------------

==============================================================================


      Code (inc. data)   RO Data    RW Data    ZI Data      Debug   

     20000       1142        560        412      31284    1123649   Grand Totals
     20000       1142        560        208      31284    1123649   ELF Image Totals (compressed)
     20000       1142        560        208          0          0   ROM Totals

==============================================================================

    Total RO  Size (Code + RO Data)                20560 (  20.08kB)
    Total RW  Size (RW Data + ZI Data)             31696 (  30.95kB)
    Total ROM Size (Code + RO Data + RW Data)      20768 (  20.28kB)

==============================================================================

